OpenJDK 64-Bit Server VM (25.275-b01) for linux-amd64 JRE (1.8.0_275-b01), built on Dec 16 2020 17:02:34 by "mockbuild" with gcc 4.8.5 20150623 (Red Hat 4.8.5-44)
Memory: 4k page, physical 16247608k(13022684k free), swap 2097148k(2097148k free)
CommandLine flags: -XX:GCLogFileSize=104857600 -XX:InitialHeapSize=67108864 -XX:MaxHeapSize=67108864 -XX:MaxNewSize=16777216 -XX:NewSize=16777216 -XX:NumberOfGCLogFiles=10 -XX:+PrintGC -XX:+PrintGCDateStamps -XX:+PrintGCDetails -XX:+PrintGCTimeStamps -XX:+UseCompressedClassPointers -XX:+UseCompressedOops -XX:+UseGCLogFileRotation -XX:+UseParallelGC 
2021-03-14T18:16:43.524+0800: 0.176: [GC (Allocation Failure) [PSYoungGen: 12288K->2017K(14336K)] 12288K->2097K(63488K), 0.0033828 secs] [Times: user=0.01 sys=0.01, real=0.00 secs] 
2021-03-14T18:16:43.585+0800: 0.237: [GC (Allocation Failure) [PSYoungGen: 14305K->2016K(14336K)] 14385K->2519K(63488K), 0.0025442 secs] [Times: user=0.01 sys=0.01, real=0.00 secs] 
2021-03-14T18:16:43.628+0800: 0.280: [GC (Allocation Failure) [PSYoungGen: 14304K->2048K(14336K)] 14807K->2967K(63488K), 0.0071088 secs] [Times: user=0.04 sys=0.01, real=0.01 secs] 
2021-03-14T18:16:43.672+0800: 0.324: [GC (Allocation Failure) [PSYoungGen: 14336K->2033K(14336K)] 15255K->3493K(63488K), 0.0037959 secs] [Times: user=0.02 sys=0.00, real=0.00 secs] 
2021-03-14T18:16:43.722+0800: 0.373: [GC (Allocation Failure) [PSYoungGen: 14321K->2021K(14336K)] 15781K->4192K(63488K), 0.0074922 secs] [Times: user=0.03 sys=0.00, real=0.01 secs] 
2021-03-14T18:16:43.773+0800: 0.425: [GC (Allocation Failure) [PSYoungGen: 14309K->2048K(12288K)] 16480K->4899K(61440K), 0.0090067 secs] [Times: user=0.05 sys=0.00, real=0.01 secs] 
2021-03-14T18:16:43.809+0800: 0.461: [GC (Allocation Failure) [PSYoungGen: 12288K->1152K(11776K)] 15139K->5384K(60928K), 0.0036430 secs] [Times: user=0.02 sys=0.00, real=0.00 secs] 
2021-03-14T18:16:43.831+0800: 0.483: [GC (Allocation Failure) [PSYoungGen: 11392K->1152K(12800K)] 15624K->5606K(61952K), 0.0027106 secs] [Times: user=0.01 sys=0.01, real=0.00 secs] 
2021-03-14T18:16:43.849+0800: 0.501: [GC (Allocation Failure) [PSYoungGen: 10368K->672K(12800K)] 14822K->5508K(61952K), 0.0023272 secs] [Times: user=0.00 sys=0.00, real=0.00 secs] 
2021-03-14T18:16:43.871+0800: 0.523: [GC (Allocation Failure) [PSYoungGen: 9888K->608K(12800K)] 14724K->5644K(61952K), 0.0019791 secs] [Times: user=0.01 sys=0.00, real=0.00 secs] 
2021-03-14T18:16:43.895+0800: 0.546: [GC (Allocation Failure) [PSYoungGen: 9824K->384K(9728K)] 14860K->5596K(58880K), 0.0019305 secs] [Times: user=0.01 sys=0.00, real=0.00 secs] 
2021-03-14T18:16:43.911+0800: 0.562: [GC (Allocation Failure) [PSYoungGen: 9600K->480K(12288K)] 14812K->5868K(61440K), 0.0017788 secs] [Times: user=0.01 sys=0.00, real=0.00 secs] 
2021-03-14T18:16:43.926+0800: 0.577: [GC (Allocation Failure) [PSYoungGen: 8672K->512K(12288K)] 14060K->6108K(61440K), 0.0016704 secs] [Times: user=0.00 sys=0.00, real=0.00 secs] 
2021-03-14T18:16:43.941+0800: 0.593: [GC (Allocation Failure) [PSYoungGen: 8704K->288K(12288K)] 14300K->5996K(61440K), 0.0020625 secs] [Times: user=0.01 sys=0.00, real=0.00 secs] 
2021-03-14T18:16:43.956+0800: 0.607: [GC (Allocation Failure) [PSYoungGen: 8480K->320K(12288K)] 14188K->6164K(61440K), 0.0018047 secs] [Times: user=0.01 sys=0.00, real=0.00 secs] 
2021-03-14T18:16:43.967+0800: 0.619: [GC (Allocation Failure) [PSYoungGen: 8512K->448K(12800K)] 14356K->6452K(61952K), 0.0016360 secs] [Times: user=0.01 sys=0.00, real=0.01 secs] 
2021-03-14T18:16:43.983+0800: 0.635: [GC (Allocation Failure) [PSYoungGen: 9152K->384K(12288K)] 15156K->6513K(61440K), 0.0038074 secs] [Times: user=0.02 sys=0.00, real=0.00 secs] 
2021-03-14T18:16:44.001+0800: 0.652: [GC (Allocation Failure) [PSYoungGen: 9088K->416K(12800K)] 15217K->6681K(61952K), 0.0022225 secs] [Times: user=0.01 sys=0.00, real=0.00 secs] 
2021-03-14T18:16:44.015+0800: 0.667: [GC (Allocation Failure) [PSYoungGen: 9632K->448K(12800K)] 15897K->6833K(61952K), 0.0018287 secs] [Times: user=0.01 sys=0.00, real=0.00 secs] 
2021-03-14T18:16:44.024+0800: 0.675: [GC (Allocation Failure) [PSYoungGen: 9664K->320K(13312K)] 16049K->6857K(62464K), 0.0016717 secs] [Times: user=0.01 sys=0.00, real=0.00 secs] 
2021-03-14T18:16:44.034+0800: 0.685: [GC (Allocation Failure) [PSYoungGen: 10048K->288K(12800K)] 16585K->6913K(61952K), 0.0017374 secs] [Times: user=0.00 sys=0.01, real=0.00 secs] 
2021-03-14T18:16:44.047+0800: 0.699: [GC (Allocation Failure) [PSYoungGen: 10016K->608K(13312K)] 16641K->7329K(62464K), 0.0019835 secs] [Times: user=0.01 sys=0.00, real=0.01 secs] 
2021-03-14T18:16:44.072+0800: 0.723: [GC (Allocation Failure) [PSYoungGen: 10848K->672K(13312K)] 17569K->7537K(62464K), 0.0030588 secs] [Times: user=0.02 sys=0.00, real=0.00 secs] 
2021-03-14T18:16:44.088+0800: 0.740: [GC (Allocation Failure) [PSYoungGen: 10912K->480K(13824K)] 17777K->7609K(62976K), 0.0087331 secs] [Times: user=0.04 sys=0.01, real=0.01 secs] 
2021-03-14T18:16:44.125+0800: 0.777: [GC (Allocation Failure) [PSYoungGen: 11232K->704K(13312K)] 18361K->8001K(62464K), 0.0026250 secs] [Times: user=0.01 sys=0.00, real=0.00 secs] 
2021-03-14T18:16:44.146+0800: 0.797: [GC (Allocation Failure) [PSYoungGen: 11456K->544K(13824K)] 18753K->8241K(62976K), 0.0025291 secs] [Times: user=0.01 sys=0.00, real=0.00 secs] 
2021-03-14T18:16:44.165+0800: 0.816: [GC (Allocation Failure) [PSYoungGen: 11808K->928K(13824K)] 19505K->8809K(62976K), 0.0026837 secs] [Times: user=0.01 sys=0.00, real=0.00 secs] 
2021-03-14T18:16:44.184+0800: 0.836: [GC (Allocation Failure) [PSYoungGen: 12192K->800K(14336K)] 20073K->8811K(63488K), 0.0041075 secs] [Times: user=0.02 sys=0.00, real=0.00 secs] 
2021-03-14T18:16:44.204+0800: 0.855: [GC (Allocation Failure) [PSYoungGen: 12576K->576K(13824K)] 20587K->8723K(62976K), 0.0024639 secs] [Times: user=0.01 sys=0.00, real=0.00 secs] 
2021-03-14T18:16:44.216+0800: 0.868: [GC (Allocation Failure) [PSYoungGen: 12352K->352K(14336K)] 20499K->8728K(63488K), 0.0027416 secs] [Times: user=0.01 sys=0.00, real=0.01 secs] 
2021-03-14T18:16:44.234+0800: 0.886: [GC (Allocation Failure) [PSYoungGen: 12640K->416K(14336K)] 21016K->8880K(63488K), 0.0023654 secs] [Times: user=0.01 sys=0.00, real=0.00 secs] 
2021-03-14T18:16:44.250+0800: 0.902: [GC (Allocation Failure) [PSYoungGen: 12704K->384K(14336K)] 21168K->8980K(63488K), 0.0018373 secs] [Times: user=0.01 sys=0.00, real=0.00 secs] 
2021-03-14T18:16:44.260+0800: 0.912: [GC (Allocation Failure) [PSYoungGen: 12672K->224K(14336K)] 21268K->8944K(63488K), 0.0015479 secs] [Times: user=0.00 sys=0.01, real=0.00 secs] 
2021-03-14T18:16:44.272+0800: 0.924: [GC (Allocation Failure) [PSYoungGen: 12512K->256K(14336K)] 21232K->9064K(63488K), 0.0012723 secs] [Times: user=0.00 sys=0.00, real=0.00 secs] 
2021-03-14T18:16:44.283+0800: 0.935: [GC (Allocation Failure) [PSYoungGen: 12544K->352K(14336K)] 21352K->9296K(63488K), 0.0014519 secs] [Times: user=0.00 sys=0.00, real=0.00 secs] 
2021-03-14T18:16:44.294+0800: 0.945: [GC (Allocation Failure) [PSYoungGen: 12640K->256K(14848K)] 21584K->9256K(64000K), 0.0010346 secs] [Times: user=0.00 sys=0.00, real=0.00 secs] 
2021-03-14T18:16:44.301+0800: 0.953: [GC (Allocation Failure) [PSYoungGen: 13056K->303K(14336K)] 22056K->9367K(63488K), 0.0018242 secs] [Times: user=0.01 sys=0.00, real=0.00 secs] 
2021-03-14T18:16:44.314+0800: 0.966: [GC (Allocation Failure) [PSYoungGen: 13103K->256K(14848K)] 22167K->9408K(64000K), 0.0011843 secs] [Times: user=0.01 sys=0.00, real=0.00 secs] 
2021-03-14T18:16:44.319+0800: 0.971: [GC (Metadata GC Threshold) [PSYoungGen: 5811K->224K(14848K)] 14964K->9472K(64000K), 0.0014960 secs] [Times: user=0.01 sys=0.00, real=0.00 secs] 
2021-03-14T18:16:44.321+0800: 0.972: [Full GC (Metadata GC Threshold) [PSYoungGen: 224K->0K(14848K)] [ParOldGen: 9248K->5826K(49152K)] 9472K->5826K(64000K), [Metaspace: 20740K->20738K(1069056K)], 0.0247325 secs] [Times: user=0.06 sys=0.06, real=0.02 secs] 
2021-03-14T18:16:44.352+0800: 1.003: [GC (Allocation Failure) [PSYoungGen: 13312K->224K(14848K)] 19138K->6050K(64000K), 0.0020166 secs] [Times: user=0.01 sys=0.00, real=0.00 secs] 
2021-03-14T18:16:44.359+0800: 1.010: [GC (Allocation Failure) [PSYoungGen: 13536K->224K(14848K)] 19362K->6130K(64000K), 0.0013125 secs] [Times: user=0.00 sys=0.01, real=0.00 secs] 
2021-03-14T18:16:44.373+0800: 1.024: [GC (Allocation Failure) [PSYoungGen: 13536K->448K(14848K)] 19442K->6450K(64000K), 0.0032128 secs] [Times: user=0.02 sys=0.00, real=0.00 secs] 
2021-03-14T18:16:44.394+0800: 1.045: [GC (Allocation Failure) [PSYoungGen: 13760K->672K(14848K)] 19762K->6946K(64000K), 0.0019025 secs] [Times: user=0.01 sys=0.00, real=0.00 secs] 
2021-03-14T18:16:44.408+0800: 1.060: [GC (Allocation Failure) [PSYoungGen: 13984K->500K(14848K)] 20258K->6967K(64000K), 0.0017133 secs] [Times: user=0.01 sys=0.01, real=0.00 secs] 
2021-03-14T18:16:44.422+0800: 1.074: [GC (Allocation Failure) [PSYoungGen: 13812K->768K(14848K)] 20279K->7346K(64000K), 0.0021409 secs] [Times: user=0.00 sys=0.00, real=0.00 secs] 
2021-03-14T18:16:44.443+0800: 1.095: [GC (Allocation Failure) [PSYoungGen: 14080K->704K(14848K)] 20658K->7415K(64000K), 0.0019796 secs] [Times: user=0.01 sys=0.01, real=0.00 secs] 
2021-03-14T18:16:44.473+0800: 1.125: [GC (Allocation Failure) [PSYoungGen: 14016K->1088K(14848K)] 20727K->7993K(64000K), 0.0031408 secs] [Times: user=0.01 sys=0.00, real=0.00 secs] 
2021-03-14T18:16:44.503+0800: 1.155: [GC (Allocation Failure) [PSYoungGen: 14400K->806K(14848K)] 21305K->7927K(64000K), 0.0024354 secs] [Times: user=0.01 sys=0.00, real=0.00 secs] 
2021-03-14T18:16:44.527+0800: 1.179: [GC (Allocation Failure) [PSYoungGen: 14118K->912K(14848K)] 21239K->8249K(64000K), 0.0069520 secs] [Times: user=0.03 sys=0.00, real=0.01 secs] 
2021-03-14T18:16:44.561+0800: 1.213: [GC (Allocation Failure) [PSYoungGen: 14224K->928K(14848K)] 21561K->8489K(64000K), 0.0023595 secs] [Times: user=0.01 sys=0.00, real=0.00 secs] 
2021-03-14T18:16:44.584+0800: 1.236: [GC (Allocation Failure) [PSYoungGen: 14240K->608K(14848K)] 21801K->8585K(64000K), 0.0027434 secs] [Times: user=0.01 sys=0.00, real=0.00 secs] 
2021-03-14T18:16:44.611+0800: 1.262: [GC (Allocation Failure) [PSYoungGen: 13920K->288K(14848K)] 21897K->8481K(64000K), 0.0039046 secs] [Times: user=0.02 sys=0.00, real=0.00 secs] 
2021-03-14T18:16:44.645+0800: 1.297: [GC (Allocation Failure) [PSYoungGen: 13600K->416K(14848K)] 21793K->8729K(64000K), 0.0026635 secs] [Times: user=0.01 sys=0.00, real=0.00 secs] 
2021-03-14T18:16:44.679+0800: 1.331: [GC (Allocation Failure) [PSYoungGen: 13728K->512K(14848K)] 22041K->8985K(64000K), 0.0024135 secs] [Times: user=0.01 sys=0.00, real=0.00 secs] 
2021-03-14T18:16:44.740+0800: 1.392: [GC (Allocation Failure) [PSYoungGen: 13769K->1216K(14848K)] 22242K->10193K(64000K), 0.0024761 secs] [Times: user=0.00 sys=0.00, real=0.00 secs] 
2021-03-14T18:16:44.778+0800: 1.430: [GC (Allocation Failure) [PSYoungGen: 14528K->736K(14848K)] 23505K->10289K(64000K), 0.0025755 secs] [Times: user=0.01 sys=0.00, real=0.01 secs] 
2021-03-14T18:16:44.810+0800: 1.462: [GC (Allocation Failure) [PSYoungGen: 14048K->866K(14848K)] 23601K->10840K(64000K), 0.0023075 secs] [Times: user=0.01 sys=0.00, real=0.00 secs] 
2021-03-14T18:16:44.842+0800: 1.493: [GC (Allocation Failure) [PSYoungGen: 14178K->1024K(14848K)] 24152K->11397K(64000K), 0.0029092 secs] [Times: user=0.01 sys=0.00, real=0.00 secs] 
2021-03-14T18:16:44.872+0800: 1.523: [GC (Allocation Failure) [PSYoungGen: 14336K->640K(14848K)] 24709K->11581K(64000K), 0.0025754 secs] [Times: user=0.01 sys=0.00, real=0.00 secs] 
2021-03-14T18:16:44.889+0800: 1.540: [GC (Allocation Failure) [PSYoungGen: 13952K->448K(14848K)] 24893K->11725K(64000K), 0.0022562 secs] [Times: user=0.01 sys=0.01, real=0.00 secs] 
2021-03-14T18:16:44.925+0800: 1.576: [GC (Allocation Failure) [PSYoungGen: 13760K->1184K(14848K)] 25037K->12621K(64000K), 0.0027154 secs] [Times: user=0.01 sys=0.00, real=0.00 secs] 
2021-03-14T18:16:44.957+0800: 1.609: [GC (Allocation Failure) [PSYoungGen: 14496K->1088K(13824K)] 25933K->12861K(62976K), 0.0029076 secs] [Times: user=0.00 sys=0.00, real=0.01 secs] 
2021-03-14T18:16:44.981+0800: 1.633: [GC (Allocation Failure) [PSYoungGen: 13376K->576K(14336K)] 25149K->12521K(63488K), 0.0025049 secs] [Times: user=0.02 sys=0.01, real=0.00 secs] 
2021-03-14T18:16:45.002+0800: 1.653: [GC (Allocation Failure) [PSYoungGen: 12864K->416K(14848K)] 24809K->12769K(64000K), 0.0029139 secs] [Times: user=0.01 sys=0.01, real=0.00 secs] 
2021-03-14T18:16:45.020+0800: 1.672: [GC (Allocation Failure) [PSYoungGen: 13728K->576K(14848K)] 26081K->13041K(64000K), 0.0020665 secs] [Times: user=0.01 sys=0.00, real=0.00 secs] 
2021-03-14T18:16:45.054+0800: 1.705: [GC (Allocation Failure) [PSYoungGen: 13888K->928K(14848K)] 26353K->13721K(64000K), 0.0030219 secs] [Times: user=0.02 sys=0.00, real=0.00 secs] 
2021-03-14T18:16:45.073+0800: 1.725: [GC (Allocation Failure) [PSYoungGen: 14240K->1088K(14848K)] 27033K->14533K(64000K), 0.0029452 secs] [Times: user=0.01 sys=0.00, real=0.00 secs] 
2021-03-14T18:16:45.089+0800: 1.740: [GC (Allocation Failure) [PSYoungGen: 14400K->1536K(13824K)] 27845K->15589K(62976K), 0.0038329 secs] [Times: user=0.01 sys=0.00, real=0.00 secs] 
2021-03-14T18:16:45.104+0800: 1.756: [GC (Allocation Failure) [PSYoungGen: 13824K->1792K(14336K)] 27877K->15901K(63488K), 0.0030866 secs] [Times: user=0.00 sys=0.01, real=0.00 secs] 
2021-03-14T18:16:45.116+0800: 1.768: [GC (Allocation Failure) [PSYoungGen: 14080K->1856K(13312K)] 28189K->16045K(62464K), 0.0032761 secs] [Times: user=0.01 sys=0.00, real=0.01 secs] 
2021-03-14T18:16:45.129+0800: 1.780: [GC (Allocation Failure) [PSYoungGen: 13120K->1440K(13824K)] 27309K->15693K(62976K), 0.0031488 secs] [Times: user=0.01 sys=0.00, real=0.00 secs] 
2021-03-14T18:16:45.149+0800: 1.800: [GC (Allocation Failure) [PSYoungGen: 12704K->1216K(13824K)] 26957K->15525K(62976K), 0.0028703 secs] [Times: user=0.01 sys=0.00, real=0.00 secs] 
2021-03-14T18:16:45.164+0800: 1.815: [GC (Allocation Failure) [PSYoungGen: 12480K->1536K(13824K)] 26789K->15957K(62976K), 0.0033533 secs] [Times: user=0.02 sys=0.00, real=0.00 secs] 
2021-03-14T18:16:45.177+0800: 1.828: [GC (Allocation Failure) [PSYoungGen: 12800K->1632K(13824K)] 27221K->16101K(62976K), 0.0030831 secs] [Times: user=0.00 sys=0.00, real=0.01 secs] 
2021-03-14T18:16:45.190+0800: 1.841: [GC (Allocation Failure) [PSYoungGen: 12896K->1760K(13824K)] 27365K->16245K(62976K), 0.0035481 secs] [Times: user=0.01 sys=0.00, real=0.00 secs] 
2021-03-14T18:16:45.207+0800: 1.859: [GC (Allocation Failure) [PSYoungGen: 13024K->1728K(13824K)] 27509K->16229K(62976K), 0.0040109 secs] [Times: user=0.01 sys=0.00, real=0.01 secs] 
2021-03-14T18:16:45.227+0800: 1.879: [GC (Allocation Failure) [PSYoungGen: 12992K->1664K(13824K)] 27493K->16181K(62976K), 0.0038087 secs] [Times: user=0.02 sys=0.01, real=0.01 secs] 
2021-03-14T18:16:45.241+0800: 1.892: [GC (Allocation Failure) [PSYoungGen: 12928K->1696K(13824K)] 27445K->16253K(62976K), 0.0034906 secs] [Times: user=0.01 sys=0.00, real=0.00 secs] 
2021-03-14T18:16:45.252+0800: 1.904: [GC (Allocation Failure) [PSYoungGen: 12960K->1696K(13824K)] 27517K->16269K(62976K), 0.0030511 secs] [Times: user=0.01 sys=0.00, real=0.00 secs] 
2021-03-14T18:16:45.265+0800: 1.916: [GC (Allocation Failure) [PSYoungGen: 12960K->1696K(13824K)] 27533K->16285K(62976K), 0.0031851 secs] [Times: user=0.01 sys=0.00, real=0.00 secs] 
2021-03-14T18:16:45.284+0800: 1.936: [GC (Allocation Failure) [PSYoungGen: 12960K->1600K(13824K)] 27549K->16205K(62976K), 0.0030361 secs] [Times: user=0.01 sys=0.00, real=0.00 secs] 
2021-03-14T18:16:45.296+0800: 1.947: [GC (Allocation Failure) [PSYoungGen: 12864K->1728K(13824K)] 27469K->16365K(62976K), 0.0032645 secs] [Times: user=0.01 sys=0.00, real=0.01 secs] 
2021-03-14T18:16:45.308+0800: 1.959: [GC (Allocation Failure) [PSYoungGen: 12992K->1664K(13824K)] 27629K->16333K(62976K), 0.0035598 secs] [Times: user=0.01 sys=0.00, real=0.01 secs] 
2021-03-14T18:16:45.320+0800: 1.972: [GC (Allocation Failure) [PSYoungGen: 12928K->1728K(13824K)] 27597K->16413K(62976K), 0.0028563 secs] [Times: user=0.00 sys=0.00, real=0.00 secs] 
2021-03-14T18:16:45.336+0800: 1.987: [GC (Allocation Failure) [PSYoungGen: 12992K->1632K(13824K)] 27677K->16333K(62976K), 0.0029330 secs] [Times: user=0.00 sys=0.00, real=0.01 secs] 
2021-03-14T18:16:45.353+0800: 2.004: [GC (Allocation Failure) [PSYoungGen: 12896K->1696K(13824K)] 27597K->16421K(62976K), 0.0031487 secs] [Times: user=0.01 sys=0.00, real=0.00 secs] 
2021-03-14T18:16:45.366+0800: 2.017: [GC (Allocation Failure) [PSYoungGen: 12960K->1696K(13824K)] 27685K->16445K(62976K), 0.0028755 secs] [Times: user=0.01 sys=0.00, real=0.01 secs] 
2021-03-14T18:16:45.378+0800: 2.030: [GC (Allocation Failure) [PSYoungGen: 12960K->1632K(13824K)] 27709K->16389K(62976K), 0.0029239 secs] [Times: user=0.00 sys=0.00, real=0.01 secs] 
2021-03-14T18:16:45.394+0800: 2.046: [GC (Allocation Failure) [PSYoungGen: 12896K->1696K(13824K)] 27653K->16469K(62976K), 0.0024192 secs] [Times: user=0.00 sys=0.00, real=0.00 secs] 
2021-03-14T18:16:45.417+0800: 2.068: [GC (Allocation Failure) [PSYoungGen: 12960K->1280K(13824K)] 27733K->16069K(62976K), 0.0032511 secs] [Times: user=0.00 sys=0.01, real=0.01 secs] 
2021-03-14T18:16:45.436+0800: 2.088: [GC (Allocation Failure) [PSYoungGen: 12544K->576K(13824K)] 27333K->15421K(62976K), 0.0017730 secs] [Times: user=0.00 sys=0.01, real=0.00 secs] 
2021-03-14T18:16:45.452+0800: 2.103: [GC (Allocation Failure) [PSYoungGen: 11840K->640K(13824K)] 26685K->15669K(62976K), 0.0018562 secs] [Times: user=0.00 sys=0.00, real=0.00 secs] 
2021-03-14T18:16:45.469+0800: 2.121: [GC (Allocation Failure) [PSYoungGen: 11904K->992K(13824K)] 26933K->16189K(62976K), 0.0020820 secs] [Times: user=0.00 sys=0.00, real=0.00 secs] 
2021-03-14T18:16:45.488+0800: 2.140: [GC (Allocation Failure) [PSYoungGen: 12256K->736K(13824K)] 27453K->16053K(62976K), 0.0018793 secs] [Times: user=0.01 sys=0.00, real=0.01 secs] 
2021-03-14T18:16:45.504+0800: 2.156: [GC (Allocation Failure) [PSYoungGen: 12000K->640K(13824K)] 27317K->16229K(62976K), 0.0020488 secs] [Times: user=0.00 sys=0.00, real=0.00 secs] 
2021-03-14T18:16:45.524+0800: 2.176: [GC (Allocation Failure) [PSYoungGen: 11904K->928K(13824K)] 27493K->16669K(62976K), 0.0032796 secs] [Times: user=0.02 sys=0.01, real=0.00 secs] 
2021-03-14T18:16:45.546+0800: 2.198: [GC (Allocation Failure) [PSYoungGen: 12192K->736K(13824K)] 27933K->16693K(62976K), 0.0064394 secs] [Times: user=0.03 sys=0.00, real=0.01 secs] 
2021-03-14T18:16:45.568+0800: 2.220: [GC (Allocation Failure) [PSYoungGen: 12000K->832K(13824K)] 27957K->17117K(62976K), 0.0034047 secs] [Times: user=0.01 sys=0.01, real=0.01 secs] 
2021-03-14T18:16:45.586+0800: 2.238: [GC (Allocation Failure) [PSYoungGen: 12096K->704K(13824K)] 28381K->17261K(62976K), 0.0025730 secs] [Times: user=0.01 sys=0.01, real=0.01 secs] 
2021-03-14T18:16:45.600+0800: 2.252: [GC (Allocation Failure) [PSYoungGen: 11968K->576K(13824K)] 28525K->17365K(62976K), 0.0019743 secs] [Times: user=0.01 sys=0.01, real=0.00 secs] 
2021-03-14T18:16:45.615+0800: 2.266: [GC (Allocation Failure) [PSYoungGen: 11840K->480K(13824K)] 28629K->17477K(62976K), 0.0018470 secs] [Times: user=0.00 sys=0.00, real=0.00 secs] 
2021-03-14T18:16:45.632+0800: 2.283: [GC (Allocation Failure) [PSYoungGen: 11744K->704K(14336K)] 28741K->17965K(63488K), 0.0020312 secs] [Times: user=0.01 sys=0.00, real=0.00 secs] 
2021-03-14T18:16:45.653+0800: 2.304: [GC (Allocation Failure) [PSYoungGen: 12480K->864K(13824K)] 29741K->18277K(62976K), 0.0029491 secs] [Times: user=0.02 sys=0.00, real=0.00 secs] 
2021-03-14T18:16:45.677+0800: 2.329: [GC (Allocation Failure) [PSYoungGen: 12640K->672K(14336K)] 30053K->18285K(63488K), 0.0033525 secs] [Times: user=0.01 sys=0.00, real=0.01 secs] 
2021-03-14T18:16:45.701+0800: 2.353: [GC (Allocation Failure) [PSYoungGen: 12960K->864K(14336K)] 30573K->18645K(63488K), 0.0031286 secs] [Times: user=0.01 sys=0.00, real=0.00 secs] 
2021-03-14T18:16:45.731+0800: 2.383: [GC (Allocation Failure) [PSYoungGen: 13152K->704K(14336K)] 30933K->18637K(63488K), 0.0034451 secs] [Times: user=0.02 sys=0.00, real=0.00 secs] 
2021-03-14T18:16:45.763+0800: 2.414: [GC (Allocation Failure) [PSYoungGen: 12992K->640K(14336K)] 30925K->18725K(63488K), 0.0023086 secs] [Times: user=0.01 sys=0.00, real=0.00 secs] 
2021-03-14T18:16:45.799+0800: 2.451: [GC (Allocation Failure) [PSYoungGen: 12928K->736K(14336K)] 31013K->19045K(63488K), 0.0039106 secs] [Times: user=0.02 sys=0.00, real=0.00 secs] 
2021-03-14T18:16:45.828+0800: 2.479: [GC (Allocation Failure) [PSYoungGen: 13024K->800K(14336K)] 31333K->19341K(63488K), 0.0037770 secs] [Times: user=0.02 sys=0.00, real=0.01 secs] 
2021-03-14T18:16:45.861+0800: 2.512: [GC (Allocation Failure) [PSYoungGen: 13088K->576K(14848K)] 31629K->19325K(64000K), 0.0054373 secs] [Times: user=0.03 sys=0.00, real=0.00 secs] 
2021-03-14T18:16:45.894+0800: 2.546: [GC (Allocation Failure) [PSYoungGen: 13376K->992K(14336K)] 32125K->19965K(63488K), 0.0030378 secs] [Times: user=0.02 sys=0.00, real=0.00 secs] 
2021-03-14T18:16:45.917+0800: 2.569: [GC (Allocation Failure) [PSYoungGen: 13792K->672K(14848K)] 32765K->19861K(64000K), 0.0122620 secs] [Times: user=0.08 sys=0.01, real=0.02 secs] 
2021-03-14T18:16:45.953+0800: 2.605: [GC (Allocation Failure) [PSYoungGen: 13984K->768K(14848K)] 33173K->20133K(64000K), 0.0026532 secs] [Times: user=0.01 sys=0.00, real=0.00 secs] 
2021-03-14T18:16:45.980+0800: 2.631: [GC (Allocation Failure) [PSYoungGen: 14080K->448K(14848K)] 33445K->19997K(64000K), 0.0020292 secs] [Times: user=0.01 sys=0.00, real=0.00 secs] 
2021-03-14T18:16:46.005+0800: 2.656: [GC (Allocation Failure) [PSYoungGen: 13760K->448K(14848K)] 33309K->20205K(64000K), 0.0016999 secs] [Times: user=0.00 sys=0.00, real=0.00 secs] 
2021-03-14T18:16:46.064+0800: 2.716: [GC (Allocation Failure) [PSYoungGen: 13760K->416K(14848K)] 33517K->20285K(64000K), 0.0018452 secs] [Times: user=0.01 sys=0.01, real=0.00 secs] 
2021-03-14T18:16:46.125+0800: 2.776: [GC (Allocation Failure) [PSYoungGen: 13728K->1152K(14848K)] 33597K->21253K(64000K), 0.0032283 secs] [Times: user=0.01 sys=0.00, real=0.00 secs] 
2021-03-14T18:16:46.168+0800: 2.819: [GC (Allocation Failure) [PSYoungGen: 14464K->608K(14848K)] 34565K->21213K(64000K), 0.0026480 secs] [Times: user=0.02 sys=0.01, real=0.01 secs] 
2021-03-14T18:16:46.196+0800: 2.847: [GC (Allocation Failure) [PSYoungGen: 13920K->1248K(14848K)] 34525K->22101K(64000K), 0.0032815 secs] [Times: user=0.02 sys=0.00, real=0.01 secs] 
2021-03-14T18:16:46.224+0800: 2.876: [GC (Allocation Failure) [PSYoungGen: 14560K->480K(13824K)] 35413K->21765K(62976K), 0.0023667 secs] [Times: user=0.01 sys=0.01, real=0.00 secs] 
2021-03-14T18:16:46.240+0800: 2.891: [GC (Allocation Failure) [PSYoungGen: 12768K->288K(14336K)] 34053K->21789K(63488K), 0.0019811 secs] [Times: user=0.00 sys=0.00, real=0.00 secs] 
2021-03-14T18:16:46.275+0800: 2.927: [GC (Allocation Failure) [PSYoungGen: 12576K->608K(14848K)] 34077K->22213K(64000K), 0.0025963 secs] [Times: user=0.01 sys=0.00, real=0.00 secs] 
2021-03-14T18:16:46.312+0800: 2.964: [GC (Allocation Failure) [PSYoungGen: 13408K->736K(14336K)] 35013K->22549K(63488K), 0.0020726 secs] [Times: user=0.01 sys=0.00, real=0.00 secs] 
2021-03-14T18:16:46.330+0800: 2.982: [GC (Allocation Failure) [PSYoungGen: 13536K->640K(14848K)] 35349K->22909K(64000K), 0.0022156 secs] [Times: user=0.01 sys=0.00, real=0.00 secs] 
2021-03-14T18:16:46.356+0800: 3.007: [GC (Metadata GC Threshold) [PSYoungGen: 10216K->384K(14848K)] 32486K->22749K(64000K), 0.0022522 secs] [Times: user=0.01 sys=0.00, real=0.00 secs] 
2021-03-14T18:16:46.358+0800: 3.009: [Full GC (Metadata GC Threshold) [PSYoungGen: 384K->0K(14848K)] [ParOldGen: 22365K->17898K(49152K)] 22749K->17898K(64000K), [Metaspace: 34220K->34220K(1081344K)], 0.0587196 secs] [Times: user=0.29 sys=0.03, real=0.06 secs] 
2021-03-14T18:16:46.445+0800: 3.097: [GC (Allocation Failure) [PSYoungGen: 13312K->288K(14848K)] 31210K->18186K(64000K), 0.0018109 secs] [Times: user=0.00 sys=0.00, real=0.00 secs] 
2021-03-14T18:16:46.476+0800: 3.128: [GC (Allocation Failure) [PSYoungGen: 13600K->416K(14848K)] 31498K->18386K(64000K), 0.0027937 secs] [Times: user=0.02 sys=0.00, real=0.01 secs] 
2021-03-14T18:16:46.507+0800: 3.159: [GC (Allocation Failure) [PSYoungGen: 13728K->576K(14848K)] 31698K->18714K(64000K), 0.0028782 secs] [Times: user=0.01 sys=0.00, real=0.01 secs] 
2021-03-14T18:16:46.566+0800: 3.218: [GC (Allocation Failure) [PSYoungGen: 13888K->608K(14848K)] 32026K->19010K(64000K), 0.0026867 secs] [Times: user=0.01 sys=0.00, real=0.01 secs] 
2021-03-14T18:16:46.629+0800: 3.281: [GC (Allocation Failure) [PSYoungGen: 13920K->672K(14848K)] 32322K->19554K(64000K), 0.0028415 secs] [Times: user=0.02 sys=0.00, real=0.00 secs] 
2021-03-14T18:16:46.666+0800: 3.318: [GC (Allocation Failure) [PSYoungGen: 13984K->640K(14848K)] 32866K->19963K(64000K), 0.0030809 secs] [Times: user=0.02 sys=0.00, real=0.01 secs] 
2021-03-14T18:16:46.714+0800: 3.366: [GC (Allocation Failure) [PSYoungGen: 13952K->928K(14848K)] 33275K->20563K(64000K), 0.0028762 secs] [Times: user=0.01 sys=0.00, real=0.00 secs] 
2021-03-14T18:16:46.755+0800: 3.407: [GC (Allocation Failure) [PSYoungGen: 14240K->560K(14848K)] 33875K->20667K(64000K), 0.0035738 secs] [Times: user=0.02 sys=0.01, real=0.01 secs] 
2021-03-14T18:16:46.797+0800: 3.448: [GC (Allocation Failure) [PSYoungGen: 13872K->720K(14848K)] 33979K->21051K(64000K), 0.0030393 secs] [Times: user=0.02 sys=0.01, real=0.01 secs] 
2021-03-14T18:16:46.831+0800: 3.482: [GC (Allocation Failure) [PSYoungGen: 14032K->864K(14848K)] 34363K->21571K(64000K), 0.0032549 secs] [Times: user=0.01 sys=0.00, real=0.00 secs] 
2021-03-14T18:16:46.861+0800: 3.512: [GC (Allocation Failure) [PSYoungGen: 14176K->416K(14848K)] 34883K->21347K(64000K), 0.0021483 secs] [Times: user=0.01 sys=0.00, real=0.00 secs] 
2021-03-14T18:16:46.913+0800: 3.565: [GC (Allocation Failure) [PSYoungGen: 13728K->384K(14848K)] 34659K->21461K(64000K), 0.0022552 secs] [Times: user=0.00 sys=0.01, real=0.00 secs] 
2021-03-14T18:16:46.983+0800: 3.635: [GC (Allocation Failure) [PSYoungGen: 13696K->544K(14848K)] 34773K->21861K(64000K), 0.0015460 secs] [Times: user=0.00 sys=0.01, real=0.00 secs] 
2021-03-14T18:16:47.017+0800: 3.668: [GC (Allocation Failure) [PSYoungGen: 13856K->608K(14848K)] 35173K->22140K(64000K), 0.0030146 secs] [Times: user=0.01 sys=0.00, real=0.01 secs] 
2021-03-14T18:16:47.041+0800: 3.692: [GC (Allocation Failure) [PSYoungGen: 13920K->352K(14848K)] 35452K->22196K(64000K), 0.0025852 secs] [Times: user=0.02 sys=0.00, real=0.00 secs] 
2021-03-14T18:16:47.088+0800: 3.740: [GC (Allocation Failure) [PSYoungGen: 13664K->640K(14848K)] 35508K->22644K(64000K), 0.0023767 secs] [Times: user=0.01 sys=0.00, real=0.00 secs] 
2021-03-14T18:16:47.156+0800: 3.807: [GC (Allocation Failure) [PSYoungGen: 13952K->608K(15360K)] 35956K->22908K(64512K), 0.0028518 secs] [Times: user=0.02 sys=0.00, real=0.00 secs] 
2021-03-14T18:16:47.192+0800: 3.843: [GC (Allocation Failure) [PSYoungGen: 14944K->576K(15360K)] 37244K->23236K(64512K), 0.0030369 secs] [Times: user=0.01 sys=0.00, real=0.00 secs] 
2021-03-14T18:16:47.247+0800: 3.898: [GC (Allocation Failure) [PSYoungGen: 14912K->1024K(14336K)] 37572K->24052K(63488K), 0.0045863 secs] [Times: user=0.02 sys=0.01, real=0.01 secs] 
2021-03-14T18:16:47.302+0800: 3.953: [GC (Allocation Failure) [PSYoungGen: 14336K->608K(14848K)] 37364K->24156K(64000K), 0.0032904 secs] [Times: user=0.02 sys=0.00, real=0.00 secs] 
2021-03-14T18:16:47.409+0800: 4.060: [GC (Allocation Failure) [PSYoungGen: 13920K->1536K(13824K)] 37468K->26515K(62976K), 0.0031299 secs] [Times: user=0.01 sys=0.00, real=0.00 secs] 
2021-03-14T18:16:47.552+0800: 4.204: [GC (Allocation Failure) [PSYoungGen: 13824K->1136K(14336K)] 38803K->27675K(63488K), 0.0037337 secs] [Times: user=0.02 sys=0.00, real=0.00 secs] 
2021-03-14T18:16:47.616+0800: 4.268: [GC (Allocation Failure) [PSYoungGen: 13424K->872K(14336K)] 39963K->28161K(63488K), 0.0037291 secs] [Times: user=0.01 sys=0.00, real=0.01 secs] 
2021-03-14T18:16:47.659+0800: 4.310: [GC (Allocation Failure) [PSYoungGen: 13160K->1664K(14336K)] 40449K->29377K(63488K), 0.0039328 secs] [Times: user=0.02 sys=0.00, real=0.00 secs] 
2021-03-14T18:16:47.686+0800: 4.338: [GC (Allocation Failure) [PSYoungGen: 13952K->864K(14336K)] 41665K->29525K(63488K), 0.0035106 secs] [Times: user=0.01 sys=0.00, real=0.01 secs] 
2021-03-14T18:16:47.713+0800: 4.364: [GC (Allocation Failure) [PSYoungGen: 13152K->608K(14336K)] 41813K->29661K(63488K), 0.0034053 secs] [Times: user=0.02 sys=0.00, real=0.00 secs] 
2021-03-14T18:16:47.771+0800: 4.422: [GC (Allocation Failure) [PSYoungGen: 12896K->1120K(14336K)] 41949K->30365K(63488K), 0.0036195 secs] [Times: user=0.02 sys=0.00, real=0.00 secs] 
2021-03-14T18:16:47.827+0800: 4.478: [GC (Allocation Failure) [PSYoungGen: 13351K->1504K(14336K)] 42596K->31661K(63488K), 0.0042070 secs] [Times: user=0.02 sys=0.00, real=0.01 secs] 
2021-03-14T18:16:47.869+0800: 4.521: [GC (Allocation Failure) [PSYoungGen: 13792K->896K(14336K)] 43949K->36229K(63488K), 0.0046161 secs] [Times: user=0.02 sys=0.00, real=0.00 secs] 
2021-03-14T18:16:47.924+0800: 4.575: [GC (Allocation Failure) [PSYoungGen: 13184K->672K(14336K)] 48517K->36821K(63488K), 0.0028978 secs] [Times: user=0.01 sys=0.00, real=0.00 secs] 
2021-03-14T18:16:47.970+0800: 4.622: [GC (Allocation Failure) [PSYoungGen: 12960K->512K(14336K)] 49109K->36989K(63488K), 0.0025829 secs] [Times: user=0.00 sys=0.01, real=0.00 secs] 
2021-03-14T18:16:48.016+0800: 4.668: [GC (Allocation Failure) [PSYoungGen: 12800K->704K(14336K)] 49277K->37517K(63488K), 0.0034697 secs] [Times: user=0.02 sys=0.01, real=0.01 secs] 
2021-03-14T18:16:48.056+0800: 4.708: [GC (Allocation Failure) [PSYoungGen: 12992K->352K(14336K)] 49805K->37453K(63488K), 0.0050887 secs] [Times: user=0.03 sys=0.00, real=0.01 secs] 
2021-03-14T18:16:48.106+0800: 4.757: [GC (Allocation Failure) [PSYoungGen: 12640K->608K(14336K)] 49741K->37813K(63488K), 0.0035521 secs] [Times: user=0.02 sys=0.00, real=0.01 secs] 
2021-03-14T18:16:48.150+0800: 4.802: [GC (Allocation Failure) [PSYoungGen: 12896K->608K(14336K)] 50101K->38261K(63488K), 0.0031462 secs] [Times: user=0.02 sys=0.00, real=0.00 secs] 
2021-03-14T18:16:48.214+0800: 4.866: [GC (Allocation Failure) [PSYoungGen: 12896K->1472K(14336K)] 50549K->39414K(63488K), 0.0030046 secs] [Times: user=0.01 sys=0.01, real=0.00 secs] 
2021-03-14T18:16:48.246+0800: 4.898: [GC (Allocation Failure) [PSYoungGen: 13760K->544K(14336K)] 51702K->39726K(63488K), 0.0374571 secs] [Times: user=0.17 sys=0.08, real=0.04 secs] 
2021-03-14T18:16:48.354+0800: 5.005: [GC (Allocation Failure) [PSYoungGen: 12832K->1088K(14336K)] 52014K->40510K(63488K), 0.0034074 secs] [Times: user=0.01 sys=0.00, real=0.00 secs] 
2021-03-14T18:16:48.383+0800: 5.035: [GC (Allocation Failure) [PSYoungGen: 13376K->512K(14336K)] 52798K->40878K(63488K), 0.0031375 secs] [Times: user=0.01 sys=0.00, real=0.00 secs] 
2021-03-14T18:16:48.424+0800: 5.076: [GC (Allocation Failure) [PSYoungGen: 12800K->1376K(14336K)] 53166K->41846K(63488K), 0.0031733 secs] [Times: user=0.00 sys=0.00, real=0.00 secs] 
2021-03-14T18:16:48.449+0800: 5.101: [GC (Allocation Failure) [PSYoungGen: 13664K->704K(14336K)] 54134K->42318K(63488K), 0.0559870 secs] [Times: user=0.17 sys=0.18, real=0.05 secs] 
2021-03-14T18:16:48.531+0800: 5.183: [GC (Allocation Failure) [PSYoungGen: 12992K->672K(14336K)] 54606K->42490K(63488K), 0.0024027 secs] [Times: user=0.01 sys=0.00, real=0.00 secs] 
2021-03-14T18:16:48.563+0800: 5.215: [GC (Allocation Failure) [PSYoungGen: 12960K->1312K(14336K)] 54778K->43386K(63488K), 0.0045141 secs] [Times: user=0.02 sys=0.00, real=0.00 secs] 
2021-03-14T18:16:48.606+0800: 5.257: [GC (Allocation Failure) [PSYoungGen: 13600K->992K(14336K)] 55674K->43378K(63488K), 0.0037539 secs] [Times: user=0.02 sys=0.00, real=0.01 secs] 
2021-03-14T18:16:48.642+0800: 5.293: [GC (Allocation Failure) [PSYoungGen: 13280K->992K(14336K)] 55666K->43730K(63488K), 0.0037964 secs] [Times: user=0.02 sys=0.00, real=0.00 secs] 
2021-03-14T18:16:48.696+0800: 5.348: [GC (Allocation Failure) [PSYoungGen: 13280K->832K(14336K)] 56018K->44034K(63488K), 0.0355153 secs] [Times: user=0.19 sys=0.07, real=0.04 secs] 
2021-03-14T18:16:48.804+0800: 5.456: [GC (Allocation Failure) [PSYoungGen: 13120K->768K(14336K)] 56322K->44338K(63488K), 0.0037894 secs] [Times: user=0.02 sys=0.00, real=0.00 secs] 
2021-03-14T18:16:48.855+0800: 5.506: [GC (Allocation Failure) [PSYoungGen: 13056K->1024K(14336K)] 56626K->45202K(63488K), 0.0107564 secs] [Times: user=0.07 sys=0.00, real=0.01 secs] 
2021-03-14T18:16:48.905+0800: 5.557: [GC (Allocation Failure) [PSYoungGen: 13312K->832K(14848K)] 57490K->45330K(64000K), 0.0036147 secs] [Times: user=0.01 sys=0.00, real=0.01 secs] 
2021-03-14T18:16:48.961+0800: 5.612: [GC (Allocation Failure) [PSYoungGen: 13632K->672K(14336K)] 58130K->45482K(63488K), 0.0058688 secs] [Times: user=0.01 sys=0.00, real=0.00 secs] 
2021-03-14T18:16:48.987+0800: 5.639: [GC (Metadata GC Threshold) [PSYoungGen: 11372K->320K(14848K)] 56182K->45434K(64000K), 0.0174150 secs] [Times: user=0.11 sys=0.02, real=0.02 secs] 
2021-03-14T18:16:49.005+0800: 5.656: [Full GC (Metadata GC Threshold) [PSYoungGen: 320K->0K(14848K)] [ParOldGen: 45114K->41240K(49152K)] 45434K->41240K(64000K), [Metaspace: 56542K->56542K(1101824K)], 0.1414485 secs] [Times: user=0.81 sys=0.04, real=0.14 secs] 
2021-03-14T18:16:49.169+0800: 5.820: [GC (Allocation Failure) [PSYoungGen: 13312K->288K(13824K)] 54552K->41528K(62976K), 0.0031041 secs] [Times: user=0.02 sys=0.00, real=0.00 secs] 
2021-03-14T18:16:49.194+0800: 5.845: [GC (Allocation Failure) [PSYoungGen: 13600K->736K(14848K)] 54840K->42072K(64000K), 0.0037349 secs] [Times: user=0.02 sys=0.01, real=0.00 secs] 
2021-03-14T18:16:49.215+0800: 5.867: [GC (Allocation Failure) [PSYoungGen: 13536K->480K(14336K)] 54872K->41960K(63488K), 0.0031393 secs] [Times: user=0.02 sys=0.00, real=0.01 secs] 
2021-03-14T18:16:49.236+0800: 5.887: [GC (Allocation Failure) [PSYoungGen: 13280K->1120K(14848K)] 54760K->42712K(64000K), 0.0045276 secs] [Times: user=0.02 sys=0.01, real=0.01 secs] 
2021-03-14T18:16:49.256+0800: 5.908: [GC (Allocation Failure) [PSYoungGen: 14432K->416K(14848K)] 56024K->42064K(64000K), 0.0041085 secs] [Times: user=0.02 sys=0.00, real=0.01 secs] 
2021-03-14T18:16:49.280+0800: 5.932: [GC (Allocation Failure) [PSYoungGen: 13728K->416K(14848K)] 55376K->42160K(64000K), 0.0026983 secs] [Times: user=0.02 sys=0.00, real=0.00 secs] 
2021-03-14T18:16:49.327+0800: 5.978: [GC (Allocation Failure) [PSYoungGen: 13728K->736K(14848K)] 55472K->42600K(64000K), 0.0061647 secs] [Times: user=0.02 sys=0.00, real=0.01 secs] 
2021-03-14T18:16:49.362+0800: 6.014: [GC (Allocation Failure) [PSYoungGen: 14048K->320K(14848K)] 55912K->42488K(64000K), 0.0036321 secs] [Times: user=0.02 sys=0.00, real=0.00 secs] 
2021-03-14T18:16:49.397+0800: 6.049: [GC (Allocation Failure) [PSYoungGen: 13632K->1120K(14848K)] 55800K->43360K(64000K), 0.0037258 secs] [Times: user=0.02 sys=0.00, real=0.01 secs] 
2021-03-14T18:16:49.449+0800: 6.101: [GC (Allocation Failure) [PSYoungGen: 14432K->576K(14848K)] 56672K->43140K(64000K), 0.0030591 secs] [Times: user=0.02 sys=0.00, real=0.00 secs] 
2021-03-14T18:16:51.294+0800: 7.945: [GC (Allocation Failure) [PSYoungGen: 13888K->816K(14848K)] 56452K->43748K(64000K), 0.0036833 secs] [Times: user=0.01 sys=0.00, real=0.00 secs] 
2021-03-14T18:16:54.539+0800: 11.191: [GC (Allocation Failure) [PSYoungGen: 14128K->480K(14848K)] 57060K->43876K(64000K), 0.0033484 secs] [Times: user=0.01 sys=0.01, real=0.00 secs] 
2021-03-14T18:22:27.693+0800: 344.344: [GC (Allocation Failure) [PSYoungGen: 13792K->656K(14848K)] 57188K->44308K(64000K), 0.0040604 secs] [Times: user=0.01 sys=0.01, real=0.00 secs] 
2021-03-14T18:26:39.422+0800: 596.074: [GC (Allocation Failure) [PSYoungGen: 13968K->352K(14848K)] 57620K->44476K(64000K), 0.0035557 secs] [Times: user=0.01 sys=0.00, real=0.00 secs] 
2021-03-14T18:26:39.468+0800: 596.119: [GC (Allocation Failure) [PSYoungGen: 13664K->1512K(14848K)] 57788K->45764K(64000K), 0.0032411 secs] [Times: user=0.01 sys=0.00, real=0.01 secs] 
2021-03-14T18:26:39.840+0800: 596.492: [GC (Allocation Failure) [PSYoungGen: 14824K->672K(14848K)] 59076K->46180K(64000K), 0.0034026 secs] [Times: user=0.01 sys=0.00, real=0.00 secs] 
2021-03-14T18:26:39.933+0800: 596.584: [GC (Allocation Failure) [PSYoungGen: 13876K->1024K(14848K)] 59385K->46925K(64000K), 0.0035184 secs] [Times: user=0.01 sys=0.00, real=0.00 secs] 
2021-03-14T18:26:44.471+0800: 601.123: [GC (Allocation Failure) [PSYoungGen: 14336K->1352K(13824K)] 60237K->48013K(62976K), 0.0034678 secs] [Times: user=0.01 sys=0.00, real=0.00 secs] 
2021-03-14T18:28:30.916+0800: 707.568: [GC (Allocation Failure) [PSYoungGen: 13640K->1496K(14336K)] 60301K->48165K(63488K), 0.0048642 secs] [Times: user=0.02 sys=0.00, real=0.01 secs] 
2021-03-14T18:31:21.685+0800: 878.337: [GC (Allocation Failure) [PSYoungGen: 13784K->2024K(12288K)] 60453K->49925K(61440K), 0.0539453 secs] [Times: user=0.17 sys=0.14, real=0.06 secs] 
2021-03-14T18:31:21.739+0800: 878.391: [Full GC (Ergonomics) [PSYoungGen: 2024K->0K(12288K)] [ParOldGen: 47901K->39283K(49152K)] 49925K->39283K(61440K), [Metaspace: 63304K->63002K(1107968K)], 0.0926168 secs] [Times: user=0.39 sys=0.00, real=0.09 secs] 
2021-03-14T18:31:21.848+0800: 878.500: [GC (Allocation Failure) [PSYoungGen: 10240K->288K(13312K)] 49523K->39571K(62464K), 0.0032291 secs] [Times: user=0.01 sys=0.01, real=0.01 secs] 
2021-03-14T18:31:21.871+0800: 878.523: [GC (Allocation Failure) [PSYoungGen: 10528K->288K(13312K)] 49811K->39571K(62464K), 0.0028919 secs] [Times: user=0.02 sys=0.00, real=0.00 secs] 
2021-03-14T18:31:21.893+0800: 878.544: [GC (Allocation Failure) [PSYoungGen: 10528K->256K(13312K)] 49811K->39603K(62464K), 0.0024897 secs] [Times: user=0.01 sys=0.00, real=0.00 secs] 
2021-03-14T18:31:21.919+0800: 878.570: [GC (Allocation Failure) [PSYoungGen: 10496K->320K(13824K)] 49843K->39795K(62976K), 0.0031736 secs] [Times: user=0.01 sys=0.00, real=0.00 secs] 
2021-03-14T18:31:22.955+0800: 879.606: [GC (Allocation Failure) [PSYoungGen: 11584K->960K(13824K)] 51059K->40571K(62976K), 0.0039949 secs] [Times: user=0.01 sys=0.00, real=0.01 secs] 
2021-03-14T18:31:48.019+0800: 904.670: [GC (Allocation Failure) [PSYoungGen: 12224K->672K(13824K)] 51835K->40854K(62976K), 0.0038457 secs] [Times: user=0.01 sys=0.01, real=0.00 secs] 
2021-03-14T18:32:18.647+0800: 935.299: [GC (Allocation Failure) [PSYoungGen: 11866K->2248K(13824K)] 52049K->42893K(62976K), 0.0034797 secs] [Times: user=0.01 sys=0.01, real=0.01 secs] 
2021-03-14T18:32:31.050+0800: 947.702: [GC (Allocation Failure) [PSYoungGen: 13512K->1112K(13824K)] 54157K->43838K(62976K), 0.0035080 secs] [Times: user=0.01 sys=0.01, real=0.00 secs] 
2021-03-14T18:32:31.075+0800: 947.726: [GC (Allocation Failure) [PSYoungGen: 12376K->384K(13824K)] 55102K->44022K(62976K), 0.0030737 secs] [Times: user=0.01 sys=0.01, real=0.00 secs] 
2021-03-14T18:32:33.122+0800: 949.773: [GC (Allocation Failure) [PSYoungGen: 11648K->352K(13824K)] 55286K->44086K(62976K), 0.0033532 secs] [Times: user=0.01 sys=0.00, real=0.00 secs] 
2021-03-14T18:33:01.770+0800: 978.422: [GC (Allocation Failure) [PSYoungGen: 11616K->1640K(13824K)] 55350K->45574K(62976K), 0.0038515 secs] [Times: user=0.01 sys=0.01, real=0.00 secs] 
2021-03-14T18:33:38.664+0800: 1015.316: [GC (Allocation Failure) [PSYoungGen: 12899K->576K(13824K)] 56833K->45822K(62976K), 0.0036350 secs] [Times: user=0.01 sys=0.01, real=0.00 secs] 
2021-03-14T18:34:18.646+0800: 1055.298: [GC (Allocation Failure) [PSYoungGen: 11827K->736K(13824K)] 57074K->45990K(62976K), 0.0033071 secs] [Times: user=0.00 sys=0.00, real=0.01 secs] 
2021-03-14T18:34:58.673+0800: 1095.324: [GC (Allocation Failure) [PSYoungGen: 12000K->672K(13824K)] 57254K->45934K(62976K), 0.0036083 secs] [Times: user=0.01 sys=0.00, real=0.00 secs] 
2021-03-14T18:35:36.884+0800: 1133.536: [GC (Allocation Failure) [PSYoungGen: 11936K->768K(13824K)] 57198K->46038K(62976K), 0.0032005 secs] [Times: user=0.01 sys=0.00, real=0.00 secs] 
2021-03-14T18:36:16.477+0800: 1173.128: [GC (Allocation Failure) [PSYoungGen: 12032K->704K(14336K)] 57302K->45982K(63488K), 0.0031192 secs] [Times: user=0.01 sys=0.00, real=0.01 secs] 
2021-03-14T18:36:57.852+0800: 1214.503: [GC (Allocation Failure) [PSYoungGen: 12480K->800K(13824K)] 57758K->46086K(62976K), 0.0042293 secs] [Times: user=0.01 sys=0.00, real=0.00 secs] 
2021-03-14T18:37:38.003+0800: 1254.655: [GC (Allocation Failure) [PSYoungGen: 12576K->704K(14336K)] 57862K->45998K(63488K), 0.0040324 secs] [Times: user=0.02 sys=0.00, real=0.00 secs] 
2021-03-14T18:38:22.346+0800: 1298.998: [GC (Allocation Failure) [PSYoungGen: 12992K->704K(14336K)] 58286K->46006K(63488K), 0.0041291 secs] [Times: user=0.01 sys=0.00, real=0.01 secs] 
2021-03-14T18:39:04.934+0800: 1341.585: [GC (Allocation Failure) [PSYoungGen: 12992K->736K(14336K)] 58294K->46046K(63488K), 0.0053355 secs] [Times: user=0.02 sys=0.00, real=0.01 secs] 
2021-03-14T18:39:48.729+0800: 1385.380: [GC (Allocation Failure) [PSYoungGen: 13024K->704K(14336K)] 58334K->46022K(63488K), 0.0038423 secs] [Times: user=0.01 sys=0.00, real=0.00 secs] 
2021-03-14T18:40:34.608+0800: 1431.260: [GC (Allocation Failure) [PSYoungGen: 12992K->672K(14848K)] 58310K->45998K(64000K), 0.0053846 secs] [Times: user=0.02 sys=0.00, real=0.01 secs] 
2021-03-14T18:41:20.852+0800: 1477.504: [GC (Allocation Failure) [PSYoungGen: 13467K->800K(14336K)] 58793K->46134K(63488K), 0.0032683 secs] [Times: user=0.01 sys=0.00, real=0.00 secs] 
2021-03-14T18:42:08.675+0800: 1525.327: [GC (Allocation Failure) [PSYoungGen: 13600K->768K(14848K)] 58934K->46110K(64000K), 0.0034475 secs] [Times: user=0.01 sys=0.00, real=0.01 secs] 
2021-03-14T18:42:54.799+0800: 1571.451: [GC (Allocation Failure) [PSYoungGen: 14080K->800K(14848K)] 59422K->46150K(64000K), 0.0031570 secs] [Times: user=0.01 sys=0.00, real=0.00 secs] 
2021-03-14T18:43:41.131+0800: 1617.782: [GC (Allocation Failure) [PSYoungGen: 14112K->672K(14848K)] 59462K->46022K(64000K), 0.0041943 secs] [Times: user=0.01 sys=0.01, real=0.00 secs] 
2021-03-14T18:44:29.383+0800: 1666.035: [GC (Allocation Failure) [PSYoungGen: 13984K->736K(14848K)] 59334K->46126K(64000K), 0.0055192 secs] [Times: user=0.02 sys=0.01, real=0.01 secs] 
2021-03-14T18:45:18.686+0800: 1715.337: [GC (Allocation Failure) [PSYoungGen: 14035K->800K(14848K)] 59426K->46222K(64000K), 0.0033388 secs] [Times: user=0.01 sys=0.00, real=0.01 secs] 
2021-03-14T18:46:00.738+0800: 1757.390: [GC (Allocation Failure) [PSYoungGen: 14112K->1528K(14848K)] 59534K->47230K(64000K), 0.0037871 secs] [Times: user=0.01 sys=0.01, real=0.01 secs] 
2021-03-14T18:46:41.509+0800: 1798.161: [GC (Allocation Failure) [PSYoungGen: 14840K->1528K(13824K)] 60542K->48058K(62976K), 0.0033132 secs] [Times: user=0.01 sys=0.01, real=0.00 secs] 
2021-03-14T18:47:24.909+0800: 1841.560: [GC (Allocation Failure) [PSYoungGen: 13813K->2024K(14336K)] 60343K->48626K(63488K), 0.0035098 secs] [Times: user=0.02 sys=0.01, real=0.00 secs] 
2021-03-14T18:48:08.833+0800: 1885.484: [GC (Allocation Failure) [PSYoungGen: 14306K->2040K(12288K)] 60908K->48762K(61440K), 0.0042323 secs] [Times: user=0.02 sys=0.00, real=0.00 secs] 
2021-03-14T18:48:45.075+0800: 1921.727: [GC (Allocation Failure) [PSYoungGen: 12280K->2216K(13312K)] 59002K->48954K(62464K), 0.0036701 secs] [Times: user=0.01 sys=0.01, real=0.01 secs] 
2021-03-14T18:49:20.982+0800: 1957.634: [GC (Allocation Failure) [PSYoungGen: 12456K->2200K(13312K)] 59194K->48938K(62464K), 0.0038706 secs] [Times: user=0.01 sys=0.00, real=0.00 secs] 
2021-03-14T18:49:58.281+0800: 1994.932: [GC (Allocation Failure) [PSYoungGen: 12440K->2168K(12800K)] 59178K->48914K(61952K), 0.0039737 secs] [Times: user=0.01 sys=0.00, real=0.00 secs] 
2021-03-14T18:50:35.178+0800: 2031.830: [GC (Allocation Failure) [PSYoungGen: 12408K->2120K(12800K)] 59154K->48866K(61952K), 0.0045572 secs] [Times: user=0.01 sys=0.00, real=0.01 secs] 
2021-03-14T18:51:06.198+0800: 2062.850: [GC (Allocation Failure) [PSYoungGen: 11336K->2232K(12800K)] 58082K->48978K(61952K), 0.0040240 secs] [Times: user=0.01 sys=0.00, real=0.01 secs] 
2021-03-14T18:51:40.691+0800: 2097.342: [GC (Allocation Failure) [PSYoungGen: 11448K->2168K(12800K)] 58194K->48938K(61952K), 0.0046637 secs] [Times: user=0.01 sys=0.00, real=0.00 secs] 
2021-03-14T18:52:14.730+0800: 2131.382: [GC (Allocation Failure) [PSYoungGen: 11384K->2248K(12800K)] 58154K->49026K(61952K), 0.0033714 secs] [Times: user=0.01 sys=0.00, real=0.00 secs] 
2021-03-14T18:52:46.023+0800: 2162.675: [GC (Allocation Failure) [PSYoungGen: 11464K->2232K(12800K)] 58242K->49018K(61952K), 0.0034544 secs] [Times: user=0.01 sys=0.00, real=0.00 secs] 
2021-03-14T18:53:18.726+0800: 2195.378: [GC (Allocation Failure) [PSYoungGen: 11448K->2264K(12800K)] 58234K->49058K(61952K), 0.0039130 secs] [Times: user=0.02 sys=0.00, real=0.01 secs] 
2021-03-14T18:53:53.500+0800: 2230.151: [GC (Allocation Failure) [PSYoungGen: 11480K->2216K(12800K)] 58274K->49066K(61952K), 0.0036915 secs] [Times: user=0.01 sys=0.01, real=0.00 secs] 
2021-03-14T18:54:24.906+0800: 2261.558: [GC (Allocation Failure) [PSYoungGen: 11432K->2152K(12800K)] 58282K->49042K(61952K), 0.0034392 secs] [Times: user=0.02 sys=0.00, real=0.01 secs] 
2021-03-14T18:54:58.767+0800: 2295.419: [GC (Allocation Failure) [PSYoungGen: 11368K->1152K(12800K)] 58258K->49178K(61952K), 0.0029041 secs] [Times: user=0.00 sys=0.01, real=0.01 secs] 
2021-03-14T18:55:21.759+0800: 2318.411: [GC (Allocation Failure) [PSYoungGen: 10368K->832K(12800K)] 58394K->49234K(61952K), 0.0035581 secs] [Times: user=0.00 sys=0.00, real=0.00 secs] 
2021-03-14T18:55:21.763+0800: 2318.415: [Full GC (Ergonomics) [PSYoungGen: 832K->0K(12800K)] [ParOldGen: 48402K->45916K(49152K)] 49234K->45916K(61952K), [Metaspace: 68025K->68010K(1112064K)], 0.0659097 secs] [Times: user=0.23 sys=0.00, real=0.07 secs] 
2021-03-14T18:55:51.999+0800: 2348.651: [GC (Allocation Failure) [PSYoungGen: 9216K->544K(12800K)] 55132K->46460K(61952K), 0.0036996 secs] [Times: user=0.02 sys=0.00, real=0.00 secs] 
2021-03-14T18:56:25.494+0800: 2382.145: [GC (Allocation Failure) [PSYoungGen: 9760K->800K(12800K)] 55676K->46716K(61952K), 0.0034894 secs] [Times: user=0.01 sys=0.00, real=0.00 secs] 
2021-03-14T18:56:51.127+0800: 2407.779: [GC (Allocation Failure) [PSYoungGen: 10016K->864K(12800K)] 55932K->46788K(61952K), 0.0034244 secs] [Times: user=0.01 sys=0.01, real=0.01 secs] 
2021-03-14T18:57:03.223+0800: 2419.875: [GC (Allocation Failure) [PSYoungGen: 10080K->3088K(12800K)] 56004K->49020K(61952K), 0.0039153 secs] [Times: user=0.01 sys=0.01, real=0.00 secs] 
2021-03-14T18:57:18.677+0800: 2435.329: [GC (Allocation Failure) [PSYoungGen: 12297K->3104K(11776K)] 58230K->49036K(60928K), 0.0035405 secs] [Times: user=0.01 sys=0.00, real=0.01 secs] 
2021-03-14T18:57:30.724+0800: 2447.375: [GC (Allocation Failure) [PSYoungGen: 11296K->4072K(12288K)] 57228K->50076K(61440K), 0.0036331 secs] [Times: user=0.01 sys=0.01, real=0.00 secs] 
2021-03-14T18:57:45.721+0800: 2462.373: [GC (Allocation Failure) [PSYoungGen: 12264K->4080K(10240K)] 58268K->50643K(59392K), 0.0033058 secs] [Times: user=0.02 sys=0.00, real=0.00 secs] 
2021-03-14T18:57:55.736+0800: 2472.388: [GC (Allocation Failure) [PSYoungGen: 10224K->4448K(11264K)] 56787K->51011K(60416K), 0.0034123 secs] [Times: user=0.02 sys=0.01, real=0.01 secs] 
2021-03-14T18:58:07.110+0800: 2483.762: [GC (Allocation Failure) [PSYoungGen: 10592K->5096K(11264K)] 57155K->52723K(60416K), 0.0039168 secs] [Times: user=0.02 sys=0.00, real=0.00 secs] 
2021-03-14T18:58:17.129+0800: 2493.781: [GC (Allocation Failure) [PSYoungGen: 11240K->4152K(11264K)] 58867K->51779K(60416K), 0.0040898 secs] [Times: user=0.02 sys=0.00, real=0.00 secs] 
2021-03-14T18:58:28.670+0800: 2505.321: [GC (Allocation Failure) [PSYoungGen: 10285K->4280K(11264K)] 57913K->51947K(60416K), 0.0040870 secs] [Times: user=0.01 sys=0.00, real=0.00 secs] 
2021-03-14T18:58:35.638+0800: 2512.290: [GC (Allocation Failure) --[PSYoungGen: 10424K->10424K(11264K)] 58091K->59267K(60416K), 0.0050655 secs] [Times: user=0.01 sys=0.01, real=0.01 secs] 
2021-03-14T18:58:35.643+0800: 2512.295: [Full GC (Ergonomics) [PSYoungGen: 10424K->0K(11264K)] [ParOldGen: 48843K->48838K(49152K)] 59267K->48838K(60416K), [Metaspace: 68103K->68093K(1112064K)], 0.1789167 secs] [Times: user=1.03 sys=0.00, real=0.18 secs] 
2021-03-14T18:58:45.833+0800: 2522.485: [Full GC (Ergonomics) [PSYoungGen: 6144K->0K(11264K)] [ParOldGen: 48838K->49102K(49152K)] 54982K->49102K(60416K), [Metaspace: 68094K->68094K(1112064K)], 0.0741264 secs] [Times: user=0.35 sys=0.00, real=0.07 secs] 
2021-03-14T18:58:55.927+0800: 2532.579: [Full GC (Ergonomics) [PSYoungGen: 6144K->1472K(11264K)] [ParOldGen: 49102K->49136K(49152K)] 55246K->50608K(60416K), [Metaspace: 68096K->68096K(1112064K)], 0.0509328 secs] [Times: user=0.17 sys=0.00, real=0.05 secs] 
2021-03-14T18:59:05.343+0800: 2541.995: [Full GC (Ergonomics) [PSYoungGen: 6144K->1562K(11264K)] [ParOldGen: 49136K->49014K(49152K)] 55280K->50577K(60416K), [Metaspace: 68097K->68097K(1112064K)], 0.0474142 secs] [Times: user=0.16 sys=0.00, real=0.05 secs] 
2021-03-14T18:59:12.316+0800: 2548.968: [Full GC (Ergonomics) [PSYoungGen: 6144K->1712K(11264K)] [ParOldGen: 49014K->48860K(49152K)] 55158K->50572K(60416K), [Metaspace: 68097K->68097K(1112064K)], 0.0485007 secs] [Times: user=0.16 sys=0.00, real=0.05 secs] 
2021-03-14T18:59:20.228+0800: 2556.880: [Full GC (Ergonomics) [PSYoungGen: 6144K->1804K(11264K)] [ParOldGen: 48860K->48771K(49152K)] 55004K->50575K(60416K), [Metaspace: 68110K->68110K(1112064K)], 0.0479016 secs] [Times: user=0.12 sys=0.00, real=0.05 secs] 
2021-03-14T18:59:28.125+0800: 2564.776: [Full GC (Ergonomics) [PSYoungGen: 6144K->1801K(11264K)] [ParOldGen: 48771K->48771K(49152K)] 54915K->50573K(60416K), [Metaspace: 68118K->68118K(1112064K)], 0.0478746 secs] [Times: user=0.12 sys=0.00, real=0.05 secs] 
2021-03-14T18:59:36.016+0800: 2572.667: [Full GC (Ergonomics) [PSYoungGen: 6144K->1826K(11264K)] [ParOldGen: 48771K->48770K(49152K)] 54915K->50596K(60416K), [Metaspace: 68124K->68124K(1112064K)], 0.0528613 secs] [Times: user=0.11 sys=0.00, real=0.06 secs] 
2021-03-14T18:59:42.412+0800: 2579.063: [Full GC (Ergonomics) [PSYoungGen: 6144K->1865K(11264K)] [ParOldGen: 48770K->48770K(49152K)] 54914K->50635K(60416K), [Metaspace: 68124K->68124K(1112064K)], 0.0575263 secs] [Times: user=0.16 sys=0.00, real=0.06 secs] 
2021-03-14T18:59:49.515+0800: 2586.167: [Full GC (Ergonomics) [PSYoungGen: 6144K->1826K(11264K)] [ParOldGen: 48770K->48769K(49152K)] 54914K->50596K(60416K), [Metaspace: 68125K->68125K(1112064K)], 0.0481362 secs] [Times: user=0.14 sys=0.00, real=0.05 secs] 
2021-03-14T18:59:57.132+0800: 2593.784: [Full GC (Ergonomics) [PSYoungGen: 6138K->1843K(11264K)] [ParOldGen: 48769K->48769K(49152K)] 54908K->50613K(60416K), [Metaspace: 68125K->68125K(1112064K)], 0.0475487 secs] [Times: user=0.15 sys=0.00, real=0.05 secs] 
2021-03-14T19:00:06.089+0800: 2602.741: [Full GC (Ergonomics) [PSYoungGen: 6144K->1837K(11264K)] [ParOldGen: 48769K->48769K(49152K)] 54913K->50607K(60416K), [Metaspace: 68125K->68125K(1112064K)], 0.0475018 secs] [Times: user=0.15 sys=0.00, real=0.04 secs] 
2021-03-14T19:00:12.410+0800: 2609.062: [Full GC (Ergonomics) [PSYoungGen: 6142K->1852K(11264K)] [ParOldGen: 48769K->48769K(49152K)] 54912K->50622K(60416K), [Metaspace: 68126K->68126K(1112064K)], 0.0475631 secs] [Times: user=0.16 sys=0.00, real=0.04 secs] 
2021-03-14T19:00:19.643+0800: 2616.295: [Full GC (Ergonomics) [PSYoungGen: 6139K->1836K(11264K)] [ParOldGen: 48769K->48769K(49152K)] 54909K->50606K(60416K), [Metaspace: 68127K->68127K(1112064K)], 0.0480439 secs] [Times: user=0.13 sys=0.00, real=0.05 secs] 
2021-03-14T19:00:27.357+0800: 2624.008: [Full GC (Ergonomics) [PSYoungGen: 6144K->1834K(11264K)] [ParOldGen: 48769K->48769K(49152K)] 54913K->50603K(60416K), [Metaspace: 68127K->68127K(1112064K)], 0.0465250 secs] [Times: user=0.15 sys=0.00, real=0.05 secs] 
2021-03-14T19:00:35.459+0800: 2632.110: [Full GC (Ergonomics) [PSYoungGen: 6144K->1834K(11264K)] [ParOldGen: 48769K->48769K(49152K)] 54913K->50604K(60416K), [Metaspace: 68127K->68127K(1112064K)], 0.0508143 secs] [Times: user=0.12 sys=0.00, real=0.05 secs] 
2021-03-14T19:00:42.554+0800: 2639.205: [Full GC (Ergonomics) [PSYoungGen: 6144K->1850K(11264K)] [ParOldGen: 48769K->48768K(49152K)] 54913K->50619K(60416K), [Metaspace: 68128K->68128K(1112064K)], 0.0481576 secs] [Times: user=0.14 sys=0.00, real=0.05 secs] 
2021-03-14T19:00:48.674+0800: 2645.325: [Full GC (Ergonomics) [PSYoungGen: 6138K->1865K(11264K)] [ParOldGen: 48768K->48768K(49152K)] 54907K->50633K(60416K), [Metaspace: 68128K->68128K(1112064K)], 0.0476205 secs] [Times: user=0.15 sys=0.00, real=0.05 secs] 
2021-03-14T19:00:56.708+0800: 2653.359: [Full GC (Ergonomics) [PSYoungGen: 6144K->1864K(11264K)] [ParOldGen: 48768K->48768K(49152K)] 54912K->50632K(60416K), [Metaspace: 68129K->68129K(1112064K)], 0.0477591 secs] [Times: user=0.16 sys=0.00, real=0.05 secs] 
2021-03-14T19:01:05.563+0800: 2662.215: [Full GC (Ergonomics) [PSYoungGen: 6144K->1852K(11264K)] [ParOldGen: 48768K->48768K(49152K)] 54912K->50621K(60416K), [Metaspace: 68129K->68129K(1112064K)], 0.0486472 secs] [Times: user=0.14 sys=0.00, real=0.05 secs] 
2021-03-14T19:01:12.482+0800: 2669.134: [Full GC (Ergonomics) [PSYoungGen: 6143K->1847K(11264K)] [ParOldGen: 48768K->48768K(49152K)] 54912K->50615K(60416K), [Metaspace: 68129K->68129K(1112064K)], 0.0504399 secs] [Times: user=0.12 sys=0.00, real=0.05 secs] 
2021-03-14T19:01:18.688+0800: 2675.340: [Full GC (Ergonomics) [PSYoungGen: 6144K->1857K(11264K)] [ParOldGen: 48768K->48768K(49152K)] 54912K->50625K(60416K), [Metaspace: 68129K->68129K(1112064K)], 0.0492531 secs] [Times: user=0.16 sys=0.00, real=0.05 secs] 
2021-03-14T19:01:26.221+0800: 2682.872: [Full GC (Ergonomics) [PSYoungGen: 6144K->1855K(11264K)] [ParOldGen: 48768K->48768K(49152K)] 54912K->50623K(60416K), [Metaspace: 68131K->68131K(1112064K)], 0.0468072 secs] [Times: user=0.15 sys=0.00, real=0.04 secs] 
2021-03-14T19:01:34.782+0800: 2691.433: [Full GC (Ergonomics) [PSYoungGen: 6144K->1846K(11264K)] [ParOldGen: 48768K->48768K(49152K)] 54912K->50614K(60416K), [Metaspace: 68135K->68135K(1112064K)], 0.0477173 secs] [Times: user=0.16 sys=0.00, real=0.05 secs] 
2021-03-14T19:01:40.711+0800: 2697.363: [Full GC (Ergonomics) [PSYoungGen: 6137K->1872K(11264K)] [ParOldGen: 48768K->48767K(49152K)] 54905K->50640K(60416K), [Metaspace: 68135K->68135K(1112064K)], 0.0476621 secs] [Times: user=0.13 sys=0.00, real=0.05 secs] 
2021-03-14T19:01:48.673+0800: 2705.325: [Full GC (Ergonomics) [PSYoungGen: 6139K->1875K(11264K)] [ParOldGen: 48767K->48767K(49152K)] 54906K->50642K(60416K), [Metaspace: 68135K->68135K(1112064K)], 0.0513503 secs] [Times: user=0.12 sys=0.00, real=0.05 secs] 
2021-03-14T19:01:56.265+0800: 2712.917: [Full GC (Ergonomics) [PSYoungGen: 6144K->1892K(11264K)] [ParOldGen: 48767K->48767K(49152K)] 54911K->50659K(60416K), [Metaspace: 68135K->68135K(1112064K)], 0.0498485 secs] [Times: user=0.13 sys=0.00, real=0.05 secs] 
2021-03-14T19:02:02.827+0800: 2719.479: [Full GC (Ergonomics) [PSYoungGen: 6144K->1855K(11264K)] [ParOldGen: 48767K->48767K(49152K)] 54911K->50622K(60416K), [Metaspace: 68135K->68135K(1112064K)], 0.0478194 secs] [Times: user=0.16 sys=0.00, real=0.05 secs] 
2021-03-14T19:02:10.733+0800: 2727.384: [Full GC (Ergonomics) [PSYoungGen: 6144K->1865K(11264K)] [ParOldGen: 48767K->48767K(49152K)] 54911K->50632K(60416K), [Metaspace: 68137K->68137K(1112064K)], 0.0474119 secs] [Times: user=0.15 sys=0.00, real=0.05 secs] 
2021-03-14T19:02:18.675+0800: 2735.327: [Full GC (Ergonomics) [PSYoungGen: 6134K->1875K(11264K)] [ParOldGen: 48767K->48766K(49152K)] 54901K->50641K(60416K), [Metaspace: 68137K->68137K(1112064K)], 0.0479971 secs] [Times: user=0.15 sys=0.00, real=0.05 secs] 
2021-03-14T19:02:25.744+0800: 2742.396: [Full GC (Ergonomics) [PSYoungGen: 6144K->1860K(11264K)] [ParOldGen: 48766K->48764K(49152K)] 54910K->50625K(60416K), [Metaspace: 68137K->68137K(1112064K)], 0.0473228 secs] [Times: user=0.16 sys=0.00, real=0.05 secs] 
2021-03-14T19:02:32.773+0800: 2749.425: [Full GC (Ergonomics) [PSYoungGen: 6144K->1900K(11264K)] [ParOldGen: 48764K->48764K(49152K)] 54908K->50665K(60416K), [Metaspace: 68137K->68137K(1112064K)], 0.0475873 secs] [Times: user=0.15 sys=0.00, real=0.05 secs] 
2021-03-14T19:02:38.678+0800: 2755.330: [Full GC (Ergonomics) [PSYoungGen: 6140K->1876K(11264K)] [ParOldGen: 48764K->48762K(49152K)] 54904K->50638K(60416K), [Metaspace: 68138K->68134K(1112064K)], 0.0522705 secs] [Times: user=0.15 sys=0.00, real=0.06 secs] 
2021-03-14T19:02:46.377+0800: 2763.029: [Full GC (Ergonomics) [PSYoungGen: 6140K->1873K(11264K)] [ParOldGen: 48762K->48762K(49152K)] 54902K->50635K(60416K), [Metaspace: 68135K->68135K(1112064K)], 0.0484670 secs] [Times: user=0.15 sys=0.00, real=0.05 secs] 
2021-03-14T19:02:54.190+0800: 2770.842: [Full GC (Ergonomics) [PSYoungGen: 6144K->1878K(11264K)] [ParOldGen: 48762K->48761K(49152K)] 54906K->50640K(60416K), [Metaspace: 68138K->68138K(1112064K)], 0.0500950 secs] [Times: user=0.16 sys=0.00, real=0.05 secs] 
2021-03-14T19:03:00.074+0800: 2776.726: [Full GC (Ergonomics) [PSYoungGen: 6138K->1881K(11264K)] [ParOldGen: 48761K->48761K(49152K)] 54900K->50643K(60416K), [Metaspace: 68151K->68151K(1112064K)], 0.0491830 secs] [Times: user=0.15 sys=0.00, real=0.05 secs] 
2021-03-14T19:03:08.098+0800: 2784.749: [Full GC (Ergonomics) [PSYoungGen: 6144K->1893K(11264K)] [ParOldGen: 48761K->48761K(49152K)] 54905K->50654K(60416K), [Metaspace: 68151K->68151K(1112064K)], 0.0475431 secs] [Times: user=0.14 sys=0.00, real=0.05 secs] 
2021-03-14T19:03:15.829+0800: 2792.481: [Full GC (Ergonomics) [PSYoungGen: 6144K->1875K(11264K)] [ParOldGen: 48761K->48761K(49152K)] 54905K->50636K(60416K), [Metaspace: 68151K->68151K(1112064K)], 0.0473824 secs] [Times: user=0.14 sys=0.00, real=0.04 secs] 
2021-03-14T19:03:22.582+0800: 2799.233: [Full GC (Ergonomics) [PSYoungGen: 6137K->1881K(11264K)] [ParOldGen: 48761K->48761K(49152K)] 54898K->50642K(60416K), [Metaspace: 68151K->68148K(1112064K)], 0.0548378 secs] [Times: user=0.17 sys=0.00, real=0.05 secs] 
2021-03-14T19:03:28.676+0800: 2805.327: [Full GC (Ergonomics) [PSYoungGen: 6144K->1873K(11264K)] [ParOldGen: 48761K->48761K(49152K)] 54905K->50634K(60416K), [Metaspace: 68148K->68148K(1112064K)], 0.0475462 secs] [Times: user=0.16 sys=0.00, real=0.05 secs] 
2021-03-14T19:03:36.916+0800: 2813.567: [Full GC (Ergonomics) [PSYoungGen: 6144K->1881K(11264K)] [ParOldGen: 48761K->48760K(49152K)] 54905K->50642K(60416K), [Metaspace: 68151K->68151K(1112064K)], 0.0469412 secs] [Times: user=0.15 sys=0.00, real=0.05 secs] 
2021-03-14T19:03:43.945+0800: 2820.597: [Full GC (Ergonomics) [PSYoungGen: 6144K->1862K(11264K)] [ParOldGen: 48760K->48760K(49152K)] 54904K->50623K(60416K), [Metaspace: 68153K->68153K(1112064K)], 0.0506224 secs] [Times: user=0.14 sys=0.00, real=0.05 secs] 
2021-03-14T19:03:50.726+0800: 2827.377: [Full GC (Ergonomics) [PSYoungGen: 6137K->1910K(11264K)] [ParOldGen: 48760K->48760K(49152K)] 54898K->50671K(60416K), [Metaspace: 68153K->68153K(1112064K)], 0.0469146 secs] [Times: user=0.15 sys=0.00, real=0.05 secs] 
2021-03-14T19:03:57.707+0800: 2834.359: [Full GC (Ergonomics) [PSYoungGen: 6143K->1898K(11264K)] [ParOldGen: 48760K->48752K(49152K)] 54904K->50650K(60416K), [Metaspace: 68154K->68154K(1112064K)], 0.0498406 secs] [Times: user=0.16 sys=0.00, real=0.05 secs] 
2021-03-14T19:04:03.843+0800: 2840.495: [Full GC (Ergonomics) [PSYoungGen: 6144K->1892K(11264K)] [ParOldGen: 48752K->48752K(49152K)] 54896K->50644K(60416K), [Metaspace: 68154K->68154K(1112064K)], 0.0570191 secs] [Times: user=0.15 sys=0.00, real=0.06 secs] 
2021-03-14T19:04:10.740+0800: 2847.392: [Full GC (Ergonomics) [PSYoungGen: 6144K->1913K(11264K)] [ParOldGen: 48752K->48752K(49152K)] 54896K->50665K(60416K), [Metaspace: 68162K->68162K(1112064K)], 0.0498151 secs] [Times: user=0.13 sys=0.00, real=0.05 secs] 
2021-03-14T19:04:16.917+0800: 2853.569: [Full GC (Ergonomics) [PSYoungGen: 6144K->1898K(11264K)] [ParOldGen: 48752K->48752K(49152K)] 54896K->50650K(60416K), [Metaspace: 68162K->68162K(1112064K)], 0.0497489 secs] [Times: user=0.14 sys=0.00, real=0.05 secs] 
2021-03-14T19:04:23.011+0800: 2859.663: [Full GC (Ergonomics) [PSYoungGen: 6144K->1911K(11264K)] [ParOldGen: 48752K->48751K(49152K)] 54896K->50663K(60416K), [Metaspace: 68162K->68162K(1112064K)], 0.0476417 secs] [Times: user=0.14 sys=0.00, real=0.05 secs] 
2021-03-14T19:04:28.679+0800: 2865.331: [Full GC (Ergonomics) [PSYoungGen: 6143K->1936K(11264K)] [ParOldGen: 48751K->48751K(49152K)] 54895K->50688K(60416K), [Metaspace: 68166K->68166K(1112064K)], 0.0474195 secs] [Times: user=0.15 sys=0.00, real=0.04 secs] 
2021-03-14T19:04:36.030+0800: 2872.681: [Full GC (Ergonomics) [PSYoungGen: 6144K->1901K(11264K)] [ParOldGen: 48751K->48751K(49152K)] 54895K->50653K(60416K), [Metaspace: 68166K->68166K(1112064K)], 0.0486342 secs] [Times: user=0.14 sys=0.00, real=0.05 secs] 
2021-03-14T19:04:41.215+0800: 2877.866: [Full GC (Ergonomics) [PSYoungGen: 6144K->1905K(11264K)] [ParOldGen: 48751K->48751K(49152K)] 54895K->50657K(60416K), [Metaspace: 68166K->68166K(1112064K)], 0.0474281 secs] [Times: user=0.15 sys=0.00, real=0.05 secs] 
2021-03-14T19:04:48.483+0800: 2885.135: [Full GC (Ergonomics) [PSYoungGen: 6144K->1903K(11264K)] [ParOldGen: 48751K->48751K(49152K)] 54895K->50655K(60416K), [Metaspace: 68166K->68166K(1112064K)], 0.0474254 secs] [Times: user=0.15 sys=0.00, real=0.05 secs] 
2021-03-14T19:04:54.504+0800: 2891.156: [Full GC (Ergonomics) [PSYoungGen: 6144K->1914K(11264K)] [ParOldGen: 48751K->48751K(49152K)] 54895K->50665K(60416K), [Metaspace: 68166K->68166K(1112064K)], 0.0514504 secs] [Times: user=0.12 sys=0.00, real=0.05 secs] 
2021-03-14T19:05:00.348+0800: 2896.999: [Full GC (Ergonomics) [PSYoungGen: 6144K->1910K(11264K)] [ParOldGen: 48751K->48751K(49152K)] 54895K->50662K(60416K), [Metaspace: 68166K->68166K(1112064K)], 0.0489114 secs] [Times: user=0.14 sys=0.00, real=0.05 secs] 
2021-03-14T19:05:07.060+0800: 2903.712: [Full GC (Ergonomics) [PSYoungGen: 6144K->1935K(11264K)] [ParOldGen: 48751K->48743K(49152K)] 54895K->50679K(60416K), [Metaspace: 68166K->68166K(1112064K)], 0.0506811 secs] [Times: user=0.15 sys=0.00, real=0.05 secs] 
2021-03-14T19:05:13.305+0800: 2909.956: [Full GC (Ergonomics) [PSYoungGen: 6144K->1922K(11264K)] [ParOldGen: 48743K->48743K(49152K)] 54887K->50666K(60416K), [Metaspace: 68166K->68166K(1112064K)], 0.0476188 secs] [Times: user=0.15 sys=0.00, real=0.05 secs] 
2021-03-14T19:05:18.678+0800: 2915.330: [Full GC (Ergonomics) [PSYoungGen: 6144K->1910K(11264K)] [ParOldGen: 48743K->48743K(49152K)] 54887K->50654K(60416K), [Metaspace: 68173K->68173K(1112064K)], 0.0460534 secs] [Times: user=0.15 sys=0.00, real=0.05 secs] 
2021-03-14T19:05:26.492+0800: 2923.144: [Full GC (Ergonomics) [PSYoungGen: 6144K->1916K(11264K)] [ParOldGen: 48743K->48743K(49152K)] 54887K->50660K(60416K), [Metaspace: 68173K->68173K(1112064K)], 0.0468901 secs] [Times: user=0.15 sys=0.00, real=0.05 secs] 
2021-03-14T19:05:32.952+0800: 2929.603: [Full GC (Ergonomics) [PSYoungGen: 6144K->1924K(11264K)] [ParOldGen: 48743K->48742K(49152K)] 54887K->50667K(60416K), [Metaspace: 68173K->68173K(1112064K)], 0.0488048 secs] [Times: user=0.15 sys=0.00, real=0.05 secs] 
2021-03-14T19:05:38.677+0800: 2935.328: [Full GC (Ergonomics) [PSYoungGen: 6144K->1941K(11264K)] [ParOldGen: 48742K->48742K(49152K)] 54886K->50683K(60416K), [Metaspace: 68173K->68173K(1112064K)], 0.0487267 secs] [Times: user=0.16 sys=0.00, real=0.05 secs] 
2021-03-14T19:05:43.200+0800: 2939.851: [Full GC (Ergonomics) [PSYoungGen: 6144K->3026K(11264K)] [ParOldGen: 48742K->48742K(49152K)] 54886K->51768K(60416K), [Metaspace: 68173K->68173K(1112064K)], 0.0492191 secs] [Times: user=0.17 sys=0.00, real=0.05 secs] 
2021-03-14T19:05:48.043+0800: 2944.694: [Full GC (Ergonomics) [PSYoungGen: 6136K->3023K(11264K)] [ParOldGen: 48742K->48742K(49152K)] 54879K->51765K(60416K), [Metaspace: 68173K->68173K(1112064K)], 0.0470707 secs] [Times: user=0.15 sys=0.00, real=0.05 secs] 
2021-03-14T19:05:53.037+0800: 2949.689: [Full GC (Ergonomics) [PSYoungGen: 6144K->3022K(11264K)] [ParOldGen: 48742K->48742K(49152K)] 54886K->51764K(60416K), [Metaspace: 68173K->68173K(1112064K)], 0.0458474 secs] [Times: user=0.14 sys=0.00, real=0.05 secs] 
2021-03-14T19:05:56.646+0800: 2953.298: [Full GC (Ergonomics) [PSYoungGen: 6144K->3025K(11264K)] [ParOldGen: 48742K->48742K(49152K)] 54886K->51767K(60416K), [Metaspace: 68173K->68173K(1112064K)], 0.0479467 secs] [Times: user=0.16 sys=0.00, real=0.05 secs] 
2021-03-14T19:06:01.428+0800: 2958.079: [Full GC (Ergonomics) [PSYoungGen: 6144K->3014K(11264K)] [ParOldGen: 48742K->48742K(49152K)] 54886K->51757K(60416K), [Metaspace: 68175K->68175K(1112064K)], 0.0473781 secs] [Times: user=0.15 sys=0.00, real=0.05 secs] 
2021-03-14T19:06:06.579+0800: 2963.231: [Full GC (Ergonomics) [PSYoungGen: 6144K->3053K(11264K)] [ParOldGen: 48742K->48742K(49152K)] 54886K->51796K(60416K), [Metaspace: 68175K->68175K(1112064K)], 0.0474405 secs] [Times: user=0.15 sys=0.00, real=0.04 secs] 
2021-03-14T19:06:10.727+0800: 2967.378: [Full GC (Ergonomics) [PSYoungGen: 6144K->3041K(11264K)] [ParOldGen: 48742K->48742K(49152K)] 54886K->51783K(60416K), [Metaspace: 68175K->68175K(1112064K)], 0.0488191 secs] [Times: user=0.16 sys=0.00, real=0.05 secs] 
2021-03-14T19:06:16.146+0800: 2972.797: [Full GC (Ergonomics) [PSYoungGen: 6144K->3027K(11264K)] [ParOldGen: 48742K->48742K(49152K)] 54886K->51770K(60416K), [Metaspace: 68175K->68175K(1112064K)], 0.0471390 secs] [Times: user=0.15 sys=0.00, real=0.05 secs] 
2021-03-14T19:06:19.300+0800: 2975.952: [Full GC (Ergonomics) [PSYoungGen: 6144K->3016K(11264K)] [ParOldGen: 48742K->48742K(49152K)] 54886K->51758K(60416K), [Metaspace: 68175K->68175K(1112064K)], 0.0503614 secs] [Times: user=0.15 sys=0.00, real=0.05 secs] 
2021-03-14T19:06:25.070+0800: 2981.721: [Full GC (Ergonomics) [PSYoungGen: 6142K->3035K(11264K)] [ParOldGen: 48742K->48742K(49152K)] 54884K->51778K(60416K), [Metaspace: 68176K->68176K(1112064K)], 0.0479289 secs] [Times: user=0.14 sys=0.00, real=0.04 secs] 
2021-03-14T19:06:28.677+0800: 2985.329: [Full GC (Ergonomics) [PSYoungGen: 6139K->3026K(11264K)] [ParOldGen: 48742K->48742K(49152K)] 54881K->51769K(60416K), [Metaspace: 68179K->68179K(1112064K)], 0.0475226 secs] [Times: user=0.15 sys=0.00, real=0.05 secs] 
2021-03-14T19:06:34.181+0800: 2990.833: [Full GC (Ergonomics) [PSYoungGen: 6144K->3013K(11264K)] [ParOldGen: 48742K->48742K(49152K)] 54886K->51755K(60416K), [Metaspace: 68179K->68179K(1112064K)], 0.0506003 secs] [Times: user=0.14 sys=0.00, real=0.05 secs] 
2021-03-14T19:06:38.677+0800: 2995.329: [Full GC (Ergonomics) [PSYoungGen: 6144K->3029K(11264K)] [ParOldGen: 48742K->48742K(49152K)] 54886K->51771K(60416K), [Metaspace: 68179K->68179K(1112064K)], 0.0481785 secs] [Times: user=0.16 sys=0.00, real=0.05 secs] 
2021-03-14T19:06:43.334+0800: 2999.986: [Full GC (Ergonomics) [PSYoungGen: 6144K->3024K(11264K)] [ParOldGen: 48742K->48742K(49152K)] 54886K->51766K(60416K), [Metaspace: 68179K->68179K(1112064K)], 0.0473709 secs] [Times: user=0.15 sys=0.00, real=0.05 secs] 
2021-03-14T19:06:48.177+0800: 3004.828: [Full GC (Ergonomics) [PSYoungGen: 6141K->3047K(11264K)] [ParOldGen: 48742K->48742K(49152K)] 54884K->51790K(60416K), [Metaspace: 68179K->68179K(1112064K)], 0.0483211 secs] [Times: user=0.15 sys=0.00, real=0.05 secs] 
2021-03-14T19:06:52.526+0800: 3009.177: [Full GC (Ergonomics) [PSYoungGen: 6144K->3080K(11264K)] [ParOldGen: 48742K->48740K(49152K)] 54886K->51821K(60416K), [Metaspace: 68179K->68179K(1112064K)], 0.0475416 secs] [Times: user=0.15 sys=0.00, real=0.05 secs] 
2021-03-14T19:06:56.680+0800: 3013.332: [Full GC (Ergonomics) [PSYoungGen: 6144K->3102K(11264K)] [ParOldGen: 48740K->48740K(49152K)] 54884K->51842K(60416K), [Metaspace: 68181K->68181K(1112064K)], 0.0496641 secs] [Times: user=0.17 sys=0.00, real=0.05 secs] 
2021-03-14T19:07:00.727+0800: 3017.379: [Full GC (Ergonomics) [PSYoungGen: 6144K->3083K(11264K)] [ParOldGen: 48740K->48738K(49152K)] 54884K->51822K(60416K), [Metaspace: 68184K->68184K(1112064K)], 0.0498332 secs] [Times: user=0.15 sys=0.00, real=0.05 secs] 
2021-03-14T19:07:06.280+0800: 3022.931: [Full GC (Ergonomics) [PSYoungGen: 6136K->3084K(11264K)] [ParOldGen: 48738K->48738K(49152K)] 54875K->51822K(60416K), [Metaspace: 68184K->68184K(1112064K)], 0.0498369 secs] [Times: user=0.14 sys=0.00, real=0.05 secs] 
2021-03-14T19:07:09.425+0800: 3026.076: [Full GC (Ergonomics) [PSYoungGen: 6141K->3035K(11264K)] [ParOldGen: 48738K->48738K(49152K)] 54880K->51773K(60416K), [Metaspace: 68184K->68184K(1112064K)], 0.0475694 secs] [Times: user=0.14 sys=0.00, real=0.05 secs] 
2021-03-14T19:07:14.975+0800: 3031.627: [Full GC (Ergonomics) [PSYoungGen: 6144K->3020K(11264K)] [ParOldGen: 48738K->48738K(49152K)] 54882K->51758K(60416K), [Metaspace: 68184K->68184K(1112064K)], 0.0501305 secs] [Times: user=0.14 sys=0.00, real=0.05 secs] 
2021-03-14T19:07:18.681+0800: 3035.332: [Full GC (Ergonomics) [PSYoungGen: 6144K->3072K(11264K)] [ParOldGen: 48738K->48738K(49152K)] 54882K->51810K(60416K), [Metaspace: 68184K->68184K(1112064K)], 0.0490378 secs] [Times: user=0.16 sys=0.00, real=0.05 secs] 
2021-03-14T19:07:23.671+0800: 3040.322: [Full GC (Ergonomics) [PSYoungGen: 6144K->3020K(11264K)] [ParOldGen: 48738K->48738K(49152K)] 54882K->51759K(60416K), [Metaspace: 68184K->68184K(1112064K)], 0.0487023 secs] [Times: user=0.15 sys=0.00, real=0.05 secs] 
2021-03-14T19:07:28.680+0800: 3045.332: [Full GC (Ergonomics) [PSYoungGen: 6144K->3043K(11264K)] [ParOldGen: 48738K->48738K(49152K)] 54882K->51781K(60416K), [Metaspace: 68184K->68184K(1112064K)], 0.0474388 secs] [Times: user=0.15 sys=0.00, real=0.04 secs] 
2021-03-14T19:07:33.332+0800: 3049.984: [Full GC (Ergonomics) [PSYoungGen: 6144K->3030K(11264K)] [ParOldGen: 48738K->48738K(49152K)] 54882K->51769K(60416K), [Metaspace: 68184K->68184K(1112064K)], 0.0479304 secs] [Times: user=0.16 sys=0.00, real=0.05 secs] 
2021-03-14T19:07:38.326+0800: 3054.978: [Full GC (Ergonomics) [PSYoungGen: 6144K->3028K(11264K)] [ParOldGen: 48738K->48738K(49152K)] 54882K->51767K(60416K), [Metaspace: 68184K->68184K(1112064K)], 0.0472034 secs] [Times: user=0.15 sys=0.00, real=0.05 secs] 
2021-03-14T19:07:43.200+0800: 3059.852: [Full GC (Ergonomics) [PSYoungGen: 6144K->3031K(11264K)] [ParOldGen: 48738K->48738K(49152K)] 54882K->51770K(60416K), [Metaspace: 68184K->68184K(1112064K)], 0.0494899 secs] [Times: user=0.16 sys=0.00, real=0.05 secs] 
2021-03-14T19:07:46.779+0800: 3063.430: [Full GC (Ergonomics) [PSYoungGen: 6144K->3044K(11264K)] [ParOldGen: 48738K->48738K(49152K)] 54882K->51783K(60416K), [Metaspace: 68184K->68184K(1112064K)], 0.0486494 secs] [Times: user=0.16 sys=0.00, real=0.04 secs] 
2021-03-14T19:07:51.345+0800: 3067.996: [Full GC (Ergonomics) [PSYoungGen: 6144K->3030K(11264K)] [ParOldGen: 48738K->48738K(49152K)] 54882K->51769K(60416K), [Metaspace: 68184K->68184K(1112064K)], 0.0506184 secs] [Times: user=0.13 sys=0.00, real=0.05 secs] 
2021-03-14T19:07:56.723+0800: 3073.375: [Full GC (Ergonomics) [PSYoungGen: 6144K->3030K(11264K)] [ParOldGen: 48738K->48738K(49152K)] 54882K->51769K(60416K), [Metaspace: 68184K->68184K(1112064K)], 0.0484452 secs] [Times: user=0.16 sys=0.00, real=0.05 secs] 
2021-03-14T19:08:00.565+0800: 3077.216: [Full GC (Ergonomics) [PSYoungGen: 6144K->3028K(11264K)] [ParOldGen: 48738K->48738K(49152K)] 54882K->51767K(60416K), [Metaspace: 68184K->68184K(1112064K)], 0.0514455 secs] [Times: user=0.11 sys=0.00, real=0.05 secs] 
2021-03-14T19:08:06.393+0800: 3083.045: [Full GC (Ergonomics) [PSYoungGen: 6144K->3019K(11264K)] [ParOldGen: 48738K->48738K(49152K)] 54882K->51757K(60416K), [Metaspace: 68184K->68184K(1112064K)], 0.0465592 secs] [Times: user=0.14 sys=0.00, real=0.05 secs] 
2021-03-14T19:08:09.581+0800: 3086.233: [Full GC (Ergonomics) [PSYoungGen: 6144K->3042K(11264K)] [ParOldGen: 48738K->48738K(49152K)] 54882K->51781K(60416K), [Metaspace: 68184K->68184K(1112064K)], 0.0468213 secs] [Times: user=0.14 sys=0.00, real=0.04 secs] 
2021-03-14T19:08:14.761+0800: 3091.412: [Full GC (Ergonomics) [PSYoungGen: 6144K->3043K(11264K)] [ParOldGen: 48738K->48738K(49152K)] 54882K->51782K(60416K), [Metaspace: 68184K->68184K(1112064K)], 0.0485174 secs] [Times: user=0.16 sys=0.00, real=0.05 secs] 
2021-03-14T19:08:18.681+0800: 3095.333: [Full GC (Ergonomics) [PSYoungGen: 6144K->3064K(11264K)] [ParOldGen: 48738K->48737K(49152K)] 54882K->51802K(60416K), [Metaspace: 68185K->68185K(1112064K)], 0.0544475 secs] [Times: user=0.20 sys=0.00, real=0.05 secs] 
2021-03-14T19:08:23.506+0800: 3100.158: [Full GC (Ergonomics) [PSYoungGen: 6144K->3049K(11264K)] [ParOldGen: 48737K->48736K(49152K)] 54881K->51786K(60416K), [Metaspace: 68188K->68188K(1112064K)], 0.0481030 secs] [Times: user=0.16 sys=0.00, real=0.05 secs] 
2021-03-14T19:08:28.256+0800: 3104.908: [Full GC (Ergonomics) [PSYoungGen: 6144K->3040K(11264K)] [ParOldGen: 48736K->48735K(49152K)] 54880K->51776K(60416K), [Metaspace: 68188K->68188K(1112064K)], 0.0531469 secs] [Times: user=0.17 sys=0.00, real=0.06 secs] 
2021-03-14T19:08:33.340+0800: 3109.991: [Full GC (Ergonomics) [PSYoungGen: 6144K->3048K(11264K)] [ParOldGen: 48735K->48735K(49152K)] 54879K->51784K(60416K), [Metaspace: 68189K->68189K(1112064K)], 0.0480433 secs] [Times: user=0.14 sys=0.00, real=0.04 secs] 
2021-03-14T19:08:36.876+0800: 3113.528: [Full GC (Ergonomics) [PSYoungGen: 6144K->3054K(11264K)] [ParOldGen: 48735K->48735K(49152K)] 54879K->51789K(60416K), [Metaspace: 68189K->68189K(1112064K)], 0.0498455 secs] [Times: user=0.17 sys=0.00, real=0.05 secs] 
2021-03-14T19:08:41.591+0800: 3118.242: [Full GC (Ergonomics) [PSYoungGen: 6138K->3048K(11264K)] [ParOldGen: 48735K->48735K(49152K)] 54873K->51784K(60416K), [Metaspace: 68189K->68189K(1112064K)], 0.0505590 secs] [Times: user=0.12 sys=0.00, real=0.05 secs] 
2021-03-14T19:08:46.846+0800: 3123.497: [Full GC (Ergonomics) [PSYoungGen: 6144K->3049K(11264K)] [ParOldGen: 48735K->48735K(49152K)] 54879K->51784K(60416K), [Metaspace: 68189K->68189K(1112064K)], 0.0465348 secs] [Times: user=0.15 sys=0.00, real=0.05 secs] 
2021-03-14T19:08:50.749+0800: 3127.400: [Full GC (Ergonomics) [PSYoungGen: 6144K->3075K(11264K)] [ParOldGen: 48735K->48735K(49152K)] 54879K->51811K(60416K), [Metaspace: 68189K->68189K(1112064K)], 0.0495272 secs] [Times: user=0.15 sys=0.00, real=0.05 secs] 
2021-03-14T19:08:55.816+0800: 3132.468: [Full GC (Ergonomics) [PSYoungGen: 6140K->3061K(11264K)] [ParOldGen: 48735K->48735K(49152K)] 54875K->51797K(60416K), [Metaspace: 68189K->68189K(1112064K)], 0.0479507 secs] [Times: user=0.12 sys=0.00, real=0.05 secs] 
2021-03-14T19:08:58.682+0800: 3135.333: [Full GC (Ergonomics) [PSYoungGen: 6134K->3060K(11264K)] [ParOldGen: 48735K->48735K(49152K)] 54870K->51796K(60416K), [Metaspace: 68189K->68189K(1112064K)], 0.0489297 secs] [Times: user=0.15 sys=0.00, real=0.05 secs] 
2021-03-14T19:09:04.267+0800: 3140.919: [Full GC (Ergonomics) [PSYoungGen: 6140K->3061K(11264K)] [ParOldGen: 48735K->48735K(49152K)] 54875K->51796K(60416K), [Metaspace: 68189K->68189K(1112064K)], 0.0485301 secs] [Times: user=0.14 sys=0.01, real=0.05 secs] 
2021-03-14T19:09:08.680+0800: 3145.331: [Full GC (Ergonomics) [PSYoungGen: 6143K->3055K(11264K)] [ParOldGen: 48735K->48735K(49152K)] 54878K->51790K(60416K), [Metaspace: 68189K->68189K(1112064K)], 0.0631121 secs] [Times: user=0.27 sys=0.00, real=0.06 secs] 
2021-03-14T19:09:13.503+0800: 3150.154: [Full GC (Ergonomics) [PSYoungGen: 6144K->3064K(11264K)] [ParOldGen: 48735K->48734K(49152K)] 54879K->51798K(60416K), [Metaspace: 68189K->68189K(1112064K)], 0.0484638 secs] [Times: user=0.16 sys=0.00, real=0.05 secs] 
2021-03-14T19:09:16.972+0800: 3153.624: [Full GC (Ergonomics) [PSYoungGen: 6144K->3059K(11264K)] [ParOldGen: 48734K->48734K(49152K)] 54878K->51794K(60416K), [Metaspace: 68189K->68189K(1112064K)], 0.0497008 secs] [Times: user=0.16 sys=0.00, real=0.05 secs] 
2021-03-14T19:09:21.516+0800: 3158.167: [Full GC (Ergonomics) [PSYoungGen: 6144K->3053K(11264K)] [ParOldGen: 48734K->48734K(49152K)] 54878K->51787K(60416K), [Metaspace: 68191K->68191K(1112064K)], 0.0475574 secs] [Times: user=0.15 sys=0.00, real=0.05 secs] 
2021-03-14T19:09:26.867+0800: 3163.518: [Full GC (Ergonomics) [PSYoungGen: 6144K->3061K(11264K)] [ParOldGen: 48734K->48734K(49152K)] 54878K->51795K(60416K), [Metaspace: 68191K->68191K(1112064K)], 0.0500280 secs] [Times: user=0.14 sys=0.00, real=0.05 secs] 
2021-03-14T19:09:30.730+0800: 3167.381: [Full GC (Ergonomics) [PSYoungGen: 6144K->3047K(11264K)] [ParOldGen: 48734K->48734K(49152K)] 54878K->51781K(60416K), [Metaspace: 68194K->68194K(1112064K)], 0.0527464 secs] [Times: user=0.18 sys=0.00, real=0.05 secs] 
2021-03-14T19:09:35.376+0800: 3172.028: [Full GC (Ergonomics) [PSYoungGen: 6138K->3062K(11264K)] [ParOldGen: 48734K->48733K(49152K)] 54872K->51795K(60416K), [Metaspace: 68194K->68194K(1112064K)], 0.0464368 secs] [Times: user=0.15 sys=0.00, real=0.05 secs] 
2021-03-14T19:09:38.685+0800: 3175.337: [Full GC (Ergonomics) [PSYoungGen: 6144K->3050K(11264K)] [ParOldGen: 48733K->48733K(49152K)] 54877K->51783K(60416K), [Metaspace: 68194K->68194K(1112064K)], 0.0472178 secs] [Times: user=0.14 sys=0.00, real=0.05 secs] 
2021-03-14T19:09:44.537+0800: 3181.188: [Full GC (Ergonomics) [PSYoungGen: 6144K->3063K(11264K)] [ParOldGen: 48733K->48733K(49152K)] 54877K->51796K(60416K), [Metaspace: 68194K->68194K(1112064K)], 0.0502077 secs] [Times: user=0.13 sys=0.00, real=0.05 secs] 
2021-03-14T19:09:48.680+0800: 3185.331: [Full GC (Ergonomics) [PSYoungGen: 6144K->3070K(11264K)] [ParOldGen: 48733K->48733K(49152K)] 54877K->51803K(60416K), [Metaspace: 68194K->68194K(1112064K)], 0.0460961 secs] [Times: user=0.15 sys=0.00, real=0.04 secs] 
2021-03-14T19:09:53.612+0800: 3190.263: [Full GC (Ergonomics) [PSYoungGen: 6142K->3080K(11264K)] [ParOldGen: 48733K->48733K(49152K)] 54875K->51813K(60416K), [Metaspace: 68194K->68194K(1112064K)], 0.0515363 secs] [Times: user=0.14 sys=0.00, real=0.05 secs] 
2021-03-14T19:09:57.054+0800: 3193.705: [Full GC (Ergonomics) [PSYoungGen: 6143K->3076K(11264K)] [ParOldGen: 48733K->48733K(49152K)] 54877K->51809K(60416K), [Metaspace: 68194K->68194K(1112064K)], 0.0476588 secs] [Times: user=0.15 sys=0.00, real=0.05 secs] 
2021-03-14T19:10:02.022+0800: 3198.674: [Full GC (Ergonomics) [PSYoungGen: 6144K->3053K(11264K)] [ParOldGen: 48733K->48733K(49152K)] 54877K->51786K(60416K), [Metaspace: 68195K->68195K(1112064K)], 0.0490051 secs] [Times: user=0.13 sys=0.00, real=0.05 secs] 
2021-03-14T19:10:06.968+0800: 3203.620: [Full GC (Ergonomics) [PSYoungGen: 6144K->3102K(11264K)] [ParOldGen: 48733K->48733K(49152K)] 54877K->51835K(60416K), [Metaspace: 68196K->68196K(1112064K)], 0.0495739 secs] [Times: user=0.16 sys=0.00, real=0.05 secs] 
2021-03-14T19:10:10.753+0800: 3207.404: [Full GC (Ergonomics) [PSYoungGen: 6144K->3079K(11264K)] [ParOldGen: 48733K->48733K(49152K)] 54877K->51812K(60416K), [Metaspace: 68196K->68196K(1112064K)], 0.0474053 secs] [Times: user=0.15 sys=0.00, real=0.05 secs] 
2021-03-14T19:10:16.025+0800: 3212.677: [Full GC (Ergonomics) [PSYoungGen: 6137K->3080K(11264K)] [ParOldGen: 48733K->48733K(49152K)] 54870K->51813K(60416K), [Metaspace: 68196K->68196K(1112064K)], 0.0539291 secs] [Times: user=0.12 sys=0.00, real=0.06 secs] 
2021-03-14T19:10:18.704+0800: 3215.356: [Full GC (Ergonomics) [PSYoungGen: 6144K->3074K(11264K)] [ParOldGen: 48733K->48733K(49152K)] 54877K->51807K(60416K), [Metaspace: 68196K->68196K(1112064K)], 0.0483685 secs] [Times: user=0.12 sys=0.00, real=0.05 secs] 
2021-03-14T19:10:24.868+0800: 3221.520: [Full GC (Ergonomics) [PSYoungGen: 6144K->3086K(11264K)] [ParOldGen: 48733K->48733K(49152K)] 54877K->51819K(60416K), [Metaspace: 68196K->68196K(1112064K)], 0.0491739 secs] [Times: user=0.12 sys=0.00, real=0.05 secs] 
2021-03-14T19:10:28.682+0800: 3225.334: [Full GC (Ergonomics) [PSYoungGen: 6144K->3091K(11264K)] [ParOldGen: 48733K->48733K(49152K)] 54877K->51824K(60416K), [Metaspace: 68196K->68196K(1112064K)], 0.0476698 secs] [Times: user=0.15 sys=0.00, real=0.05 secs] 
2021-03-14T19:10:33.727+0800: 3230.379: [Full GC (Ergonomics) [PSYoungGen: 6144K->3106K(11264K)] [ParOldGen: 48733K->48733K(49152K)] 54877K->51839K(60416K), [Metaspace: 68196K->68196K(1112064K)], 0.0488866 secs] [Times: user=0.14 sys=0.00, real=0.05 secs] 
2021-03-14T19:10:38.190+0800: 3234.841: [Full GC (Ergonomics) [PSYoungGen: 6144K->3071K(11264K)] [ParOldGen: 48733K->48733K(49152K)] 54877K->51804K(60416K), [Metaspace: 68196K->68196K(1112064K)], 0.0526133 secs] [Times: user=0.12 sys=0.00, real=0.05 secs] 
2021-03-14T19:10:42.916+0800: 3239.568: [Full GC (Ergonomics) [PSYoungGen: 6144K->3079K(11264K)] [ParOldGen: 48733K->48733K(49152K)] 54877K->51812K(60416K), [Metaspace: 68196K->68196K(1112064K)], 0.0516788 secs] [Times: user=0.13 sys=0.00, real=0.05 secs] 
2021-03-14T19:10:47.058+0800: 3243.710: [Full GC (Ergonomics) [PSYoungGen: 6144K->3119K(11264K)] [ParOldGen: 48733K->48733K(49152K)] 54877K->51852K(60416K), [Metaspace: 68196K->68196K(1112064K)], 0.0485691 secs] [Times: user=0.13 sys=0.00, real=0.05 secs] 
2021-03-14T19:10:50.742+0800: 3247.394: [Full GC (Ergonomics) [PSYoungGen: 6144K->3083K(11264K)] [ParOldGen: 48733K->48733K(49152K)] 54877K->51816K(60416K), [Metaspace: 68202K->68202K(1112064K)], 0.0463855 secs] [Times: user=0.15 sys=0.00, real=0.05 secs] 
2021-03-14T19:10:56.156+0800: 3252.808: [Full GC (Ergonomics) [PSYoungGen: 6141K->3074K(11264K)] [ParOldGen: 48733K->48733K(49152K)] 54875K->51807K(60416K), [Metaspace: 68202K->68202K(1112064K)], 0.0489492 secs] [Times: user=0.12 sys=0.00, real=0.05 secs] 
2021-03-14T19:10:58.806+0800: 3255.458: [Full GC (Ergonomics) [PSYoungGen: 6137K->3079K(11264K)] [ParOldGen: 48733K->48733K(49152K)] 54870K->51812K(60416K), [Metaspace: 68202K->68202K(1112064K)], 0.0480537 secs] [Times: user=0.17 sys=0.00, real=0.05 secs] 
2021-03-14T19:11:05.045+0800: 3261.696: [Full GC (Ergonomics) [PSYoungGen: 6144K->3084K(11264K)] [ParOldGen: 48733K->48733K(49152K)] 54877K->51817K(60416K), [Metaspace: 68202K->68202K(1112064K)], 0.0704273 secs] [Times: user=0.34 sys=0.00, real=0.07 secs] 
2021-03-14T19:11:08.684+0800: 3265.335: [Full GC (Ergonomics) [PSYoungGen: 6144K->3090K(11264K)] [ParOldGen: 48733K->48732K(49152K)] 54877K->51823K(60416K), [Metaspace: 68202K->68202K(1112064K)], 0.0475484 secs] [Times: user=0.16 sys=0.00, real=0.05 secs] 
2021-03-14T19:11:13.832+0800: 3270.484: [Full GC (Ergonomics) [PSYoungGen: 6144K->3111K(11264K)] [ParOldGen: 48732K->48732K(49152K)] 54876K->51844K(60416K), [Metaspace: 68203K->68203K(1112064K)], 0.0486788 secs] [Times: user=0.12 sys=0.00, real=0.05 secs] 
2021-03-14T19:11:18.337+0800: 3274.989: [Full GC (Ergonomics) [PSYoungGen: 6144K->3076K(11264K)] [ParOldGen: 48732K->48732K(49152K)] 54876K->51809K(60416K), [Metaspace: 68203K->68203K(1112064K)], 0.0515492 secs] [Times: user=0.14 sys=0.00, real=0.06 secs] 
2021-03-14T19:11:22.664+0800: 3279.315: [Full GC (Ergonomics) [PSYoungGen: 6144K->3071K(11264K)] [ParOldGen: 48732K->48732K(49152K)] 54876K->51804K(60416K), [Metaspace: 68203K->68203K(1112064K)], 0.0515541 secs] [Times: user=0.12 sys=0.00, real=0.05 secs] 
2021-03-14T19:11:27.152+0800: 3283.803: [Full GC (Ergonomics) [PSYoungGen: 6144K->3112K(11264K)] [ParOldGen: 48732K->48732K(49152K)] 54876K->51845K(60416K), [Metaspace: 68207K->68207K(1112064K)], 0.0479388 secs] [Times: user=0.14 sys=0.00, real=0.05 secs] 
2021-03-14T19:11:30.742+0800: 3287.393: [Full GC (Ergonomics) [PSYoungGen: 6144K->3075K(11264K)] [ParOldGen: 48732K->48732K(49152K)] 54876K->51808K(60416K), [Metaspace: 68208K->68208K(1112064K)], 0.0470879 secs] [Times: user=0.15 sys=0.00, real=0.05 secs] 
2021-03-14T19:11:36.333+0800: 3292.985: [Full GC (Ergonomics) [PSYoungGen: 6144K->3083K(11264K)] [ParOldGen: 48732K->48732K(49152K)] 54876K->51816K(60416K), [Metaspace: 68208K->68208K(1112064K)], 0.0469968 secs] [Times: user=0.15 sys=0.00, real=0.05 secs] 
2021-03-14T19:11:38.944+0800: 3295.595: [Full GC (Ergonomics) [PSYoungGen: 6136K->3096K(11264K)] [ParOldGen: 48732K->48732K(49152K)] 54869K->51829K(60416K), [Metaspace: 68214K->68214K(1112064K)], 0.0624625 secs] [Times: user=0.26 sys=0.00, real=0.06 secs] 
2021-03-14T19:11:45.105+0800: 3301.757: [Full GC (Ergonomics) [PSYoungGen: 6144K->3113K(11264K)] [ParOldGen: 48732K->48732K(49152K)] 54876K->51845K(60416K), [Metaspace: 68214K->68214K(1112064K)], 0.0479580 secs] [Times: user=0.15 sys=0.00, real=0.05 secs] 
2021-03-14T19:11:48.684+0800: 3305.336: [Full GC (Ergonomics) [PSYoungGen: 6144K->3137K(11264K)] [ParOldGen: 48732K->48732K(49152K)] 54876K->51870K(60416K), [Metaspace: 68223K->68223K(1112064K)], 0.0475984 secs] [Times: user=0.15 sys=0.00, real=0.05 secs] 
2021-03-14T19:11:54.182+0800: 3310.833: [Full GC (Ergonomics) [PSYoungGen: 6144K->3097K(11264K)] [ParOldGen: 48732K->48732K(49152K)] 54876K->51829K(60416K), [Metaspace: 68223K->68223K(1112064K)], 0.0555179 secs] [Times: user=0.14 sys=0.00, real=0.05 secs] 
2021-03-14T19:11:58.681+0800: 3315.333: [Full GC (Ergonomics) [PSYoungGen: 6144K->3098K(11264K)] [ParOldGen: 48732K->48731K(49152K)] 54876K->51830K(60416K), [Metaspace: 68225K->68225K(1112064K)], 0.0491469 secs] [Times: user=0.16 sys=0.00, real=0.05 secs] 
2021-03-14T19:12:03.947+0800: 3320.598: [Full GC (Ergonomics) [PSYoungGen: 6144K->3086K(11264K)] [ParOldGen: 48731K->48731K(49152K)] 54875K->51817K(60416K), [Metaspace: 68225K->68221K(1112064K)], 0.0568897 secs] [Times: user=0.16 sys=0.00, real=0.06 secs] 
2021-03-14T19:12:08.682+0800: 3325.333: [Full GC (Ergonomics) [PSYoungGen: 6144K->3093K(11264K)] [ParOldGen: 48731K->48731K(49152K)] 54875K->51825K(60416K), [Metaspace: 68224K->68224K(1112064K)], 0.0490821 secs] [Times: user=0.13 sys=0.00, real=0.05 secs] 
2021-03-14T19:12:14.015+0800: 3330.666: [Full GC (Ergonomics) [PSYoungGen: 6144K->3070K(11264K)] [ParOldGen: 48731K->48731K(49152K)] 54875K->51802K(60416K), [Metaspace: 68224K->68224K(1112064K)], 0.0506366 secs] [Times: user=0.17 sys=0.00, real=0.05 secs] 
2021-03-14T19:12:18.682+0800: 3335.333: [Full GC (Ergonomics) [PSYoungGen: 6142K->3084K(11264K)] [ParOldGen: 48731K->48731K(49152K)] 54874K->51815K(60416K), [Metaspace: 68224K->68224K(1112064K)], 0.0484350 secs] [Times: user=0.16 sys=0.00, real=0.05 secs] 
2021-03-14T19:12:23.820+0800: 3340.471: [Full GC (Ergonomics) [PSYoungGen: 6140K->3086K(11264K)] [ParOldGen: 48731K->48731K(49152K)] 54872K->51817K(60416K), [Metaspace: 68224K->68224K(1112064K)], 0.0480894 secs] [Times: user=0.15 sys=0.00, real=0.04 secs] 
2021-03-14T19:12:27.523+0800: 3344.174: [Full GC (Ergonomics) [PSYoungGen: 6144K->3103K(11264K)] [ParOldGen: 48731K->48731K(49152K)] 54875K->51834K(60416K), [Metaspace: 68224K->68224K(1112064K)], 0.0482320 secs] [Times: user=0.15 sys=0.00, real=0.05 secs] 
2021-03-14T19:12:34.048+0800: 3350.699: [Full GC (Ergonomics) [PSYoungGen: 6144K->3080K(11264K)] [ParOldGen: 48731K->48731K(49152K)] 54875K->51812K(60416K), [Metaspace: 68224K->68224K(1112064K)], 0.0487113 secs] [Times: user=0.16 sys=0.00, real=0.05 secs] 
2021-03-14T19:12:38.683+0800: 3355.334: [Full GC (Ergonomics) [PSYoungGen: 6131K->3097K(11264K)] [ParOldGen: 48731K->48731K(49152K)] 54862K->51829K(60416K), [Metaspace: 68224K->68224K(1112064K)], 0.0470646 secs] [Times: user=0.14 sys=0.00, real=0.05 secs] 
2021-03-14T19:12:43.780+0800: 3360.432: [Full GC (Ergonomics) [PSYoungGen: 6144K->3085K(11264K)] [ParOldGen: 48731K->48731K(49152K)] 54875K->51816K(60416K), [Metaspace: 68224K->68224K(1112064K)], 0.0485680 secs] [Times: user=0.13 sys=0.00, real=0.05 secs] 
2021-03-14T19:12:47.252+0800: 3363.903: [Full GC (Ergonomics) [PSYoungGen: 6144K->3101K(11264K)] [ParOldGen: 48731K->48731K(49152K)] 54875K->51833K(60416K), [Metaspace: 68224K->68224K(1112064K)], 0.0473311 secs] [Times: user=0.15 sys=0.00, real=0.05 secs] 
2021-03-14T19:12:50.748+0800: 3367.400: [Full GC (Ergonomics) [PSYoungGen: 6144K->3116K(11264K)] [ParOldGen: 48731K->48731K(49152K)] 54875K->51847K(60416K), [Metaspace: 68224K->68224K(1112064K)], 0.0491101 secs] [Times: user=0.16 sys=0.00, real=0.05 secs] 
2021-03-14T19:12:55.269+0800: 3371.920: [Full GC (Ergonomics) [PSYoungGen: 6144K->3119K(11264K)] [ParOldGen: 48731K->48731K(49152K)] 54875K->51851K(60416K), [Metaspace: 68224K->68224K(1112064K)], 0.0484157 secs] [Times: user=0.16 sys=0.00, real=0.04 secs] 
2021-03-14T19:12:58.685+0800: 3375.337: [Full GC (Ergonomics) [PSYoungGen: 6144K->3147K(11264K)] [ParOldGen: 48731K->48731K(49152K)] 54875K->51879K(60416K), [Metaspace: 68224K->68224K(1112064K)], 0.0483743 secs] [Times: user=0.16 sys=0.00, real=0.05 secs] 
2021-03-14T19:13:04.140+0800: 3380.791: [Full GC (Ergonomics) [PSYoungGen: 6144K->3127K(11264K)] [ParOldGen: 48731K->48731K(49152K)] 54875K->51859K(60416K), [Metaspace: 68229K->68229K(1112064K)], 0.0492532 secs] [Times: user=0.15 sys=0.00, real=0.05 secs] 
2021-03-14T19:13:08.676+0800: 3385.328: [Full GC (Ergonomics) [PSYoungGen: 6144K->3088K(11264K)] [ParOldGen: 48731K->48731K(49152K)] 54875K->51819K(60416K), [Metaspace: 68229K->68229K(1112064K)], 0.0503725 secs] [Times: user=0.16 sys=0.00, real=0.05 secs] 
2021-03-14T19:13:13.907+0800: 3390.558: [Full GC (Ergonomics) [PSYoungGen: 6144K->3093K(11264K)] [ParOldGen: 48731K->48731K(49152K)] 54875K->51825K(60416K), [Metaspace: 68229K->68229K(1112064K)], 0.0466955 secs] [Times: user=0.13 sys=0.00, real=0.05 secs] 
2021-03-14T19:13:17.325+0800: 3393.977: [Full GC (Ergonomics) [PSYoungGen: 6144K->3123K(11264K)] [ParOldGen: 48731K->48731K(49152K)] 54875K->51855K(60416K), [Metaspace: 68230K->68230K(1112064K)], 0.0476004 secs] [Times: user=0.14 sys=0.00, real=0.05 secs] 
2021-03-14T19:13:20.733+0800: 3397.384: [Full GC (Ergonomics) [PSYoungGen: 6144K->3096K(11264K)] [ParOldGen: 48731K->48731K(49152K)] 54875K->51828K(60416K), [Metaspace: 68230K->68230K(1112064K)], 0.0483948 secs] [Times: user=0.14 sys=0.00, real=0.05 secs] 
2021-03-14T19:13:25.360+0800: 3402.011: [Full GC (Ergonomics) [PSYoungGen: 6144K->3105K(11264K)] [ParOldGen: 48731K->48731K(49152K)] 54875K->51837K(60416K), [Metaspace: 68230K->68230K(1112064K)], 0.0536365 secs] [Times: user=0.13 sys=0.00, real=0.05 secs] 
2021-03-14T19:13:28.700+0800: 3405.352: [Full GC (Ergonomics) [PSYoungGen: 6144K->3116K(11264K)] [ParOldGen: 48731K->48731K(49152K)] 54875K->51848K(60416K), [Metaspace: 68231K->68231K(1112064K)], 0.0468460 secs] [Times: user=0.15 sys=0.01, real=0.04 secs] 
2021-03-14T19:13:34.187+0800: 3410.838: [Full GC (Ergonomics) [PSYoungGen: 6141K->3111K(11264K)] [ParOldGen: 48731K->48731K(49152K)] 54873K->51843K(60416K), [Metaspace: 68231K->68231K(1112064K)], 0.0493574 secs] [Times: user=0.13 sys=0.00, real=0.05 secs] 
2021-03-14T19:13:37.641+0800: 3414.292: [Full GC (Ergonomics) [PSYoungGen: 6144K->3126K(11264K)] [ParOldGen: 48731K->48731K(49152K)] 54875K->51858K(60416K), [Metaspace: 68231K->68231K(1112064K)], 0.0510790 secs] [Times: user=0.14 sys=0.00, real=0.05 secs] 
2021-03-14T19:13:43.915+0800: 3420.567: [Full GC (Ergonomics) [PSYoungGen: 6144K->3091K(11264K)] [ParOldGen: 48731K->48731K(49152K)] 54875K->51822K(60416K), [Metaspace: 68231K->68231K(1112064K)], 0.0478970 secs] [Times: user=0.14 sys=0.00, real=0.05 secs] 
2021-03-14T19:13:47.393+0800: 3424.044: [Full GC (Ergonomics) [PSYoungGen: 6144K->3150K(11264K)] [ParOldGen: 48731K->48731K(49152K)] 54875K->51882K(60416K), [Metaspace: 68231K->68231K(1112064K)], 0.0495404 secs] [Times: user=0.16 sys=0.00, real=0.05 secs] 
2021-03-14T19:13:50.737+0800: 3427.388: [Full GC (Ergonomics) [PSYoungGen: 6144K->3089K(11264K)] [ParOldGen: 48731K->48731K(49152K)] 54875K->51820K(60416K), [Metaspace: 68233K->68233K(1112064K)], 0.0506166 secs] [Times: user=0.12 sys=0.00, real=0.05 secs] 
2021-03-14T19:13:55.457+0800: 3432.109: [Full GC (Ergonomics) [PSYoungGen: 6144K->3105K(11264K)] [ParOldGen: 48731K->48731K(49152K)] 54875K->51836K(60416K), [Metaspace: 68233K->68233K(1112064K)], 0.0478696 secs] [Times: user=0.12 sys=0.00, real=0.05 secs] 
2021-03-14T19:13:58.687+0800: 3435.338: [Full GC (Ergonomics) [PSYoungGen: 6138K->3100K(11264K)] [ParOldGen: 48731K->48731K(49152K)] 54870K->51832K(60416K), [Metaspace: 68233K->68233K(1112064K)], 0.0479443 secs] [Times: user=0.16 sys=0.00, real=0.05 secs] 
2021-03-14T19:14:05.241+0800: 3441.892: [Full GC (Ergonomics) [PSYoungGen: 6144K->3097K(11264K)] [ParOldGen: 48731K->48731K(49152K)] 54875K->51828K(60416K), [Metaspace: 68233K->68233K(1112064K)], 0.0509997 secs] [Times: user=0.14 sys=0.01, real=0.05 secs] 
2021-03-14T19:14:08.690+0800: 3445.341: [Full GC (Ergonomics) [PSYoungGen: 6144K->3080K(11264K)] [ParOldGen: 48731K->48731K(49152K)] 54875K->51812K(60416K), [Metaspace: 68233K->68233K(1112064K)], 0.0482660 secs] [Times: user=0.16 sys=0.00, real=0.04 secs] 
2021-03-14T19:14:13.842+0800: 3450.494: [Full GC (Ergonomics) [PSYoungGen: 6144K->3085K(11264K)] [ParOldGen: 48731K->48731K(49152K)] 54875K->51816K(60416K), [Metaspace: 68233K->68233K(1112064K)], 0.0528034 secs] [Times: user=0.13 sys=0.00, real=0.05 secs] 
2021-03-14T19:14:17.469+0800: 3454.121: [Full GC (Ergonomics) [PSYoungGen: 6144K->3112K(11264K)] [ParOldGen: 48731K->48731K(49152K)] 54875K->51844K(60416K), [Metaspace: 68233K->68233K(1112064K)], 0.0480095 secs] [Times: user=0.14 sys=0.00, real=0.04 secs] 
2021-03-14T19:14:21.451+0800: 3458.103: [Full GC (Ergonomics) [PSYoungGen: 6144K->3098K(11264K)] [ParOldGen: 48731K->48731K(49152K)] 54875K->51830K(60416K), [Metaspace: 68234K->68234K(1112064K)], 0.0497987 secs] [Times: user=0.15 sys=0.00, real=0.05 secs] 
2021-03-14T19:14:26.598+0800: 3463.250: [Full GC (Ergonomics) [PSYoungGen: 6136K->3095K(11264K)] [ParOldGen: 48731K->48731K(49152K)] 54868K->51827K(60416K), [Metaspace: 68236K->68236K(1112064K)], 0.0472370 secs] [Times: user=0.14 sys=0.00, real=0.05 secs] 
2021-03-14T19:14:29.325+0800: 3465.977: [Full GC (Ergonomics) [PSYoungGen: 6144K->3087K(11264K)] [ParOldGen: 48731K->48731K(49152K)] 54875K->51819K(60416K), [Metaspace: 68236K->68236K(1112064K)], 0.0491232 secs] [Times: user=0.15 sys=0.01, real=0.05 secs] 
2021-03-14T19:14:35.343+0800: 3471.995: [Full GC (Ergonomics) [PSYoungGen: 6144K->3092K(11264K)] [ParOldGen: 48731K->48731K(49152K)] 54875K->51824K(60416K), [Metaspace: 68236K->68236K(1112064K)], 0.0560769 secs] [Times: user=0.12 sys=0.00, real=0.06 secs] 
2021-03-14T19:14:38.684+0800: 3475.336: [Full GC (Ergonomics) [PSYoungGen: 6144K->3101K(11264K)] [ParOldGen: 48731K->48731K(49152K)] 54875K->51832K(60416K), [Metaspace: 68236K->68236K(1112064K)], 0.0477614 secs] [Times: user=0.14 sys=0.00, real=0.05 secs] 
2021-03-14T19:14:44.392+0800: 3481.044: [Full GC (Ergonomics) [PSYoungGen: 6144K->3093K(11264K)] [ParOldGen: 48731K->48731K(49152K)] 54875K->51824K(60416K), [Metaspace: 68236K->68236K(1112064K)], 0.0466782 secs] [Times: user=0.15 sys=0.00, real=0.05 secs] 
2021-03-14T19:14:48.376+0800: 3485.027: [Full GC (Ergonomics) [PSYoungGen: 6144K->3088K(11264K)] [ParOldGen: 48731K->48731K(49152K)] 54875K->51819K(60416K), [Metaspace: 68236K->68236K(1112064K)], 0.0500150 secs] [Times: user=0.16 sys=0.00, real=0.05 secs] 
2021-03-14T19:14:51.453+0800: 3488.104: [Full GC (Ergonomics) [PSYoungGen: 6144K->3097K(11264K)] [ParOldGen: 48731K->48731K(49152K)] 54875K->51829K(60416K), [Metaspace: 68236K->68236K(1112064K)], 0.0471214 secs] [Times: user=0.15 sys=0.00, real=0.05 secs] 
2021-03-14T19:14:56.557+0800: 3493.209: [Full GC (Ergonomics) [PSYoungGen: 6142K->3107K(11264K)] [ParOldGen: 48731K->48731K(49152K)] 54873K->51838K(60416K), [Metaspace: 68236K->68236K(1112064K)], 0.0480711 secs] [Times: user=0.13 sys=0.00, real=0.05 secs] 
2021-03-14T19:15:00.537+0800: 3497.189: [Full GC (Ergonomics) [PSYoungGen: 6144K->3092K(11264K)] [ParOldGen: 48731K->48731K(49152K)] 54875K->51823K(60416K), [Metaspace: 68236K->68236K(1112064K)], 0.0476313 secs] [Times: user=0.14 sys=0.00, real=0.05 secs] 
2021-03-14T19:15:06.473+0800: 3503.124: [Full GC (Ergonomics) [PSYoungGen: 6144K->3088K(11264K)] [ParOldGen: 48731K->48731K(49152K)] 54875K->51819K(60416K), [Metaspace: 68236K->68236K(1112064K)], 0.0491913 secs] [Times: user=0.16 sys=0.00, real=0.05 secs] 
2021-03-14T19:15:08.687+0800: 3505.339: [Full GC (Ergonomics) [PSYoungGen: 6144K->3082K(11264K)] [ParOldGen: 48731K->48731K(49152K)] 54875K->51813K(60416K), [Metaspace: 68236K->68236K(1112064K)], 0.0473881 secs] [Times: user=0.15 sys=0.00, real=0.05 secs] 
2021-03-14T19:15:14.481+0800: 3511.133: [Full GC (Ergonomics) [PSYoungGen: 6142K->3089K(11264K)] [ParOldGen: 48731K->48731K(49152K)] 54874K->51821K(60416K), [Metaspace: 68236K->68236K(1112064K)], 0.0464117 secs] [Times: user=0.14 sys=0.00, real=0.04 secs] 
2021-03-14T19:15:18.181+0800: 3514.833: [Full GC (Ergonomics) [PSYoungGen: 6144K->3088K(11264K)] [ParOldGen: 48731K->48731K(49152K)] 54875K->51820K(60416K), [Metaspace: 68237K->68237K(1112064K)], 0.0488735 secs] [Times: user=0.17 sys=0.00, real=0.05 secs] 
2021-03-14T19:15:24.102+0800: 3520.754: [Full GC (Ergonomics) [PSYoungGen: 6143K->3108K(11264K)] [ParOldGen: 48731K->48731K(49152K)] 54874K->51840K(60416K), [Metaspace: 68239K->68239K(1112064K)], 0.0498107 secs] [Times: user=0.13 sys=0.00, real=0.05 secs] 
2021-03-14T19:15:27.615+0800: 3524.267: [Full GC (Ergonomics) [PSYoungGen: 6144K->3116K(11264K)] [ParOldGen: 48731K->48731K(49152K)] 54875K->51847K(60416K), [Metaspace: 68243K->68243K(1112064K)], 0.0493399 secs] [Times: user=0.16 sys=0.00, real=0.05 secs] 
2021-03-14T19:15:30.741+0800: 3527.393: [Full GC (Ergonomics) [PSYoungGen: 6144K->3107K(11264K)] [ParOldGen: 48731K->48731K(49152K)] 54875K->51838K(60416K), [Metaspace: 68243K->68243K(1112064K)], 0.0515350 secs] [Times: user=0.15 sys=0.00, real=0.05 secs] 
2021-03-14T19:15:36.437+0800: 3533.088: [Full GC (Ergonomics) [PSYoungGen: 6144K->3095K(11264K)] [ParOldGen: 48731K->48731K(49152K)] 54875K->51827K(60416K), [Metaspace: 68243K->68243K(1112064K)], 0.0553889 secs] [Times: user=0.16 sys=0.00, real=0.06 secs] 
2021-03-14T19:15:39.888+0800: 3536.540: [Full GC (Ergonomics) [PSYoungGen: 6144K->3095K(11264K)] [ParOldGen: 48731K->48731K(49152K)] 54875K->51827K(60416K), [Metaspace: 68243K->68243K(1112064K)], 0.0489594 secs] [Times: user=0.15 sys=0.00, real=0.05 secs] 
2021-03-14T19:15:45.667+0800: 3542.319: [Full GC (Ergonomics) [PSYoungGen: 6144K->3112K(11264K)] [ParOldGen: 48731K->48731K(49152K)] 54875K->51843K(60416K), [Metaspace: 68243K->68243K(1112064K)], 0.0467089 secs] [Times: user=0.12 sys=0.00, real=0.05 secs] 
2021-03-14T19:15:48.689+0800: 3545.340: [Full GC (Ergonomics) [PSYoungGen: 6144K->3113K(11264K)] [ParOldGen: 48731K->48731K(49152K)] 54875K->51845K(60416K), [Metaspace: 68243K->68243K(1112064K)], 0.0480068 secs] [Times: user=0.16 sys=0.00, real=0.04 secs] 
2021-03-14T19:15:54.181+0800: 3550.832: [Full GC (Ergonomics) [PSYoungGen: 6144K->3090K(11264K)] [ParOldGen: 48731K->48731K(49152K)] 54875K->51821K(60416K), [Metaspace: 68243K->68243K(1112064K)], 0.0500224 secs] [Times: user=0.13 sys=0.00, real=0.05 secs] 
2021-03-14T19:15:56.563+0800: 3553.214: [Full GC (Ergonomics) [PSYoungGen: 6144K->3403K(11264K)] [ParOldGen: 48731K->48730K(49152K)] 54875K->52133K(60416K), [Metaspace: 68247K->68247K(1112064K)], 0.0475845 secs] [Times: user=0.15 sys=0.00, real=0.05 secs] 
2021-03-14T19:15:58.562+0800: 3555.213: [Full GC (Ergonomics) [PSYoungGen: 6133K->3703K(11264K)] [ParOldGen: 48730K->48690K(49152K)] 54864K->52393K(60416K), [Metaspace: 68253K->68253K(1112064K)], 0.0599013 secs] [Times: user=0.25 sys=0.00, real=0.06 secs] 
2021-03-14T19:16:02.355+0800: 3559.006: [Full GC (Ergonomics) [PSYoungGen: 6144K->3139K(11264K)] [ParOldGen: 48690K->48965K(49152K)] 54834K->52104K(60416K), [Metaspace: 68253K->68253K(1112064K)], 0.0480652 secs] [Times: user=0.16 sys=0.00, real=0.05 secs] 
2021-03-14T19:16:07.561+0800: 3564.212: [Full GC (Ergonomics) [PSYoungGen: 6144K->3133K(11264K)] [ParOldGen: 48965K->48696K(49152K)] 55109K->51830K(60416K), [Metaspace: 68254K->68254K(1112064K)], 0.0496737 secs] [Times: user=0.14 sys=0.00, real=0.05 secs] 
2021-03-14T19:16:10.204+0800: 3566.855: [Full GC (Ergonomics) [PSYoungGen: 6144K->3123K(11264K)] [ParOldGen: 48696K->48696K(49152K)] 54840K->51820K(60416K), [Metaspace: 68255K->68255K(1112064K)], 0.0469469 secs] [Times: user=0.15 sys=0.00, real=0.05 secs] 
2021-03-14T19:16:15.760+0800: 3572.412: [Full GC (Ergonomics) [PSYoungGen: 6144K->3145K(11264K)] [ParOldGen: 48696K->48696K(49152K)] 54840K->51842K(60416K), [Metaspace: 68255K->68255K(1112064K)], 0.0500841 secs] [Times: user=0.15 sys=0.00, real=0.05 secs] 
2021-03-14T19:16:18.689+0800: 3575.340: [Full GC (Ergonomics) [PSYoungGen: 6130K->3150K(11264K)] [ParOldGen: 48696K->48696K(49152K)] 54827K->51847K(60416K), [Metaspace: 68255K->68251K(1112064K)], 0.0527674 secs] [Times: user=0.16 sys=0.00, real=0.05 secs] 
2021-03-14T19:16:24.484+0800: 3581.136: [Full GC (Ergonomics) [PSYoungGen: 6144K->3172K(11264K)] [ParOldGen: 48696K->48696K(49152K)] 54840K->51868K(60416K), [Metaspace: 68251K->68251K(1112064K)], 0.0460731 secs] [Times: user=0.15 sys=0.00, real=0.05 secs] 
2021-03-14T19:16:27.845+0800: 3584.497: [Full GC (Ergonomics) [PSYoungGen: 6144K->3120K(11264K)] [ParOldGen: 48696K->48696K(49152K)] 54840K->51817K(60416K), [Metaspace: 68251K->68251K(1112064K)], 0.0495763 secs] [Times: user=0.16 sys=0.00, real=0.05 secs] 
2021-03-14T19:16:30.851+0800: 3587.502: [Full GC (Ergonomics) [PSYoungGen: 6141K->3132K(11264K)] [ParOldGen: 48696K->48696K(49152K)] 54838K->51828K(60416K), [Metaspace: 68251K->68251K(1112064K)], 0.0494701 secs] [Times: user=0.13 sys=0.00, real=0.05 secs] 
2021-03-14T19:16:36.882+0800: 3593.533: [Full GC (Ergonomics) [PSYoungGen: 6137K->3130K(11264K)] [ParOldGen: 48696K->48696K(49152K)] 54833K->51827K(60416K), [Metaspace: 68251K->68251K(1112064K)], 0.0468480 secs] [Times: user=0.14 sys=0.00, real=0.05 secs] 
2021-03-14T19:16:40.739+0800: 3597.391: [Full GC (Ergonomics) [PSYoungGen: 6144K->3131K(11264K)] [ParOldGen: 48696K->48696K(49152K)] 54840K->51827K(60416K), [Metaspace: 68251K->68251K(1112064K)], 0.0478515 secs] [Times: user=0.15 sys=0.00, real=0.04 secs] 
2021-03-14T19:16:46.246+0800: 3602.898: [Full GC (Ergonomics) [PSYoungGen: 6144K->3130K(11264K)] [ParOldGen: 48696K->48696K(49152K)] 54840K->51826K(60416K), [Metaspace: 68251K->68251K(1112064K)], 0.0515459 secs] [Times: user=0.17 sys=0.00, real=0.05 secs] 
2021-03-14T19:16:48.688+0800: 3605.340: [Full GC (Ergonomics) [PSYoungGen: 6144K->3194K(11264K)] [ParOldGen: 48696K->48696K(49152K)] 54840K->51890K(60416K), [Metaspace: 68252K->68252K(1112064K)], 0.0530224 secs] [Times: user=0.19 sys=0.00, real=0.05 secs] 
2021-03-14T19:16:54.274+0800: 3610.926: [Full GC (Ergonomics) [PSYoungGen: 6144K->3185K(11264K)] [ParOldGen: 48696K->48696K(49152K)] 54840K->51881K(60416K), [Metaspace: 68252K->68252K(1112064K)], 0.0497564 secs] [Times: user=0.11 sys=0.00, real=0.05 secs] 
2021-03-14T19:16:57.754+0800: 3614.406: [Full GC (Ergonomics) [PSYoungGen: 6144K->3177K(11264K)] [ParOldGen: 48696K->48696K(49152K)] 54840K->51873K(60416K), [Metaspace: 68252K->68252K(1112064K)], 0.0470896 secs] [Times: user=0.14 sys=0.00, real=0.05 secs] 
2021-03-14T19:17:01.625+0800: 3618.277: [Full GC (Ergonomics) [PSYoungGen: 6138K->3185K(11264K)] [ParOldGen: 48696K->48696K(49152K)] 54834K->51881K(60416K), [Metaspace: 68252K->68252K(1112064K)], 0.0505698 secs] [Times: user=0.15 sys=0.00, real=0.05 secs] 
2021-03-14T19:17:07.276+0800: 3623.928: [Full GC (Ergonomics) [PSYoungGen: 6144K->3120K(11264K)] [ParOldGen: 48696K->48696K(49152K)] 54840K->51816K(60416K), [Metaspace: 68252K->68252K(1112064K)], 0.0513824 secs] [Times: user=0.12 sys=0.00, real=0.05 secs] 
2021-03-14T19:17:09.735+0800: 3626.386: [Full GC (Ergonomics) [PSYoungGen: 6144K->3120K(11264K)] [ParOldGen: 48696K->48696K(49152K)] 54840K->51816K(60416K), [Metaspace: 68252K->68252K(1112064K)], 0.0477952 secs] [Times: user=0.14 sys=0.00, real=0.05 secs] 
2021-03-14T19:17:15.271+0800: 3631.923: [Full GC (Ergonomics) [PSYoungGen: 6144K->3127K(11264K)] [ParOldGen: 48696K->48696K(49152K)] 54840K->51823K(60416K), [Metaspace: 68252K->68252K(1112064K)], 0.0494126 secs] [Times: user=0.13 sys=0.00, real=0.05 secs] 
2021-03-14T19:17:18.687+0800: 3635.339: [Full GC (Ergonomics) [PSYoungGen: 6144K->3128K(11264K)] [ParOldGen: 48696K->48696K(49152K)] 54840K->51824K(60416K), [Metaspace: 68252K->68252K(1112064K)], 0.0476763 secs] [Times: user=0.15 sys=0.00, real=0.05 secs] 
2021-03-14T19:17:24.634+0800: 3641.286: [Full GC (Ergonomics) [PSYoungGen: 6144K->3153K(11264K)] [ParOldGen: 48696K->48696K(49152K)] 54840K->51849K(60416K), [Metaspace: 68252K->68252K(1112064K)], 0.0461060 secs] [Times: user=0.15 sys=0.01, real=0.05 secs] 
2021-03-14T19:17:27.832+0800: 3644.484: [Full GC (Ergonomics) [PSYoungGen: 6144K->3148K(11264K)] [ParOldGen: 48696K->48696K(49152K)] 54840K->51844K(60416K), [Metaspace: 68252K->68252K(1112064K)], 0.0469695 secs] [Times: user=0.15 sys=0.00, real=0.05 secs] 
2021-03-14T19:17:30.769+0800: 3647.421: [Full GC (Ergonomics) [PSYoungGen: 6144K->3130K(11264K)] [ParOldGen: 48696K->48696K(49152K)] 54840K->51826K(60416K), [Metaspace: 68253K->68253K(1112064K)], 0.0503057 secs] [Times: user=0.16 sys=0.00, real=0.05 secs] 
2021-03-14T19:17:36.742+0800: 3653.393: [Full GC (Ergonomics) [PSYoungGen: 6140K->3140K(11264K)] [ParOldGen: 48696K->48696K(49152K)] 54836K->51836K(60416K), [Metaspace: 68253K->68253K(1112064K)], 0.0500409 secs] [Times: user=0.16 sys=0.00, real=0.05 secs] 
2021-03-14T19:17:40.267+0800: 3656.919: [Full GC (Ergonomics) [PSYoungGen: 6140K->3144K(11264K)] [ParOldGen: 48696K->48696K(49152K)] 54836K->51840K(60416K), [Metaspace: 68255K->68255K(1112064K)], 0.0501770 secs] [Times: user=0.17 sys=0.00, real=0.05 secs] 
2021-03-14T19:17:45.966+0800: 3662.618: [Full GC (Ergonomics) [PSYoungGen: 6144K->3138K(11264K)] [ParOldGen: 48696K->48696K(49152K)] 54840K->51834K(60416K), [Metaspace: 68256K->68256K(1112064K)], 0.0469705 secs] [Times: user=0.14 sys=0.00, real=0.05 secs] 
2021-03-14T19:17:48.690+0800: 3665.341: [Full GC (Ergonomics) [PSYoungGen: 6144K->3148K(11264K)] [ParOldGen: 48696K->48696K(49152K)] 54840K->51845K(60416K), [Metaspace: 68256K->68256K(1112064K)], 0.0477698 secs] [Times: user=0.15 sys=0.00, real=0.04 secs] 
2021-03-14T19:17:54.372+0800: 3671.024: [Full GC (Ergonomics) [PSYoungGen: 6144K->3135K(11264K)] [ParOldGen: 48696K->48696K(49152K)] 54840K->51831K(60416K), [Metaspace: 68256K->68256K(1112064K)], 0.0479452 secs] [Times: user=0.15 sys=0.00, real=0.05 secs] 
2021-03-14T19:17:57.876+0800: 3674.527: [Full GC (Ergonomics) [PSYoungGen: 6144K->3136K(11264K)] [ParOldGen: 48696K->48696K(49152K)] 54840K->51832K(60416K), [Metaspace: 68256K->68256K(1112064K)], 0.0504025 secs] [Times: user=0.16 sys=0.00, real=0.05 secs] 
2021-03-14T19:18:02.061+0800: 3678.712: [Full GC (Ergonomics) [PSYoungGen: 6144K->3150K(11264K)] [ParOldGen: 48696K->48696K(49152K)] 54840K->51846K(60416K), [Metaspace: 68256K->68256K(1112064K)], 0.0529273 secs] [Times: user=0.14 sys=0.00, real=0.05 secs] 
2021-03-14T19:18:07.599+0800: 3684.251: [Full GC (Ergonomics) [PSYoungGen: 6144K->3139K(11264K)] [ParOldGen: 48696K->48696K(49152K)] 54840K->51835K(60416K), [Metaspace: 68256K->68256K(1112064K)], 0.0491327 secs] [Times: user=0.16 sys=0.00, real=0.04 secs] 
2021-03-14T19:18:10.217+0800: 3686.868: [Full GC (Ergonomics) [PSYoungGen: 6139K->3140K(11264K)] [ParOldGen: 48696K->48696K(49152K)] 54835K->51836K(60416K), [Metaspace: 68256K->68256K(1112064K)], 0.0518732 secs] [Times: user=0.12 sys=0.00, real=0.06 secs] 
2021-03-14T19:18:15.337+0800: 3691.988: [Full GC (Ergonomics) [PSYoungGen: 6138K->3162K(11264K)] [ParOldGen: 48696K->48696K(49152K)] 54834K->51858K(60416K), [Metaspace: 68256K->68256K(1112064K)], 0.0502028 secs] [Times: user=0.12 sys=0.00, real=0.05 secs] 
2021-03-14T19:18:18.689+0800: 3695.340: [Full GC (Ergonomics) [PSYoungGen: 6144K->3148K(11264K)] [ParOldGen: 48696K->48696K(49152K)] 54840K->51844K(60416K), [Metaspace: 68256K->68256K(1112064K)], 0.0479762 secs] [Times: user=0.15 sys=0.00, real=0.04 secs] 
2021-03-14T19:18:24.771+0800: 3701.423: [Full GC (Ergonomics) [PSYoungGen: 6144K->3169K(11264K)] [ParOldGen: 48696K->48696K(49152K)] 54840K->51865K(60416K), [Metaspace: 68256K->68256K(1112064K)], 0.0493996 secs] [Times: user=0.17 sys=0.00, real=0.05 secs] 
2021-03-14T19:18:27.969+0800: 3704.621: [Full GC (Ergonomics) [PSYoungGen: 6144K->3233K(11264K)] [ParOldGen: 48696K->48696K(49152K)] 54840K->51929K(60416K), [Metaspace: 68256K->68256K(1112064K)], 0.0496343 secs] [Times: user=0.16 sys=0.01, real=0.05 secs] 
2021-03-14T19:18:30.753+0800: 3707.405: [Full GC (Ergonomics) [PSYoungGen: 6144K->3166K(11264K)] [ParOldGen: 48696K->48695K(49152K)] 54840K->51861K(60416K), [Metaspace: 68256K->68256K(1112064K)], 0.0489030 secs] [Times: user=0.13 sys=0.00, real=0.05 secs] 
2021-03-14T19:18:36.847+0800: 3713.498: [Full GC (Ergonomics) [PSYoungGen: 6143K->3154K(11264K)] [ParOldGen: 48695K->48695K(49152K)] 54839K->51850K(60416K), [Metaspace: 68256K->68256K(1112064K)], 0.0540762 secs] [Times: user=0.15 sys=0.00, real=0.06 secs] 
2021-03-14T19:18:40.327+0800: 3716.979: [Full GC (Ergonomics) [PSYoungGen: 6144K->3168K(11264K)] [ParOldGen: 48695K->48695K(49152K)] 54839K->51864K(60416K), [Metaspace: 68256K->68256K(1112064K)], 0.0484912 secs] [Times: user=0.16 sys=0.00, real=0.05 secs] 
2021-03-14T19:18:46.060+0800: 3722.712: [Full GC (Ergonomics) [PSYoungGen: 6144K->3161K(11264K)] [ParOldGen: 48695K->48695K(49152K)] 54839K->51857K(60416K), [Metaspace: 68257K->68257K(1112064K)], 0.0485804 secs] [Times: user=0.14 sys=0.00, real=0.05 secs] 
2021-03-14T19:18:48.690+0800: 3725.341: [Full GC (Ergonomics) [PSYoungGen: 6142K->3178K(11264K)] [ParOldGen: 48695K->48695K(49152K)] 54838K->51873K(60416K), [Metaspace: 68257K->68257K(1112064K)], 0.0478882 secs] [Times: user=0.15 sys=0.00, real=0.04 secs] 
2021-03-14T19:18:53.705+0800: 3730.356: [Full GC (Ergonomics) [PSYoungGen: 6144K->3164K(11264K)] [ParOldGen: 48695K->48695K(49152K)] 54839K->51859K(60416K), [Metaspace: 68257K->68257K(1112064K)], 0.0478234 secs] [Times: user=0.16 sys=0.00, real=0.05 secs] 
2021-03-14T19:18:57.746+0800: 3734.397: [Full GC (Ergonomics) [PSYoungGen: 6138K->3175K(11264K)] [ParOldGen: 48695K->48695K(49152K)] 54834K->51871K(60416K), [Metaspace: 68257K->68257K(1112064K)], 0.0498020 secs] [Times: user=0.16 sys=0.00, real=0.05 secs] 
2021-03-14T19:19:01.379+0800: 3738.030: [Full GC (Ergonomics) [PSYoungGen: 6144K->3164K(11264K)] [ParOldGen: 48695K->48695K(49152K)] 54839K->51860K(60416K), [Metaspace: 68257K->68257K(1112064K)], 0.0509632 secs] [Times: user=0.12 sys=0.00, real=0.05 secs] 
2021-03-14T19:19:06.949+0800: 3743.601: [Full GC (Ergonomics) [PSYoungGen: 6141K->3176K(11264K)] [ParOldGen: 48695K->48695K(49152K)] 54837K->51871K(60416K), [Metaspace: 68257K->68257K(1112064K)], 0.0520982 secs] [Times: user=0.13 sys=0.00, real=0.05 secs] 
2021-03-14T19:19:08.945+0800: 3745.597: [Full GC (Ergonomics) [PSYoungGen: 6144K->3156K(11264K)] [ParOldGen: 48695K->48695K(49152K)] 54839K->51852K(60416K), [Metaspace: 68257K->68257K(1112064K)], 0.0488751 secs] [Times: user=0.12 sys=0.00, real=0.05 secs] 
2021-03-14T19:19:14.976+0800: 3751.627: [Full GC (Ergonomics) [PSYoungGen: 6139K->3170K(11264K)] [ParOldGen: 48695K->48695K(49152K)] 54835K->51866K(60416K), [Metaspace: 68260K->68260K(1112064K)], 0.0482620 secs] [Times: user=0.16 sys=0.00, real=0.05 secs] 
2021-03-14T19:19:18.079+0800: 3754.731: [Full GC (Ergonomics) [PSYoungGen: 6144K->3174K(11264K)] [ParOldGen: 48695K->48695K(49152K)] 54839K->51870K(60416K), [Metaspace: 68260K->68260K(1112064K)], 0.0482693 secs] [Times: user=0.16 sys=0.00, real=0.04 secs] 
2021-03-14T19:19:24.502+0800: 3761.153: [Full GC (Ergonomics) [PSYoungGen: 6144K->3163K(11264K)] [ParOldGen: 48695K->48695K(49152K)] 54839K->51859K(60416K), [Metaspace: 68260K->68260K(1112064K)], 0.0517339 secs] [Times: user=0.14 sys=0.00, real=0.05 secs] 
2021-03-14T19:19:28.088+0800: 3764.740: [Full GC (Ergonomics) [PSYoungGen: 6144K->3183K(11264K)] [ParOldGen: 48695K->48695K(49152K)] 54839K->51879K(60416K), [Metaspace: 68261K->68261K(1112064K)], 0.0475701 secs] [Times: user=0.14 sys=0.00, real=0.05 secs] 
2021-03-14T19:19:30.744+0800: 3767.396: [Full GC (Ergonomics) [PSYoungGen: 6144K->3183K(11264K)] [ParOldGen: 48695K->48695K(49152K)] 54839K->51879K(60416K), [Metaspace: 68262K->68262K(1112064K)], 0.0475778 secs] [Times: user=0.16 sys=0.00, real=0.05 secs] 
2021-03-14T19:19:36.454+0800: 3773.106: [Full GC (Ergonomics) [PSYoungGen: 6144K->3167K(11264K)] [ParOldGen: 48695K->48695K(49152K)] 54839K->51863K(60416K), [Metaspace: 68262K->68262K(1112064K)], 0.0491686 secs] [Times: user=0.12 sys=0.00, real=0.05 secs] 
2021-03-14T19:19:39.989+0800: 3776.641: [Full GC (Ergonomics) [PSYoungGen: 6144K->3164K(11264K)] [ParOldGen: 48695K->48695K(49152K)] 54839K->51860K(60416K), [Metaspace: 68262K->68262K(1112064K)], 0.0511173 secs] [Times: user=0.15 sys=0.00, real=0.05 secs] 
2021-03-14T19:19:45.412+0800: 3782.064: [Full GC (Ergonomics) [PSYoungGen: 6144K->3167K(11264K)] [ParOldGen: 48695K->48695K(49152K)] 54839K->51863K(60416K), [Metaspace: 68262K->68262K(1112064K)], 0.0499694 secs] [Times: user=0.14 sys=0.00, real=0.05 secs] 
2021-03-14T19:19:48.688+0800: 3785.340: [Full GC (Ergonomics) [PSYoungGen: 6144K->3173K(11264K)] [ParOldGen: 48695K->48695K(49152K)] 54839K->51869K(60416K), [Metaspace: 68270K->68270K(1112064K)], 0.0480079 secs] [Times: user=0.15 sys=0.00, real=0.05 secs] 
2021-03-14T19:19:50.758+0800: 3787.409: [Full GC (Ergonomics) [PSYoungGen: 6144K->4251K(11264K)] [ParOldGen: 48695K->48695K(49152K)] 54839K->52947K(60416K), [Metaspace: 68270K->68270K(1112064K)], 0.0506323 secs] [Times: user=0.13 sys=0.00, real=0.05 secs] 
2021-03-14T19:19:54.601+0800: 3791.253: [Full GC (Ergonomics) [PSYoungGen: 6144K->4247K(11264K)] [ParOldGen: 48695K->48695K(49152K)] 54839K->52943K(60416K), [Metaspace: 68271K->68271K(1112064K)], 0.0467476 secs] [Times: user=0.13 sys=0.00, real=0.04 secs] 
2021-03-14T19:19:56.821+0800: 3793.472: [Full GC (Ergonomics) [PSYoungGen: 6144K->4262K(11264K)] [ParOldGen: 48695K->48695K(49152K)] 54839K->52958K(60416K), [Metaspace: 68271K->68271K(1112064K)], 0.0497685 secs] [Times: user=0.15 sys=0.00, real=0.05 secs] 
2021-03-14T19:19:58.690+0800: 3795.341: [Full GC (Ergonomics) [PSYoungGen: 6144K->4261K(11264K)] [ParOldGen: 48695K->48695K(49152K)] 54839K->52957K(60416K), [Metaspace: 68271K->68271K(1112064K)], 0.0482730 secs] [Times: user=0.15 sys=0.01, real=0.04 secs] 
2021-03-14T19:20:01.599+0800: 3798.251: [Full GC (Ergonomics) [PSYoungGen: 6139K->4262K(11264K)] [ParOldGen: 48695K->48695K(49152K)] 54835K->52958K(60416K), [Metaspace: 68273K->68273K(1112064K)], 0.0509622 secs] [Times: user=0.16 sys=0.00, real=0.05 secs] 
2021-03-14T19:20:05.514+0800: 3802.165: [Full GC (Ergonomics) [PSYoungGen: 6144K->4256K(11264K)] [ParOldGen: 48695K->48695K(49152K)] 54839K->52952K(60416K), [Metaspace: 68273K->68273K(1112064K)], 0.0547497 secs] [Times: user=0.13 sys=0.00, real=0.06 secs] 
2021-03-14T19:20:08.173+0800: 3804.824: [Full GC (Ergonomics) [PSYoungGen: 6144K->4273K(11264K)] [ParOldGen: 48695K->48695K(49152K)] 54839K->52969K(60416K), [Metaspace: 68273K->68273K(1112064K)], 0.0516196 secs] [Times: user=0.17 sys=0.00, real=0.05 secs] 
2021-03-14T19:20:08.693+0800: 3805.344: [Full GC (Ergonomics) [PSYoungGen: 6144K->4288K(11264K)] [ParOldGen: 48695K->48695K(49152K)] 54839K->52984K(60416K), [Metaspace: 68281K->68281K(1112064K)], 0.0471214 secs] [Times: user=0.15 sys=0.00, real=0.05 secs] 
2021-03-14T19:20:11.676+0800: 3808.327: [Full GC (Ergonomics) [PSYoungGen: 6144K->4262K(11264K)] [ParOldGen: 48695K->48695K(49152K)] 54839K->52958K(60416K), [Metaspace: 68281K->68281K(1112064K)], 0.0505832 secs] [Times: user=0.13 sys=0.00, real=0.05 secs] 
2021-03-14T19:20:15.470+0800: 3812.121: [Full GC (Ergonomics) [PSYoungGen: 6144K->4263K(11264K)] [ParOldGen: 48695K->48695K(49152K)] 54839K->52959K(60416K), [Metaspace: 68281K->68281K(1112064K)], 0.0482081 secs] [Times: user=0.14 sys=0.00, real=0.04 secs] 
2021-03-14T19:20:17.857+0800: 3814.508: [Full GC (Ergonomics) [PSYoungGen: 6144K->4271K(11264K)] [ParOldGen: 48695K->48695K(49152K)] 54839K->52967K(60416K), [Metaspace: 68282K->68282K(1112064K)], 0.0490244 secs] [Times: user=0.16 sys=0.00, real=0.05 secs] 
2021-03-14T19:20:18.695+0800: 3815.347: [Full GC (Ergonomics) [PSYoungGen: 6144K->4267K(11264K)] [ParOldGen: 48695K->48695K(49152K)] 54839K->52963K(60416K), [Metaspace: 68282K->68282K(1112064K)], 0.0474221 secs] [Times: user=0.15 sys=0.00, real=0.05 secs] 
2021-03-14T19:20:23.885+0800: 3820.537: [Full GC (Ergonomics) [PSYoungGen: 6144K->4257K(11264K)] [ParOldGen: 48695K->48695K(49152K)] 54839K->52953K(60416K), [Metaspace: 68282K->68282K(1112064K)], 0.0476705 secs] [Times: user=0.15 sys=0.00, real=0.05 secs] 
2021-03-14T19:20:26.389+0800: 3823.041: [Full GC (Ergonomics) [PSYoungGen: 6144K->4264K(11264K)] [ParOldGen: 48695K->48695K(49152K)] 54839K->52960K(60416K), [Metaspace: 68282K->68282K(1112064K)], 0.0461734 secs] [Times: user=0.14 sys=0.00, real=0.04 secs] 
2021-03-14T19:20:28.239+0800: 3824.890: [Full GC (Ergonomics) [PSYoungGen: 6144K->4268K(11264K)] [ParOldGen: 48695K->48695K(49152K)] 54839K->52964K(60416K), [Metaspace: 68282K->68282K(1112064K)], 0.0487344 secs] [Times: user=0.16 sys=0.00, real=0.04 secs] 
2021-03-14T19:20:28.699+0800: 3825.351: [Full GC (Ergonomics) [PSYoungGen: 6136K->4273K(11264K)] [ParOldGen: 48695K->48694K(49152K)] 54832K->52967K(60416K), [Metaspace: 68282K->68282K(1112064K)], 0.0462874 secs] [Times: user=0.14 sys=0.00, real=0.04 secs] 
2021-03-14T19:20:33.234+0800: 3829.885: [Full GC (Ergonomics) [PSYoungGen: 6144K->4257K(11264K)] [ParOldGen: 48694K->48694K(49152K)] 54838K->52951K(60416K), [Metaspace: 68287K->68287K(1112064K)], 0.0511884 secs] [Times: user=0.14 sys=0.00, real=0.05 secs] 
2021-03-14T19:20:36.570+0800: 3833.222: [Full GC (Ergonomics) [PSYoungGen: 6144K->4270K(11264K)] [ParOldGen: 48694K->48694K(49152K)] 54838K->52965K(60416K), [Metaspace: 68287K->68287K(1112064K)], 0.0480349 secs] [Times: user=0.15 sys=0.00, real=0.05 secs] 
2021-03-14T19:20:38.301+0800: 3834.953: [Full GC (Ergonomics) [PSYoungGen: 6137K->4282K(11264K)] [ParOldGen: 48694K->48694K(49152K)] 54831K->52976K(60416K), [Metaspace: 68287K->68287K(1112064K)], 0.0473020 secs] [Times: user=0.15 sys=0.00, real=0.05 secs] 
2021-03-14T19:20:40.744+0800: 3837.396: [Full GC (Ergonomics) [PSYoungGen: 6144K->4271K(11264K)] [ParOldGen: 48694K->48694K(49152K)] 54838K->52966K(60416K), [Metaspace: 68306K->68306K(1112064K)], 0.0468260 secs] [Times: user=0.15 sys=0.00, real=0.05 secs] 
2021-03-14T19:20:45.130+0800: 3841.782: [Full GC (Ergonomics) [PSYoungGen: 6144K->4261K(11264K)] [ParOldGen: 48694K->48694K(49152K)] 54838K->52955K(60416K), [Metaspace: 68311K->68311K(1112064K)], 0.0472460 secs] [Times: user=0.15 sys=0.00, real=0.04 secs] 
2021-03-14T19:20:47.242+0800: 3843.893: [Full GC (Ergonomics) [PSYoungGen: 6144K->4273K(11264K)] [ParOldGen: 48694K->48694K(49152K)] 54838K->52968K(60416K), [Metaspace: 68311K->68311K(1112064K)], 0.0515189 secs] [Times: user=0.13 sys=0.00, real=0.05 secs] 
2021-03-14T19:20:48.692+0800: 3845.343: [Full GC (Ergonomics) [PSYoungGen: 6139K->4294K(11264K)] [ParOldGen: 48694K->48694K(49152K)] 54833K->52989K(60416K), [Metaspace: 68325K->68325K(1112064K)], 0.0491578 secs] [Times: user=0.15 sys=0.00, real=0.05 secs] 
2021-03-14T19:20:50.791+0800: 3847.442: [Full GC (Ergonomics) [PSYoungGen: 6144K->4274K(11264K)] [ParOldGen: 48694K->48694K(49152K)] 54838K->52969K(60416K), [Metaspace: 68325K->68325K(1112064K)], 0.0471554 secs] [Times: user=0.15 sys=0.00, real=0.04 secs] 
2021-03-14T19:20:54.737+0800: 3851.389: [Full GC (Ergonomics) [PSYoungGen: 6144K->4266K(11264K)] [ParOldGen: 48694K->48694K(49152K)] 54838K->52960K(60416K), [Metaspace: 68325K->68325K(1112064K)], 0.0490285 secs] [Times: user=0.12 sys=0.00, real=0.05 secs] 
2021-03-14T19:20:56.944+0800: 3853.596: [Full GC (Ergonomics) [PSYoungGen: 6144K->4267K(11264K)] [ParOldGen: 48694K->48694K(49152K)] 54838K->52962K(60416K), [Metaspace: 68326K->68326K(1112064K)], 0.0477092 secs] [Times: user=0.15 sys=0.00, real=0.05 secs] 
2021-03-14T19:20:58.689+0800: 3855.340: [Full GC (Ergonomics) [PSYoungGen: 6144K->4266K(11264K)] [ParOldGen: 48694K->48694K(49152K)] 54838K->52961K(60416K), [Metaspace: 68326K->68326K(1112064K)], 0.0489831 secs] [Times: user=0.16 sys=0.00, real=0.04 secs] 
2021-03-14T19:21:01.087+0800: 3857.738: [Full GC (Ergonomics) [PSYoungGen: 6138K->4275K(11264K)] [ParOldGen: 48694K->48694K(49152K)] 54832K->52970K(60416K), [Metaspace: 68326K->68326K(1112064K)], 0.0537221 secs] [Times: user=0.12 sys=0.00, real=0.06 secs] 
2021-03-14T19:21:05.715+0800: 3862.367: [Full GC (Ergonomics) [PSYoungGen: 6144K->4260K(11264K)] [ParOldGen: 48694K->48694K(49152K)] 54838K->52954K(60416K), [Metaspace: 68326K->68326K(1112064K)], 0.0466737 secs] [Times: user=0.11 sys=0.00, real=0.05 secs] 
2021-03-14T19:21:08.286+0800: 3864.938: [Full GC (Ergonomics) [PSYoungGen: 6143K->4274K(11264K)] [ParOldGen: 48694K->48694K(49152K)] 54838K->52968K(60416K), [Metaspace: 68326K->68326K(1112064K)], 0.0504990 secs] [Times: user=0.17 sys=0.00, real=0.05 secs] 
2021-03-14T19:21:08.694+0800: 3865.346: [Full GC (Ergonomics) [PSYoungGen: 6144K->4275K(11264K)] [ParOldGen: 48694K->48691K(49152K)] 54838K->52966K(60416K), [Metaspace: 68326K->68326K(1112064K)], 0.0478111 secs] [Times: user=0.14 sys=0.00, real=0.05 secs] 
2021-03-14T19:21:11.158+0800: 3867.810: [Full GC (Ergonomics) [PSYoungGen: 6136K->4283K(11264K)] [ParOldGen: 48691K->48691K(49152K)] 54828K->52975K(60416K), [Metaspace: 68326K->68326K(1112064K)], 0.0483489 secs] [Times: user=0.13 sys=0.00, real=0.05 secs] 
2021-03-14T19:21:15.236+0800: 3871.887: [Full GC (Ergonomics) [PSYoungGen: 6144K->4273K(11264K)] [ParOldGen: 48691K->48691K(49152K)] 54835K->52965K(60416K), [Metaspace: 68326K->68326K(1112064K)], 0.0473463 secs] [Times: user=0.14 sys=0.01, real=0.05 secs] 
2021-03-14T19:21:17.955+0800: 3874.606: [Full GC (Ergonomics) [PSYoungGen: 6144K->4277K(11264K)] [ParOldGen: 48691K->48691K(49152K)] 54835K->52969K(60416K), [Metaspace: 68326K->68326K(1112064K)], 0.0502776 secs] [Times: user=0.15 sys=0.00, real=0.05 secs] 
2021-03-14T19:21:18.692+0800: 3875.344: [Full GC (Ergonomics) [PSYoungGen: 6144K->4280K(11264K)] [ParOldGen: 48691K->48691K(49152K)] 54835K->52972K(60416K), [Metaspace: 68326K->68326K(1112064K)], 0.0477782 secs] [Times: user=0.14 sys=0.01, real=0.05 secs] 
2021-03-14T19:21:23.112+0800: 3879.764: [Full GC (Ergonomics) [PSYoungGen: 6144K->4256K(11264K)] [ParOldGen: 48691K->48691K(49152K)] 54835K->52948K(60416K), [Metaspace: 68326K->68326K(1112064K)], 0.0462382 secs] [Times: user=0.15 sys=0.00, real=0.04 secs] 
2021-03-14T19:21:26.524+0800: 3883.176: [Full GC (Ergonomics) [PSYoungGen: 6144K->4270K(11264K)] [ParOldGen: 48691K->48691K(49152K)] 54835K->52962K(60416K), [Metaspace: 68326K->68326K(1112064K)], 0.0473425 secs] [Times: user=0.15 sys=0.00, real=0.05 secs] 
2021-03-14T19:21:28.374+0800: 3885.025: [Full GC (Ergonomics) [PSYoungGen: 6144K->4273K(11264K)] [ParOldGen: 48691K->48691K(49152K)] 54835K->52965K(60416K), [Metaspace: 68326K->68326K(1112064K)], 0.0489975 secs] [Times: user=0.14 sys=0.00, real=0.05 secs] 
2021-03-14T19:21:28.695+0800: 3885.347: [Full GC (Ergonomics) [PSYoungGen: 6140K->4305K(11264K)] [ParOldGen: 48691K->48691K(49152K)] 54832K->52997K(60416K), [Metaspace: 68326K->68326K(1112064K)], 0.0471875 secs] [Times: user=0.15 sys=0.00, real=0.05 secs] 
2021-03-14T19:21:33.059+0800: 3889.710: [Full GC (Ergonomics) [PSYoungGen: 6144K->4269K(11264K)] [ParOldGen: 48691K->48691K(49152K)] 54835K->52960K(60416K), [Metaspace: 68326K->68326K(1112064K)], 0.0512926 secs] [Times: user=0.15 sys=0.00, real=0.05 secs] 
2021-03-14T19:21:36.694+0800: 3893.346: [Full GC (Ergonomics) [PSYoungGen: 6144K->4275K(11264K)] [ParOldGen: 48691K->48691K(49152K)] 54835K->52967K(60416K), [Metaspace: 68326K->68326K(1112064K)], 0.0480341 secs] [Times: user=0.16 sys=0.00, real=0.05 secs] 
2021-03-14T19:21:38.438+0800: 3895.089: [Full GC (Ergonomics) [PSYoungGen: 6144K->4283K(11264K)] [ParOldGen: 48691K->48691K(49152K)] 54835K->52975K(60416K), [Metaspace: 68326K->68326K(1112064K)], 0.0482795 secs] [Times: user=0.15 sys=0.00, real=0.05 secs] 
2021-03-14T19:21:40.766+0800: 3897.417: [Full GC (Ergonomics) [PSYoungGen: 6144K->4291K(11264K)] [ParOldGen: 48691K->48691K(49152K)] 54835K->52983K(60416K), [Metaspace: 68327K->68327K(1112064K)], 0.0518780 secs] [Times: user=0.14 sys=0.00, real=0.05 secs] 
2021-03-14T19:21:45.242+0800: 3901.894: [Full GC (Ergonomics) [PSYoungGen: 6144K->4287K(11264K)] [ParOldGen: 48691K->48691K(49152K)] 54835K->52979K(60416K), [Metaspace: 68327K->68327K(1112064K)], 0.0506826 secs] [Times: user=0.13 sys=0.00, real=0.05 secs] 
2021-03-14T19:21:47.444+0800: 3904.095: [Full GC (Ergonomics) [PSYoungGen: 6144K->4266K(11264K)] [ParOldGen: 48691K->48691K(49152K)] 54835K->52958K(60416K), [Metaspace: 68327K->68327K(1112064K)], 0.0471046 secs] [Times: user=0.13 sys=0.00, real=0.05 secs] 
2021-03-14T19:21:48.692+0800: 3905.344: [Full GC (Ergonomics) [PSYoungGen: 6144K->4264K(11264K)] [ParOldGen: 48691K->48691K(49152K)] 54835K->52956K(60416K), [Metaspace: 68327K->68327K(1112064K)], 0.0488177 secs] [Times: user=0.16 sys=0.00, real=0.05 secs] 
2021-03-14T19:21:50.789+0800: 3907.441: [Full GC (Ergonomics) [PSYoungGen: 6144K->4270K(11264K)] [ParOldGen: 48691K->48691K(49152K)] 54835K->52962K(60416K), [Metaspace: 68327K->68327K(1112064K)], 0.0479515 secs] [Times: user=0.15 sys=0.00, real=0.04 secs] 
2021-03-14T19:21:54.873+0800: 3911.524: [Full GC (Ergonomics) [PSYoungGen: 6139K->4272K(11264K)] [ParOldGen: 48691K->48691K(49152K)] 54831K->52964K(60416K), [Metaspace: 68327K->68327K(1112064K)], 0.0503164 secs] [Times: user=0.12 sys=0.00, real=0.05 secs] 
2021-03-14T19:21:57.101+0800: 3913.753: [Full GC (Ergonomics) [PSYoungGen: 6144K->4261K(11264K)] [ParOldGen: 48691K->48691K(49152K)] 54835K->52953K(60416K), [Metaspace: 68327K->68327K(1112064K)], 0.0468662 secs] [Times: user=0.15 sys=0.00, real=0.04 secs] 
2021-03-14T19:21:58.690+0800: 3915.342: [Full GC (Ergonomics) [PSYoungGen: 6135K->4280K(11264K)] [ParOldGen: 48691K->48691K(49152K)] 54827K->52972K(60416K), [Metaspace: 68327K->68327K(1112064K)], 0.0479874 secs] [Times: user=0.16 sys=0.00, real=0.04 secs] 
2021-03-14T19:22:01.809+0800: 3918.461: [Full GC (Ergonomics) [PSYoungGen: 6144K->4260K(11264K)] [ParOldGen: 48691K->48691K(49152K)] 54835K->52952K(60416K), [Metaspace: 68327K->68327K(1112064K)], 0.0486788 secs] [Times: user=0.16 sys=0.01, real=0.04 secs] 
2021-03-14T19:22:05.886+0800: 3922.538: [Full GC (Ergonomics) [PSYoungGen: 6144K->4276K(11264K)] [ParOldGen: 48691K->48691K(49152K)] 54835K->52968K(60416K), [Metaspace: 68327K->68327K(1112064K)], 0.0541572 secs] [Times: user=0.11 sys=0.01, real=0.06 secs] 
2021-03-14T19:22:08.477+0800: 3925.129: [Full GC (Ergonomics) [PSYoungGen: 6144K->4289K(11264K)] [ParOldGen: 48691K->48691K(49152K)] 54835K->52981K(60416K), [Metaspace: 68327K->68327K(1112064K)], 0.0505431 secs] [Times: user=0.15 sys=0.00, real=0.05 secs] 
2021-03-14T19:22:08.697+0800: 3925.348: [Full GC (Ergonomics) [PSYoungGen: 6137K->4296K(11264K)] [ParOldGen: 48691K->48691K(49152K)] 54829K->52988K(60416K), [Metaspace: 68327K->68327K(1112064K)], 0.0477776 secs] [Times: user=0.15 sys=0.00, real=0.05 secs] 
2021-03-14T19:22:11.312+0800: 3927.964: [Full GC (Ergonomics) [PSYoungGen: 6144K->4270K(11264K)] [ParOldGen: 48691K->48691K(49152K)] 54835K->52962K(60416K), [Metaspace: 68327K->68327K(1112064K)], 0.0492765 secs] [Times: user=0.14 sys=0.01, real=0.05 secs] 
2021-03-14T19:22:15.386+0800: 3932.038: [Full GC (Ergonomics) [PSYoungGen: 6144K->4274K(11264K)] [ParOldGen: 48691K->48691K(49152K)] 54835K->52966K(60416K), [Metaspace: 68327K->68327K(1112064K)], 0.0472932 secs] [Times: user=0.15 sys=0.00, real=0.05 secs] 
2021-03-14T19:22:18.067+0800: 3934.719: [Full GC (Ergonomics) [PSYoungGen: 6138K->4276K(11264K)] [ParOldGen: 48691K->48691K(49152K)] 54830K->52968K(60416K), [Metaspace: 68327K->68327K(1112064K)], 0.0467184 secs] [Times: user=0.15 sys=0.00, real=0.05 secs] 
2021-03-14T19:22:18.693+0800: 3935.345: [Full GC (Ergonomics) [PSYoungGen: 6143K->4273K(11264K)] [ParOldGen: 48691K->48691K(49152K)] 54835K->52965K(60416K), [Metaspace: 68327K->68327K(1112064K)], 0.0484734 secs] [Times: user=0.16 sys=0.00, real=0.05 secs] 
2021-03-14T19:22:23.200+0800: 3939.851: [Full GC (Ergonomics) [PSYoungGen: 6141K->4280K(11264K)] [ParOldGen: 48691K->48691K(49152K)] 54833K->52972K(60416K), [Metaspace: 68327K->68327K(1112064K)], 0.0494201 secs] [Times: user=0.14 sys=0.00, real=0.05 secs] 
2021-03-14T19:22:26.666+0800: 3943.317: [Full GC (Ergonomics) [PSYoungGen: 6144K->4273K(11264K)] [ParOldGen: 48691K->48691K(49152K)] 54835K->52965K(60416K), [Metaspace: 68327K->68327K(1112064K)], 0.0468484 secs] [Times: user=0.15 sys=0.00, real=0.05 secs] 
2021-03-14T19:22:28.544+0800: 3945.196: [Full GC (Ergonomics) [PSYoungGen: 6144K->4349K(11264K)] [ParOldGen: 48691K->48691K(49152K)] 54835K->53041K(60416K), [Metaspace: 68327K->68327K(1112064K)], 0.0479182 secs] [Times: user=0.16 sys=0.00, real=0.05 secs] 
2021-03-14T19:22:28.702+0800: 3945.353: [Full GC (Ergonomics) [PSYoungGen: 6138K->4270K(11264K)] [ParOldGen: 48691K->48691K(49152K)] 54830K->52962K(60416K), [Metaspace: 68327K->68327K(1112064K)], 0.0467685 secs] [Times: user=0.15 sys=0.00, real=0.05 secs] 
2021-03-14T19:22:33.265+0800: 3949.917: [Full GC (Ergonomics) [PSYoungGen: 6144K->4263K(11264K)] [ParOldGen: 48691K->48691K(49152K)] 54835K->52955K(60416K), [Metaspace: 68327K->68327K(1112064K)], 0.0548228 secs] [Times: user=0.16 sys=0.00, real=0.06 secs] 
2021-03-14T19:22:36.792+0800: 3953.444: [Full GC (Ergonomics) [PSYoungGen: 6144K->4266K(11264K)] [ParOldGen: 48691K->48691K(49152K)] 54835K->52958K(60416K), [Metaspace: 68327K->68327K(1112064K)], 0.0600696 secs] [Times: user=0.17 sys=0.00, real=0.06 secs] 
2021-03-14T19:22:38.612+0800: 3955.264: [Full GC (Ergonomics) [PSYoungGen: 6144K->4280K(11264K)] [ParOldGen: 48691K->48691K(49152K)] 54835K->52972K(60416K), [Metaspace: 68327K->68327K(1112064K)], 0.0492490 secs] [Times: user=0.16 sys=0.00, real=0.05 secs] 
2021-03-14T19:22:40.753+0800: 3957.404: [Full GC (Ergonomics) [PSYoungGen: 6144K->4268K(11264K)] [ParOldGen: 48691K->48691K(49152K)] 54835K->52960K(60416K), [Metaspace: 68328K->68328K(1112064K)], 0.0479400 secs] [Times: user=0.15 sys=0.00, real=0.05 secs] 
2021-03-14T19:22:45.398+0800: 3962.049: [Full GC (Ergonomics) [PSYoungGen: 6144K->4278K(11264K)] [ParOldGen: 48691K->48691K(49152K)] 54835K->52969K(60416K), [Metaspace: 68328K->68328K(1112064K)], 0.0469892 secs] [Times: user=0.14 sys=0.00, real=0.05 secs] 
2021-03-14T19:22:47.611+0800: 3964.263: [Full GC (Ergonomics) [PSYoungGen: 6144K->4263K(11264K)] [ParOldGen: 48691K->48691K(49152K)] 54835K->52955K(60416K), [Metaspace: 68328K->68328K(1112064K)], 0.0506690 secs] [Times: user=0.14 sys=0.00, real=0.05 secs] 
2021-03-14T19:22:48.691+0800: 3965.343: [Full GC (Ergonomics) [PSYoungGen: 6144K->4272K(11264K)] [ParOldGen: 48691K->48691K(49152K)] 54835K->52964K(60416K), [Metaspace: 68328K->68328K(1112064K)], 0.0471925 secs] [Times: user=0.15 sys=0.00, real=0.04 secs] 
2021-03-14T19:22:50.796+0800: 3967.447: [Full GC (Ergonomics) [PSYoungGen: 6143K->4282K(11264K)] [ParOldGen: 48691K->48691K(49152K)] 54835K->52974K(60416K), [Metaspace: 68328K->68328K(1112064K)], 0.0507839 secs] [Times: user=0.16 sys=0.00, real=0.05 secs] 
2021-03-14T19:22:55.028+0800: 3971.680: [Full GC (Ergonomics) [PSYoungGen: 6144K->4278K(11264K)] [ParOldGen: 48691K->48691K(49152K)] 54835K->52970K(60416K), [Metaspace: 68328K->68328K(1112064K)], 0.0522729 secs] [Times: user=0.14 sys=0.00, real=0.06 secs] 
2021-03-14T19:22:57.193+0800: 3973.845: [Full GC (Ergonomics) [PSYoungGen: 6144K->4279K(11264K)] [ParOldGen: 48691K->48691K(49152K)] 54835K->52971K(60416K), [Metaspace: 68328K->68328K(1112064K)], 0.0471961 secs] [Times: user=0.15 sys=0.00, real=0.05 secs] 
2021-03-14T19:22:58.692+0800: 3975.343: [Full GC (Ergonomics) [PSYoungGen: 6144K->4273K(11264K)] [ParOldGen: 48691K->48691K(49152K)] 54835K->52965K(60416K), [Metaspace: 68328K->68328K(1112064K)], 0.0498415 secs] [Times: user=0.16 sys=0.00, real=0.05 secs] 
2021-03-14T19:23:01.470+0800: 3978.122: [Full GC (Ergonomics) [PSYoungGen: 6144K->4271K(11264K)] [ParOldGen: 48691K->48691K(49152K)] 54835K->52963K(60416K), [Metaspace: 68328K->68328K(1112064K)], 0.0492461 secs] [Times: user=0.15 sys=0.00, real=0.05 secs] 
2021-03-14T19:23:06.022+0800: 3982.674: [Full GC (Ergonomics) [PSYoungGen: 6144K->4274K(11264K)] [ParOldGen: 48691K->48691K(49152K)] 54835K->52966K(60416K), [Metaspace: 68328K->68328K(1112064K)], 0.0531325 secs] [Times: user=0.12 sys=0.00, real=0.05 secs] 
2021-03-14T19:23:08.634+0800: 3985.286: [Full GC (Ergonomics) [PSYoungGen: 6144K->4286K(11264K)] [ParOldGen: 48691K->48691K(49152K)] 54835K->52978K(60416K), [Metaspace: 68328K->68328K(1112064K)], 0.0492467 secs] [Times: user=0.13 sys=0.00, real=0.05 secs] 
2021-03-14T19:23:08.710+0800: 3985.361: [Full GC (Ergonomics) [PSYoungGen: 6144K->4276K(11264K)] [ParOldGen: 48691K->48691K(49152K)] 54835K->52967K(60416K), [Metaspace: 68328K->68328K(1112064K)], 0.0474221 secs] [Times: user=0.15 sys=0.00, real=0.04 secs] 
2021-03-14T19:23:11.534+0800: 3988.185: [Full GC (Ergonomics) [PSYoungGen: 6144K->4272K(11264K)] [ParOldGen: 48691K->48691K(49152K)] 54835K->52964K(60416K), [Metaspace: 68328K->68328K(1112064K)], 0.0468364 secs] [Times: user=0.15 sys=0.00, real=0.05 secs] 
2021-03-14T19:23:15.539+0800: 3992.190: [Full GC (Ergonomics) [PSYoungGen: 6144K->4274K(11264K)] [ParOldGen: 48691K->48691K(49152K)] 54835K->52966K(60416K), [Metaspace: 68328K->68328K(1112064K)], 0.0475017 secs] [Times: user=0.14 sys=0.00, real=0.05 secs] 
2021-03-14T19:23:18.394+0800: 3995.046: [Full GC (Ergonomics) [PSYoungGen: 6139K->4273K(11264K)] [ParOldGen: 48691K->48691K(49152K)] 54831K->52965K(60416K), [Metaspace: 68328K->68328K(1112064K)], 0.0510430 secs] [Times: user=0.11 sys=0.00, real=0.05 secs] 
2021-03-14T19:23:19.035+0800: 3995.687: [Full GC (Ergonomics) [PSYoungGen: 6144K->4262K(11264K)] [ParOldGen: 48691K->48691K(49152K)] 54835K->52954K(60416K), [Metaspace: 68328K->68328K(1112064K)], 0.0496673 secs] [Times: user=0.12 sys=0.00, real=0.05 secs] 
2021-03-14T19:23:24.086+0800: 4000.738: [Full GC (Ergonomics) [PSYoungGen: 6144K->4265K(11264K)] [ParOldGen: 48691K->48691K(49152K)] 54835K->52956K(60416K), [Metaspace: 68328K->68328K(1112064K)], 0.0504482 secs] [Times: user=0.13 sys=0.00, real=0.05 secs] 
2021-03-14T19:23:26.820+0800: 4003.471: [Full GC (Ergonomics) [PSYoungGen: 6138K->4285K(11264K)] [ParOldGen: 48691K->48691K(49152K)] 54829K->52976K(60416K), [Metaspace: 68328K->68328K(1112064K)], 0.0491341 secs] [Times: user=0.13 sys=0.00, real=0.05 secs] 
2021-03-14T19:23:28.693+0800: 4005.345: [Full GC (Ergonomics) [PSYoungGen: 6138K->4270K(11264K)] [ParOldGen: 48691K->48691K(49152K)] 54830K->52962K(60416K), [Metaspace: 68328K->68328K(1112064K)], 0.0471473 secs] [Times: user=0.15 sys=0.00, real=0.05 secs] 
2021-03-14T19:23:28.743+0800: 4005.394: [Full GC (Ergonomics) [PSYoungGen: 6144K->5340K(11264K)] [ParOldGen: 48691K->48691K(49152K)] 54835K->54032K(60416K), [Metaspace: 68328K->68328K(1112064K)], 0.0482119 secs] [Times: user=0.14 sys=0.00, real=0.05 secs] 
2021-03-14T19:23:28.793+0800: 4005.444: [Full GC (Ergonomics) [PSYoungGen: 6144K->5438K(11264K)] [ParOldGen: 48691K->48691K(49152K)] 54835K->54130K(60416K), [Metaspace: 68328K->68328K(1112064K)], 0.0479024 secs] [Times: user=0.15 sys=0.00, real=0.05 secs] 
2021-03-14T19:23:30.617+0800: 4007.269: [Full GC (Ergonomics) [PSYoungGen: 6144K->5357K(11264K)] [ParOldGen: 48691K->48691K(49152K)] 54835K->54049K(60416K), [Metaspace: 68328K->68328K(1112064K)], 0.0479129 secs] [Times: user=0.14 sys=0.00, real=0.05 secs] 
2021-03-14T19:23:31.119+0800: 4007.770: [Full GC (Ergonomics) [PSYoungGen: 6144K->5360K(11264K)] [ParOldGen: 48691K->48691K(49152K)] 54835K->54052K(60416K), [Metaspace: 68328K->68328K(1112064K)], 0.0503400 secs] [Times: user=0.11 sys=0.00, real=0.05 secs] 
2021-03-14T19:23:33.469+0800: 4010.120: [Full GC (Ergonomics) [PSYoungGen: 6144K->5364K(11264K)] [ParOldGen: 48691K->48691K(49152K)] 54835K->54056K(60416K), [Metaspace: 68328K->68328K(1112064K)], 0.0543752 secs] [Times: user=0.14 sys=0.00, real=0.05 secs] 
2021-03-14T19:23:35.521+0800: 4012.173: [Full GC (Ergonomics) [PSYoungGen: 6138K->5373K(11264K)] [ParOldGen: 48691K->48691K(49152K)] 54830K->54065K(60416K), [Metaspace: 68328K->68328K(1112064K)], 0.0479345 secs] [Times: user=0.14 sys=0.00, real=0.05 secs] 
2021-03-14T19:23:36.189+0800: 4012.840: [Full GC (Ergonomics) [PSYoungGen: 6142K->5383K(11264K)] [ParOldGen: 48691K->48691K(49152K)] 54834K->54075K(60416K), [Metaspace: 68328K->68328K(1112064K)], 0.0487153 secs] [Times: user=0.15 sys=0.00, real=0.04 secs] 
2021-03-14T19:23:37.164+0800: 4013.816: [Full GC (Ergonomics) [PSYoungGen: 6144K->5378K(11264K)] [ParOldGen: 48691K->48691K(49152K)] 54835K->54070K(60416K), [Metaspace: 68328K->68328K(1112064K)], 0.0487610 secs] [Times: user=0.17 sys=0.00, real=0.05 secs] 
2021-03-14T19:23:37.929+0800: 4014.581: [Full GC (Ergonomics) [PSYoungGen: 6144K->5375K(11264K)] [ParOldGen: 48691K->48691K(49152K)] 54835K->54067K(60416K), [Metaspace: 68328K->68328K(1112064K)], 0.0628978 secs] [Times: user=0.19 sys=0.00, real=0.06 secs] 
2021-03-14T19:23:38.693+0800: 4015.344: [Full GC (Ergonomics) [PSYoungGen: 6144K->5391K(11264K)] [ParOldGen: 48691K->48691K(49152K)] 54835K->54082K(60416K), [Metaspace: 68328K->68328K(1112064K)], 0.0471333 secs] [Times: user=0.15 sys=0.00, real=0.05 secs] 
2021-03-14T19:23:38.799+0800: 4015.451: [Full GC (Ergonomics) [PSYoungGen: 6144K->5386K(11264K)] [ParOldGen: 48691K->48691K(49152K)] 54835K->54078K(60416K), [Metaspace: 68328K->68328K(1112064K)], 0.0481444 secs] [Times: user=0.16 sys=0.00, real=0.04 secs] 
2021-03-14T19:23:40.181+0800: 4016.833: [Full GC (Ergonomics) [PSYoungGen: 6144K->5361K(11264K)] [ParOldGen: 48691K->48691K(49152K)] 54835K->54053K(60416K), [Metaspace: 68328K->68328K(1112064K)], 0.0472968 secs] [Times: user=0.15 sys=0.01, real=0.05 secs] 
2021-03-14T19:23:40.815+0800: 4017.466: [Full GC (Ergonomics) [PSYoungGen: 6144K->5364K(11264K)] [ParOldGen: 48691K->48691K(49152K)] 54835K->54056K(60416K), [Metaspace: 68328K->68328K(1112064K)], 0.0458963 secs] [Times: user=0.14 sys=0.00, real=0.05 secs] 
2021-03-14T19:23:42.740+0800: 4019.391: [Full GC (Ergonomics) [PSYoungGen: 6144K->5371K(11264K)] [ParOldGen: 48691K->48691K(49152K)] 54835K->54063K(60416K), [Metaspace: 68328K->68328K(1112064K)], 0.0480485 secs] [Times: user=0.15 sys=0.00, real=0.04 secs] 
2021-03-14T19:23:44.795+0800: 4021.446: [Full GC (Ergonomics) [PSYoungGen: 6140K->5372K(11264K)] [ParOldGen: 48691K->48691K(49152K)] 54832K->54063K(60416K), [Metaspace: 68328K->68328K(1112064K)], 0.0483987 secs] [Times: user=0.12 sys=0.00, real=0.05 secs] 
2021-03-14T19:23:45.589+0800: 4022.241: [Full GC (Ergonomics) [PSYoungGen: 6136K->5380K(11264K)] [ParOldGen: 48691K->48691K(49152K)] 54828K->54072K(60416K), [Metaspace: 68328K->68328K(1112064K)], 0.0474074 secs] [Times: user=0.15 sys=0.00, real=0.04 secs] 
2021-03-14T19:23:46.697+0800: 4023.348: [Full GC (Ergonomics) [PSYoungGen: 6137K->5374K(11264K)] [ParOldGen: 48691K->48691K(49152K)] 54829K->54066K(60416K), [Metaspace: 68328K->68328K(1112064K)], 0.0471031 secs] [Times: user=0.16 sys=0.00, real=0.05 secs] 
2021-03-14T19:23:47.464+0800: 4024.116: [Full GC (Ergonomics) [PSYoungGen: 6144K->5372K(11264K)] [ParOldGen: 48691K->48691K(49152K)] 54835K->54064K(60416K), [Metaspace: 68328K->68328K(1112064K)], 0.0473159 secs] [Times: user=0.15 sys=0.01, real=0.05 secs] 
2021-03-14T19:23:48.570+0800: 4025.221: [Full GC (Ergonomics) [PSYoungGen: 6144K->5371K(11264K)] [ParOldGen: 48691K->48691K(49152K)] 54835K->54063K(60416K), [Metaspace: 68328K->68328K(1112064K)], 0.0474399 secs] [Times: user=0.15 sys=0.00, real=0.04 secs] 
2021-03-14T19:23:48.693+0800: 4025.345: [Full GC (Ergonomics) [PSYoungGen: 6143K->5379K(11264K)] [ParOldGen: 48691K->48691K(49152K)] 54835K->54070K(60416K), [Metaspace: 68328K->68328K(1112064K)], 0.0469396 secs] [Times: user=0.15 sys=0.01, real=0.05 secs] 
2021-03-14T19:23:48.744+0800: 4025.395: [Full GC (Ergonomics) [PSYoungGen: 6144K->5376K(11264K)] [ParOldGen: 48691K->48691K(49152K)] 54835K->54068K(60416K), [Metaspace: 68328K->68328K(1112064K)], 0.0480581 secs] [Times: user=0.14 sys=0.00, real=0.05 secs] 
2021-03-14T19:23:48.868+0800: 4025.520: [Full GC (Ergonomics) [PSYoungGen: 6144K->5389K(11264K)] [ParOldGen: 48691K->48691K(49152K)] 54835K->54081K(60416K), [Metaspace: 68328K->68328K(1112064K)], 0.0471159 secs] [Times: user=0.14 sys=0.00, real=0.05 secs] 
2021-03-14T19:23:50.743+0800: 4027.395: [Full GC (Ergonomics) [PSYoungGen: 6144K->5367K(11264K)] [ParOldGen: 48691K->48691K(49152K)] 54835K->54059K(60416K), [Metaspace: 68328K->68328K(1112064K)], 0.0473898 secs] [Times: user=0.14 sys=0.01, real=0.05 secs] 
2021-03-14T19:23:51.597+0800: 4028.248: [Full GC (Ergonomics) [PSYoungGen: 6144K->5369K(11264K)] [ParOldGen: 48691K->48691K(49152K)] 54835K->54061K(60416K), [Metaspace: 68328K->68328K(1112064K)], 0.0488858 secs] [Times: user=0.16 sys=0.00, real=0.05 secs] 
2021-03-14T19:23:53.626+0800: 4030.278: [Full GC (Ergonomics) [PSYoungGen: 6144K->5370K(11264K)] [ParOldGen: 48691K->48691K(49152K)] 54835K->54062K(60416K), [Metaspace: 68328K->68328K(1112064K)], 0.0502020 secs] [Times: user=0.13 sys=0.00, real=0.05 secs] 
2021-03-14T19:23:55.428+0800: 4032.080: [Full GC (Ergonomics) [PSYoungGen: 6143K->5388K(11264K)] [ParOldGen: 48691K->48691K(49152K)] 54835K->54080K(60416K), [Metaspace: 68328K->68328K(1112064K)], 0.0486634 secs] [Times: user=0.13 sys=0.00, real=0.05 secs] 
2021-03-14T19:23:55.807+0800: 4032.459: [Full GC (Ergonomics) [PSYoungGen: 6144K->5361K(11264K)] [ParOldGen: 48691K->48691K(49152K)] 54835K->54053K(60416K), [Metaspace: 68328K->68328K(1112064K)], 0.0482876 secs] [Times: user=0.15 sys=0.01, real=0.05 secs] 
2021-03-14T19:23:57.229+0800: 4033.880: [Full GC (Ergonomics) [PSYoungGen: 6144K->5364K(11264K)] [ParOldGen: 48691K->48691K(49152K)] 54835K->54056K(60416K), [Metaspace: 68328K->68328K(1112064K)], 0.0465254 secs] [Times: user=0.14 sys=0.00, real=0.04 secs] 
2021-03-14T19:23:57.930+0800: 4034.582: [Full GC (Ergonomics) [PSYoungGen: 6144K->5358K(11264K)] [ParOldGen: 48691K->48691K(49152K)] 54835K->54050K(60416K), [Metaspace: 68328K->68328K(1112064K)], 0.0479027 secs] [Times: user=0.14 sys=0.00, real=0.04 secs] 
2021-03-14T19:23:58.693+0800: 4035.345: [Full GC (Ergonomics) [PSYoungGen: 6139K->5379K(11264K)] [ParOldGen: 48691K->48691K(49152K)] 54831K->54071K(60416K), [Metaspace: 68328K->68328K(1112064K)], 0.0479500 secs] [Times: user=0.15 sys=0.01, real=0.05 secs] 
2021-03-14T19:23:58.868+0800: 4035.520: [Full GC (Ergonomics) [PSYoungGen: 6144K->5374K(11264K)] [ParOldGen: 48691K->48691K(49152K)] 54835K->54066K(60416K), [Metaspace: 68328K->68328K(1112064K)], 0.0487636 secs] [Times: user=0.17 sys=0.00, real=0.05 secs] 
2021-03-14T19:23:59.812+0800: 4036.464: [Full GC (Ergonomics) [PSYoungGen: 6144K->5362K(11264K)] [ParOldGen: 48691K->48691K(49152K)] 54835K->54054K(60416K), [Metaspace: 68328K->68328K(1112064K)], 0.0524744 secs] [Times: user=0.14 sys=0.00, real=0.05 secs] 
2021-03-14T19:24:00.798+0800: 4037.450: [Full GC (Ergonomics) [PSYoungGen: 6144K->5370K(11264K)] [ParOldGen: 48691K->48691K(49152K)] 54835K->54062K(60416K), [Metaspace: 68328K->68328K(1112064K)], 0.0460919 secs] [Times: user=0.14 sys=0.00, real=0.05 secs] 
2021-03-14T19:24:02.831+0800: 4039.483: [Full GC (Ergonomics) [PSYoungGen: 6144K->5373K(11264K)] [ParOldGen: 48691K->48691K(49152K)] 54835K->54065K(60416K), [Metaspace: 68328K->68328K(1112064K)], 0.0464393 secs] [Times: user=0.14 sys=0.00, real=0.04 secs] 
2021-03-14T19:24:05.609+0800: 4042.261: [Full GC (Ergonomics) [PSYoungGen: 6144K->5365K(11264K)] [ParOldGen: 48691K->48691K(49152K)] 54835K->54057K(60416K), [Metaspace: 68328K->68328K(1112064K)], 0.0484276 secs] [Times: user=0.15 sys=0.00, real=0.04 secs] 
2021-03-14T19:24:06.284+0800: 4042.936: [Full GC (Ergonomics) [PSYoungGen: 6144K->5366K(11264K)] [ParOldGen: 48691K->48691K(49152K)] 54835K->54058K(60416K), [Metaspace: 68328K->68328K(1112064K)], 0.0470524 secs] [Times: user=0.15 sys=0.00, real=0.05 secs] 
2021-03-14T19:24:07.285+0800: 4043.936: [Full GC (Ergonomics) [PSYoungGen: 6144K->5376K(11264K)] [ParOldGen: 48691K->48691K(49152K)] 54835K->54068K(60416K), [Metaspace: 68328K->68328K(1112064K)], 0.0501694 secs] [Times: user=0.13 sys=0.00, real=0.05 secs] 
2021-03-14T19:24:08.043+0800: 4044.695: [Full GC (Ergonomics) [PSYoungGen: 6144K->5365K(11264K)] [ParOldGen: 48691K->48691K(49152K)] 54835K->54057K(60416K), [Metaspace: 68328K->68328K(1112064K)], 0.0479257 secs] [Times: user=0.15 sys=0.00, real=0.05 secs] 
2021-03-14T19:24:08.694+0800: 4045.346: [Full GC (Ergonomics) [PSYoungGen: 6144K->5391K(11264K)] [ParOldGen: 48691K->48691K(49152K)] 54835K->54083K(60416K), [Metaspace: 68328K->68328K(1112064K)], 0.0493200 secs] [Times: user=0.16 sys=0.00, real=0.05 secs] 
2021-03-14T19:24:08.746+0800: 4045.397: [Full GC (Ergonomics) [PSYoungGen: 6144K->5417K(11264K)] [ParOldGen: 48691K->48691K(49152K)] 54835K->54109K(60416K), [Metaspace: 68328K->68328K(1112064K)], 0.0481666 secs] [Times: user=0.15 sys=0.00, real=0.05 secs] 
2021-03-14T19:24:08.927+0800: 4045.578: [Full GC (Ergonomics) [PSYoungGen: 6144K->5384K(11264K)] [ParOldGen: 48691K->48691K(49152K)] 54835K->54075K(60416K), [Metaspace: 68328K->68328K(1112064K)], 0.0474333 secs] [Times: user=0.15 sys=0.00, real=0.05 secs] 
2021-03-14T19:24:09.891+0800: 4046.543: [Full GC (Ergonomics) [PSYoungGen: 6144K->5363K(11264K)] [ParOldGen: 48691K->48691K(49152K)] 54835K->54055K(60416K), [Metaspace: 68328K->68328K(1112064K)], 0.0489884 secs] [Times: user=0.14 sys=0.00, real=0.05 secs] 
2021-03-14T19:24:10.856+0800: 4047.507: [Full GC (Ergonomics) [PSYoungGen: 6144K->5387K(11264K)] [ParOldGen: 48691K->48691K(49152K)] 54835K->54079K(60416K), [Metaspace: 68328K->68328K(1112064K)], 0.0499465 secs] [Times: user=0.15 sys=0.00, real=0.05 secs] 
2021-03-14T19:24:12.606+0800: 4049.257: [Full GC (Ergonomics) [PSYoungGen: 6144K->5364K(11264K)] [ParOldGen: 48691K->48691K(49152K)] 54835K->54056K(60416K), [Metaspace: 68328K->68328K(1112064K)], 0.0506043 secs] [Times: user=0.12 sys=0.00, real=0.05 secs] 
2021-03-14T19:24:14.618+0800: 4051.270: [Full GC (Ergonomics) [PSYoungGen: 6144K->5373K(11264K)] [ParOldGen: 48691K->48691K(49152K)] 54835K->54065K(60416K), [Metaspace: 68328K->68328K(1112064K)], 0.0503818 secs] [Times: user=0.15 sys=0.00, real=0.06 secs] 
2021-03-14T19:24:15.672+0800: 4052.323: [Full GC (Ergonomics) [PSYoungGen: 6144K->5365K(11264K)] [ParOldGen: 48691K->48691K(49152K)] 54835K->54057K(60416K), [Metaspace: 68328K->68328K(1112064K)], 0.0481844 secs] [Times: user=0.16 sys=0.00, real=0.05 secs] 
2021-03-14T19:24:16.692+0800: 4053.344: [Full GC (Ergonomics) [PSYoungGen: 6144K->5364K(11264K)] [ParOldGen: 48691K->48691K(49152K)] 54835K->54056K(60416K), [Metaspace: 68328K->68328K(1112064K)], 0.0492396 secs] [Times: user=0.16 sys=0.00, real=0.05 secs] 
2021-03-14T19:24:17.352+0800: 4054.004: [Full GC (Ergonomics) [PSYoungGen: 6144K->5373K(11264K)] [ParOldGen: 48691K->48691K(49152K)] 54835K->54065K(60416K), [Metaspace: 68328K->68328K(1112064K)], 0.0466641 secs] [Times: user=0.14 sys=0.01, real=0.05 secs] 
2021-03-14T19:24:18.221+0800: 4054.873: [Full GC (Ergonomics) [PSYoungGen: 6144K->5372K(11264K)] [ParOldGen: 48691K->48691K(49152K)] 54835K->54063K(60416K), [Metaspace: 68328K->68328K(1112064K)], 0.0480097 secs] [Times: user=0.15 sys=0.01, real=0.05 secs] 
2021-03-14T19:24:18.694+0800: 4055.346: [Full GC (Ergonomics) [PSYoungGen: 6144K->5377K(11264K)] [ParOldGen: 48691K->48691K(49152K)] 54835K->54069K(60416K), [Metaspace: 68328K->68328K(1112064K)], 0.0476406 secs] [Times: user=0.15 sys=0.00, real=0.05 secs] 
2021-03-14T19:24:18.990+0800: 4055.641: [Full GC (Ergonomics) [PSYoungGen: 6144K->5396K(11264K)] [ParOldGen: 48691K->48691K(49152K)] 54835K->54088K(60416K), [Metaspace: 68328K->68328K(1112064K)], 0.0475657 secs] [Times: user=0.15 sys=0.00, real=0.04 secs] 
2021-03-14T19:24:20.727+0800: 4057.379: [Full GC (Ergonomics) [PSYoungGen: 6144K->5362K(11264K)] [ParOldGen: 48691K->48691K(49152K)] 54835K->54054K(60416K), [Metaspace: 68328K->68328K(1112064K)], 0.0494218 secs] [Times: user=0.13 sys=0.00, real=0.05 secs] 
2021-03-14T19:24:21.381+0800: 4058.032: [Full GC (Ergonomics) [PSYoungGen: 6144K->5364K(11264K)] [ParOldGen: 48691K->48691K(49152K)] 54835K->54056K(60416K), [Metaspace: 68328K->68328K(1112064K)], 0.0479822 secs] [Times: user=0.13 sys=0.00, real=0.05 secs] 
2021-03-14T19:24:22.901+0800: 4059.553: [Full GC (Ergonomics) [PSYoungGen: 6144K->5372K(11264K)] [ParOldGen: 48691K->48691K(49152K)] 54835K->54063K(60416K), [Metaspace: 68328K->68328K(1112064K)], 0.0471482 secs] [Times: user=0.15 sys=0.00, real=0.05 secs] 
2021-03-14T19:24:25.208+0800: 4061.859: [Full GC (Ergonomics) [PSYoungGen: 6144K->5378K(11264K)] [ParOldGen: 48691K->48691K(49152K)] 54835K->54070K(60416K), [Metaspace: 68328K->68328K(1112064K)], 0.0491738 secs] [Times: user=0.15 sys=0.00, real=0.05 secs] 
2021-03-14T19:24:25.788+0800: 4062.439: [Full GC (Ergonomics) [PSYoungGen: 6144K->5385K(11264K)] [ParOldGen: 48691K->48691K(49152K)] 54835K->54077K(60416K), [Metaspace: 68328K->68328K(1112064K)], 0.0490880 secs] [Times: user=0.15 sys=0.00, real=0.05 secs] 
2021-03-14T19:24:26.978+0800: 4063.630: [Full GC (Ergonomics) [PSYoungGen: 6144K->5367K(11264K)] [ParOldGen: 48691K->48691K(49152K)] 54835K->54059K(60416K), [Metaspace: 68328K->68328K(1112064K)], 0.0466408 secs] [Times: user=0.13 sys=0.00, real=0.04 secs] 
2021-03-14T19:24:27.956+0800: 4064.608: [Full GC (Ergonomics) [PSYoungGen: 6144K->5358K(11264K)] [ParOldGen: 48691K->48691K(49152K)] 54835K->54050K(60416K), [Metaspace: 68328K->68328K(1112064K)], 0.0490415 secs] [Times: user=0.15 sys=0.00, real=0.05 secs] 
2021-03-14T19:24:28.708+0800: 4065.360: [Full GC (Ergonomics) [PSYoungGen: 6144K->5370K(11264K)] [ParOldGen: 48691K->48691K(49152K)] 54835K->54062K(60416K), [Metaspace: 68328K->68328K(1112064K)], 0.0492016 secs] [Times: user=0.15 sys=0.00, real=0.05 secs] 
2021-03-14T19:24:28.760+0800: 4065.412: [Full GC (Ergonomics) [PSYoungGen: 6142K->5405K(11264K)] [ParOldGen: 48691K->48691K(49152K)] 54834K->54097K(60416K), [Metaspace: 68328K->68328K(1112064K)], 0.0467526 secs] [Times: user=0.14 sys=0.00, real=0.04 secs] 
2021-03-14T19:24:28.859+0800: 4065.510: [Full GC (Ergonomics) [PSYoungGen: 6144K->5374K(11264K)] [ParOldGen: 48691K->48691K(49152K)] 54835K->54066K(60416K), [Metaspace: 68346K->68346K(1112064K)], 0.0470316 secs] [Times: user=0.15 sys=0.00, real=0.04 secs] 
2021-03-14T19:24:29.048+0800: 4065.699: [Full GC (Ergonomics) [PSYoungGen: 6144K->5374K(11264K)] [ParOldGen: 48691K->48691K(49152K)] 54835K->54065K(60416K), [Metaspace: 68346K->68346K(1112064K)], 0.0470534 secs] [Times: user=0.15 sys=0.00, real=0.05 secs] 
2021-03-14T19:24:30.858+0800: 4067.510: [Full GC (Ergonomics) [PSYoungGen: 6144K->5379K(11264K)] [ParOldGen: 48691K->48691K(49152K)] 54835K->54071K(60416K), [Metaspace: 68346K->68346K(1112064K)], 0.0487053 secs] [Times: user=0.16 sys=0.00, real=0.05 secs] 
2021-03-14T19:24:32.842+0800: 4069.493: [Full GC (Ergonomics) [PSYoungGen: 6144K->5360K(11264K)] [ParOldGen: 48691K->48691K(49152K)] 54835K->54052K(60416K), [Metaspace: 68346K->68346K(1112064K)], 0.0475587 secs] [Times: user=0.14 sys=0.01, real=0.05 secs] 
2021-03-14T19:24:34.898+0800: 4071.550: [Full GC (Ergonomics) [PSYoungGen: 6144K->5373K(11264K)] [ParOldGen: 48691K->48691K(49152K)] 54835K->54065K(60416K), [Metaspace: 68346K->68346K(1112064K)], 0.0489844 secs] [Times: user=0.16 sys=0.00, real=0.05 secs] 
2021-03-14T19:24:35.852+0800: 4072.504: [Full GC (Ergonomics) [PSYoungGen: 6144K->5374K(11264K)] [ParOldGen: 48691K->48691K(49152K)] 54835K->54066K(60416K), [Metaspace: 68346K->68346K(1112064K)], 0.0483674 secs] [Times: user=0.15 sys=0.00, real=0.05 secs] 
2021-03-14T19:24:36.969+0800: 4073.621: [Full GC (Ergonomics) [PSYoungGen: 6144K->5380K(11264K)] [ParOldGen: 48691K->48691K(49152K)] 54835K->54072K(60416K), [Metaspace: 68346K->68346K(1112064K)], 0.0491456 secs] [Times: user=0.15 sys=0.00, real=0.05 secs] 
2021-03-14T19:24:37.897+0800: 4074.548: [Full GC (Ergonomics) [PSYoungGen: 6136K->5366K(11264K)] [ParOldGen: 48691K->48691K(49152K)] 54827K->54058K(60416K), [Metaspace: 68346K->68346K(1112064K)], 0.0497371 secs] [Times: user=0.12 sys=0.01, real=0.05 secs] 
2021-03-14T19:24:38.695+0800: 4075.346: [Full GC (Ergonomics) [PSYoungGen: 6139K->5374K(11264K)] [ParOldGen: 48691K->48691K(49152K)] 54831K->54066K(60416K), [Metaspace: 68346K->68346K(1112064K)], 0.0493796 secs] [Times: user=0.16 sys=0.00, real=0.05 secs] 
2021-03-14T19:24:38.827+0800: 4075.479: [Full GC (Ergonomics) [PSYoungGen: 6144K->5373K(11264K)] [ParOldGen: 48691K->48691K(49152K)] 54835K->54065K(60416K), [Metaspace: 68346K->68346K(1112064K)], 0.0480569 secs] [Times: user=0.16 sys=0.00, real=0.05 secs] 
2021-03-14T19:24:39.053+0800: 4075.705: [Full GC (Ergonomics) [PSYoungGen: 6144K->5413K(11264K)] [ParOldGen: 48691K->48691K(49152K)] 54835K->54104K(60416K), [Metaspace: 68346K->68346K(1112064K)], 0.0481871 secs] [Times: user=0.16 sys=0.00, real=0.05 secs] 
2021-03-14T19:24:40.814+0800: 4077.465: [Full GC (Ergonomics) [PSYoungGen: 6144K->5374K(11264K)] [ParOldGen: 48691K->48691K(49152K)] 54835K->54065K(60416K), [Metaspace: 68347K->68347K(1112064K)], 0.0478070 secs] [Times: user=0.15 sys=0.00, real=0.05 secs] 
2021-03-14T19:24:41.681+0800: 4078.332: [Full GC (Ergonomics) [PSYoungGen: 6144K->5366K(11264K)] [ParOldGen: 48691K->48691K(49152K)] 54835K->54058K(60416K), [Metaspace: 68347K->68347K(1112064K)], 0.0473477 secs] [Times: user=0.16 sys=0.00, real=0.04 secs] 
2021-03-14T19:24:43.890+0800: 4080.541: [Full GC (Ergonomics) [PSYoungGen: 6144K->5373K(11264K)] [ParOldGen: 48691K->48691K(49152K)] 54835K->54065K(60416K), [Metaspace: 68347K->68347K(1112064K)], 0.0474751 secs] [Times: user=0.15 sys=0.00, real=0.04 secs] 
2021-03-14T19:24:45.728+0800: 4082.380: [Full GC (Ergonomics) [PSYoungGen: 6144K->5362K(11264K)] [ParOldGen: 48691K->48691K(49152K)] 54835K->54054K(60416K), [Metaspace: 68348K->68348K(1112064K)], 0.0497408 secs] [Times: user=0.17 sys=0.00, real=0.04 secs] 
2021-03-14T19:24:46.477+0800: 4083.129: [Full GC (Ergonomics) [PSYoungGen: 6142K->5371K(11264K)] [ParOldGen: 48691K->48691K(49152K)] 54833K->54063K(60416K), [Metaspace: 68348K->68348K(1112064K)], 0.0502869 secs] [Times: user=0.13 sys=0.00, real=0.05 secs] 
2021-03-14T19:24:47.362+0800: 4084.013: [Full GC (Ergonomics) [PSYoungGen: 6144K->5372K(11264K)] [ParOldGen: 48691K->48691K(49152K)] 54835K->54064K(60416K), [Metaspace: 68348K->68348K(1112064K)], 0.0504358 secs] [Times: user=0.15 sys=0.01, real=0.05 secs] 
2021-03-14T19:24:48.155+0800: 4084.806: [Full GC (Ergonomics) [PSYoungGen: 6144K->5358K(11264K)] [ParOldGen: 48691K->48691K(49152K)] 54835K->54050K(60416K), [Metaspace: 68348K->68348K(1112064K)], 0.0482674 secs] [Times: user=0.12 sys=0.01, real=0.05 secs] 
2021-03-14T19:24:48.695+0800: 4085.347: [Full GC (Ergonomics) [PSYoungGen: 6144K->5379K(11264K)] [ParOldGen: 48691K->48691K(49152K)] 54835K->54071K(60416K), [Metaspace: 68348K->68348K(1112064K)], 0.0486594 secs] [Times: user=0.15 sys=0.00, real=0.05 secs] 
2021-03-14T19:24:48.746+0800: 4085.398: [Full GC (Ergonomics) [PSYoungGen: 6144K->5402K(11264K)] [ParOldGen: 48691K->48691K(49152K)] 54835K->54094K(60416K), [Metaspace: 68348K->68348K(1112064K)], 0.0472924 secs] [Times: user=0.14 sys=0.00, real=0.05 secs] 
2021-03-14T19:24:49.057+0800: 4085.709: [Full GC (Ergonomics) [PSYoungGen: 6144K->5383K(11264K)] [ParOldGen: 48691K->48691K(49152K)] 54835K->54075K(60416K), [Metaspace: 68348K->68348K(1112064K)], 0.0482277 secs] [Times: user=0.16 sys=0.00, real=0.05 secs] 
2021-03-14T19:24:50.042+0800: 4086.694: [Full GC (Ergonomics) [PSYoungGen: 6144K->5359K(11264K)] [ParOldGen: 48691K->48691K(49152K)] 54835K->54051K(60416K), [Metaspace: 68348K->68348K(1112064K)], 0.0506990 secs] [Times: user=0.12 sys=0.00, real=0.05 secs] 
2021-03-14T19:24:50.922+0800: 4087.573: [Full GC (Ergonomics) [PSYoungGen: 6144K->5369K(11264K)] [ParOldGen: 48691K->48691K(49152K)] 54835K->54061K(60416K), [Metaspace: 68348K->68348K(1112064K)], 0.0503275 secs] [Times: user=0.14 sys=0.00, real=0.05 secs] 
2021-03-14T19:24:52.969+0800: 4089.621: [Full GC (Ergonomics) [PSYoungGen: 6144K->5361K(11264K)] [ParOldGen: 48691K->48691K(49152K)] 54835K->54053K(60416K), [Metaspace: 68348K->68348K(1112064K)], 0.0487842 secs] [Times: user=0.12 sys=0.01, real=0.04 secs] 
2021-03-14T19:24:54.961+0800: 4091.613: [Full GC (Ergonomics) [PSYoungGen: 6144K->5374K(11264K)] [ParOldGen: 48691K->48691K(49152K)] 54835K->54065K(60416K), [Metaspace: 68348K->68348K(1112064K)], 0.0510655 secs] [Times: user=0.13 sys=0.00, real=0.05 secs] 
2021-03-14T19:24:55.794+0800: 4092.446: [Full GC (Ergonomics) [PSYoungGen: 6144K->5374K(11264K)] [ParOldGen: 48691K->48691K(49152K)] 54835K->54066K(60416K), [Metaspace: 68348K->68348K(1112064K)], 0.0471110 secs] [Times: user=0.14 sys=0.00, real=0.05 secs] 
2021-03-14T19:24:56.868+0800: 4093.519: [Full GC (Ergonomics) [PSYoungGen: 6144K->5368K(11264K)] [ParOldGen: 48691K->48691K(49152K)] 54835K->54060K(60416K), [Metaspace: 68348K->68348K(1112064K)], 0.0471647 secs] [Times: user=0.15 sys=0.00, real=0.05 secs] 
2021-03-14T19:24:57.505+0800: 4094.157: [Full GC (Ergonomics) [PSYoungGen: 6144K->5380K(11264K)] [ParOldGen: 48691K->48683K(49152K)] 54835K->54064K(60416K), [Metaspace: 68348K->68348K(1112064K)], 0.0470982 secs] [Times: user=0.15 sys=0.00, real=0.05 secs] 
2021-03-14T19:24:58.470+0800: 4095.121: [Full GC (Ergonomics) [PSYoungGen: 6144K->5368K(11264K)] [ParOldGen: 48683K->48683K(49152K)] 54827K->54052K(60416K), [Metaspace: 68348K->68348K(1112064K)], 0.0482569 secs] [Times: user=0.14 sys=0.00, real=0.04 secs] 
2021-03-14T19:24:58.714+0800: 4095.365: [Full GC (Ergonomics) [PSYoungGen: 6144K->5400K(11264K)] [ParOldGen: 48683K->48683K(49152K)] 54827K->54084K(60416K), [Metaspace: 68348K->68348K(1112064K)], 0.0473574 secs] [Times: user=0.15 sys=0.00, real=0.05 secs] 
2021-03-14T19:24:59.125+0800: 4095.777: [Full GC (Ergonomics) [PSYoungGen: 6144K->5421K(11264K)] [ParOldGen: 48683K->48683K(49152K)] 54827K->54105K(60416K), [Metaspace: 68348K->68348K(1112064K)], 0.0485012 secs] [Times: user=0.15 sys=0.00, real=0.05 secs] 
2021-03-14T19:25:00.819+0800: 4097.471: [Full GC (Ergonomics) [PSYoungGen: 6143K->5383K(11264K)] [ParOldGen: 48683K->48683K(49152K)] 54827K->54066K(60416K), [Metaspace: 68348K->68348K(1112064K)], 0.0492037 secs] [Times: user=0.14 sys=0.00, real=0.05 secs] 
2021-03-14T19:25:01.544+0800: 4098.196: [Full GC (Ergonomics) [PSYoungGen: 6136K->5381K(11264K)] [ParOldGen: 48683K->48683K(49152K)] 54820K->54065K(60416K), [Metaspace: 68348K->68348K(1112064K)], 0.0513275 secs] [Times: user=0.12 sys=0.00, real=0.05 secs] 
2021-03-14T19:25:03.970+0800: 4100.621: [Full GC (Ergonomics) [PSYoungGen: 6139K->5392K(11264K)] [ParOldGen: 48683K->48683K(49152K)] 54822K->54076K(60416K), [Metaspace: 68348K->68348K(1112064K)], 0.0517554 secs] [Times: user=0.12 sys=0.00, real=0.05 secs] 
2021-03-14T19:25:05.816+0800: 4102.467: [Full GC (Ergonomics) [PSYoungGen: 6144K->5374K(11264K)] [ParOldGen: 48683K->48683K(49152K)] 54827K->54058K(60416K), [Metaspace: 68348K->68348K(1112064K)], 0.0493690 secs] [Times: user=0.16 sys=0.00, real=0.05 secs] 
2021-03-14T19:25:06.852+0800: 4103.503: [Full GC (Ergonomics) [PSYoungGen: 6144K->5380K(11264K)] [ParOldGen: 48683K->48683K(49152K)] 54827K->54064K(60416K), [Metaspace: 68348K->68348K(1112064K)], 0.0525484 secs] [Times: user=0.12 sys=0.00, real=0.05 secs] 
2021-03-14T19:25:07.448+0800: 4104.099: [Full GC (Ergonomics) [PSYoungGen: 6144K->5388K(11264K)] [ParOldGen: 48683K->48683K(49152K)] 54827K->54072K(60416K), [Metaspace: 68348K->68348K(1112064K)], 0.0503210 secs] [Times: user=0.15 sys=0.01, real=0.05 secs] 
2021-03-14T19:25:08.234+0800: 4104.886: [Full GC (Ergonomics) [PSYoungGen: 6144K->5387K(11264K)] [ParOldGen: 48683K->48683K(49152K)] 54827K->54071K(60416K), [Metaspace: 68348K->68348K(1112064K)], 0.0484480 secs] [Times: user=0.15 sys=0.00, real=0.05 secs] 
2021-03-14T19:25:08.695+0800: 4105.346: [Full GC (Ergonomics) [PSYoungGen: 6144K->5383K(11264K)] [ParOldGen: 48683K->48683K(49152K)] 54827K->54067K(60416K), [Metaspace: 68348K->68348K(1112064K)], 0.0500839 secs] [Times: user=0.16 sys=0.00, real=0.05 secs] 
2021-03-14T19:25:08.747+0800: 4105.399: [Full GC (Ergonomics) [PSYoungGen: 6139K->5392K(11264K)] [ParOldGen: 48683K->48683K(49152K)] 54822K->54075K(60416K), [Metaspace: 68348K->68348K(1112064K)], 0.0473576 secs] [Times: user=0.14 sys=0.00, real=0.05 secs] 
2021-03-14T19:25:09.180+0800: 4105.831: [Full GC (Ergonomics) [PSYoungGen: 6144K->5393K(11264K)] [ParOldGen: 48683K->48683K(49152K)] 54827K->54077K(60416K), [Metaspace: 68348K->68348K(1112064K)], 0.0472171 secs] [Times: user=0.14 sys=0.00, real=0.04 secs] 
2021-03-14T19:25:10.488+0800: 4107.140: [Full GC (Ergonomics) [PSYoungGen: 6144K->5377K(11264K)] [ParOldGen: 48683K->48683K(49152K)] 54827K->54061K(60416K), [Metaspace: 68348K->68348K(1112064K)], 0.0485639 secs] [Times: user=0.14 sys=0.00, real=0.05 secs] 
2021-03-14T19:25:11.011+0800: 4107.662: [Full GC (Ergonomics) [PSYoungGen: 6144K->5378K(11264K)] [ParOldGen: 48683K->48683K(49152K)] 54827K->54062K(60416K), [Metaspace: 68348K->68348K(1112064K)], 0.0477831 secs] [Times: user=0.14 sys=0.00, real=0.05 secs] 
2021-03-14T19:25:13.051+0800: 4109.703: [Full GC (Ergonomics) [PSYoungGen: 6144K->5377K(11264K)] [ParOldGen: 48683K->48683K(49152K)] 54827K->54061K(60416K), [Metaspace: 68348K->68348K(1112064K)], 0.0511586 secs] [Times: user=0.11 sys=0.00, real=0.05 secs] 
2021-03-14T19:25:15.025+0800: 4111.677: [Full GC (Ergonomics) [PSYoungGen: 6144K->5375K(11264K)] [ParOldGen: 48683K->48683K(49152K)] 54827K->54059K(60416K), [Metaspace: 68348K->68348K(1112064K)], 0.0526455 secs] [Times: user=0.12 sys=0.00, real=0.05 secs] 
2021-03-14T19:25:15.875+0800: 4112.526: [Full GC (Ergonomics) [PSYoungGen: 6144K->5396K(11264K)] [ParOldGen: 48683K->48683K(49152K)] 54827K->54080K(60416K), [Metaspace: 68348K->68348K(1112064K)], 0.0504413 secs] [Times: user=0.12 sys=0.00, real=0.05 secs] 
2021-03-14T19:25:16.917+0800: 4113.568: [Full GC (Ergonomics) [PSYoungGen: 6141K->5394K(11264K)] [ParOldGen: 48683K->48683K(49152K)] 54825K->54077K(60416K), [Metaspace: 68348K->68348K(1112064K)], 0.0477394 secs] [Times: user=0.14 sys=0.00, real=0.05 secs] 
2021-03-14T19:25:17.591+0800: 4114.243: [Full GC (Ergonomics) [PSYoungGen: 6144K->5380K(11264K)] [ParOldGen: 48683K->48683K(49152K)] 54827K->54064K(60416K), [Metaspace: 68348K->68348K(1112064K)], 0.0491095 secs] [Times: user=0.16 sys=0.00, real=0.05 secs] 
2021-03-14T19:25:18.359+0800: 4115.011: [Full GC (Ergonomics) [PSYoungGen: 6144K->5383K(11264K)] [ParOldGen: 48683K->48683K(49152K)] 54827K->54067K(60416K), [Metaspace: 68348K->68348K(1112064K)], 0.0490373 secs] [Times: user=0.13 sys=0.00, real=0.04 secs] 
2021-03-14T19:25:18.697+0800: 4115.349: [Full GC (Ergonomics) [PSYoungGen: 6144K->5381K(11264K)] [ParOldGen: 48683K->48683K(49152K)] 54827K->54065K(60416K), [Metaspace: 68348K->68348K(1112064K)], 0.0472218 secs] [Times: user=0.14 sys=0.00, real=0.05 secs] 
2021-03-14T19:25:19.235+0800: 4115.886: [Full GC (Ergonomics) [PSYoungGen: 6144K->5397K(11264K)] [ParOldGen: 48683K->48683K(49152K)] 54827K->54080K(60416K), [Metaspace: 68348K->68348K(1112064K)], 0.0494364 secs] [Times: user=0.16 sys=0.01, real=0.05 secs] 
2021-03-14T19:25:20.754+0800: 4117.406: [Full GC (Ergonomics) [PSYoungGen: 6144K->5385K(11264K)] [ParOldGen: 48683K->48683K(49152K)] 54827K->54069K(60416K), [Metaspace: 68348K->68348K(1112064K)], 0.0510437 secs] [Times: user=0.14 sys=0.00, real=0.05 secs] 
2021-03-14T19:25:21.625+0800: 4118.277: [Full GC (Ergonomics) [PSYoungGen: 6144K->5384K(11264K)] [ParOldGen: 48683K->48683K(49152K)] 54827K->54068K(60416K), [Metaspace: 68348K->68348K(1112064K)], 0.0511352 secs] [Times: user=0.15 sys=0.00, real=0.05 secs] 
2021-03-14T19:25:23.116+0800: 4119.768: [Full GC (Ergonomics) [PSYoungGen: 6144K->5400K(11264K)] [ParOldGen: 48683K->48683K(49152K)] 54827K->54083K(60416K), [Metaspace: 68348K->68348K(1112064K)], 0.0477623 secs] [Times: user=0.15 sys=0.00, real=0.05 secs] 
2021-03-14T19:25:25.352+0800: 4122.003: [Full GC (Ergonomics) [PSYoungGen: 6144K->5383K(11264K)] [ParOldGen: 48683K->48683K(49152K)] 54827K->54066K(60416K), [Metaspace: 68348K->68348K(1112064K)], 0.0517462 secs] [Times: user=0.13 sys=0.00, real=0.05 secs] 
2021-03-14T19:25:26.082+0800: 4122.733: [Full GC (Ergonomics) [PSYoungGen: 6144K->5385K(11264K)] [ParOldGen: 48683K->48683K(49152K)] 54827K->54069K(60416K), [Metaspace: 68348K->68348K(1112064K)], 0.0472447 secs] [Times: user=0.14 sys=0.00, real=0.05 secs] 
2021-03-14T19:25:27.072+0800: 4123.723: [Full GC (Ergonomics) [PSYoungGen: 6144K->5380K(11264K)] [ParOldGen: 48683K->48683K(49152K)] 54827K->54064K(60416K), [Metaspace: 68348K->68348K(1112064K)], 0.0473431 secs] [Times: user=0.15 sys=0.00, real=0.05 secs] 
2021-03-14T19:25:28.170+0800: 4124.822: [Full GC (Ergonomics) [PSYoungGen: 6144K->5373K(11264K)] [ParOldGen: 48683K->48683K(49152K)] 54827K->54056K(60416K), [Metaspace: 68348K->68348K(1112064K)], 0.0469508 secs] [Times: user=0.15 sys=0.00, real=0.04 secs] 
2021-03-14T19:25:28.694+0800: 4125.345: [Full GC (Ergonomics) [PSYoungGen: 6144K->5380K(11264K)] [ParOldGen: 48683K->48683K(49152K)] 54827K->54064K(60416K), [Metaspace: 68348K->68348K(1112064K)], 0.0513136 secs] [Times: user=0.15 sys=0.00, real=0.05 secs] 
2021-03-14T19:25:28.747+0800: 4125.398: [Full GC (Ergonomics) [PSYoungGen: 6144K->5429K(11264K)] [ParOldGen: 48683K->48683K(49152K)] 54827K->54113K(60416K), [Metaspace: 68348K->68348K(1112064K)], 0.0477735 secs] [Times: user=0.15 sys=0.00, real=0.05 secs] 
2021-03-14T19:25:28.968+0800: 4125.620: [Full GC (Ergonomics) [PSYoungGen: 6144K->5375K(11264K)] [ParOldGen: 48683K->48683K(49152K)] 54827K->54058K(60416K), [Metaspace: 68348K->68348K(1112064K)], 0.0472790 secs] [Times: user=0.14 sys=0.01, real=0.04 secs] 
2021-03-14T19:25:29.299+0800: 4125.951: [Full GC (Ergonomics) [PSYoungGen: 6144K->5372K(11264K)] [ParOldGen: 48683K->48683K(49152K)] 54827K->54056K(60416K), [Metaspace: 68348K->68348K(1112064K)], 0.0482367 secs] [Times: user=0.15 sys=0.00, real=0.04 secs] 
2021-03-14T19:25:30.854+0800: 4127.505: [Full GC (Ergonomics) [PSYoungGen: 6144K->5393K(11264K)] [ParOldGen: 48683K->48683K(49152K)] 54827K->54077K(60416K), [Metaspace: 68348K->68348K(1112064K)], 0.0490769 secs] [Times: user=0.15 sys=0.00, real=0.05 secs] 
2021-03-14T19:25:31.984+0800: 4128.636: [Full GC (Ergonomics) [PSYoungGen: 6144K->5387K(11264K)] [ParOldGen: 48683K->48683K(49152K)] 54827K->54070K(60416K), [Metaspace: 68348K->68348K(1112064K)], 0.0476353 secs] [Times: user=0.15 sys=0.00, real=0.05 secs] 
2021-03-14T19:25:34.794+0800: 4131.445: [Full GC (Ergonomics) [PSYoungGen: 6144K->5378K(11264K)] [ParOldGen: 48683K->48683K(49152K)] 54827K->54062K(60416K), [Metaspace: 68348K->68348K(1112064K)], 0.0500114 secs] [Times: user=0.12 sys=0.00, real=0.05 secs] 
2021-03-14T19:25:35.952+0800: 4132.603: [Full GC (Ergonomics) [PSYoungGen: 6144K->5397K(11264K)] [ParOldGen: 48683K->48683K(49152K)] 54827K->54081K(60416K), [Metaspace: 68348K->68348K(1112064K)], 0.0491791 secs] [Times: user=0.15 sys=0.00, real=0.05 secs] 
2021-03-14T19:25:36.986+0800: 4133.638: [Full GC (Ergonomics) [PSYoungGen: 6144K->5387K(11264K)] [ParOldGen: 48683K->48683K(49152K)] 54827K->54071K(60416K), [Metaspace: 68348K->68348K(1112064K)], 0.0503052 secs] [Times: user=0.15 sys=0.01, real=0.05 secs] 
2021-03-14T19:25:37.652+0800: 4134.304: [Full GC (Ergonomics) [PSYoungGen: 6144K->5386K(11264K)] [ParOldGen: 48683K->48683K(49152K)] 54827K->54070K(60416K), [Metaspace: 68348K->68348K(1112064K)], 0.0493337 secs] [Times: user=0.15 sys=0.00, real=0.05 secs] 
2021-03-14T19:25:38.427+0800: 4135.078: [Full GC (Ergonomics) [PSYoungGen: 6144K->5388K(11264K)] [ParOldGen: 48683K->48683K(49152K)] 54827K->54072K(60416K), [Metaspace: 68348K->68348K(1112064K)], 0.0503874 secs] [Times: user=0.15 sys=0.00, real=0.05 secs] 
2021-03-14T19:25:38.700+0800: 4135.352: [Full GC (Ergonomics) [PSYoungGen: 6144K->5395K(11264K)] [ParOldGen: 48683K->48683K(49152K)] 54827K->54079K(60416K), [Metaspace: 68348K->68348K(1112064K)], 0.0474882 secs] [Times: user=0.15 sys=0.00, real=0.04 secs] 
2021-03-14T19:25:39.302+0800: 4135.953: [Full GC (Ergonomics) [PSYoungGen: 6144K->5397K(11264K)] [ParOldGen: 48683K->48683K(49152K)] 54827K->54081K(60416K), [Metaspace: 68348K->68348K(1112064K)], 0.0489006 secs] [Times: user=0.15 sys=0.00, real=0.05 secs] 
2021-03-14T19:25:40.543+0800: 4137.195: [Full GC (Ergonomics) [PSYoungGen: 6144K->5378K(11264K)] [ParOldGen: 48683K->48683K(49152K)] 54827K->54062K(60416K), [Metaspace: 68348K->68348K(1112064K)], 0.0512048 secs] [Times: user=0.14 sys=0.00, real=0.05 secs] 
2021-03-14T19:25:41.154+0800: 4137.806: [Full GC (Ergonomics) [PSYoungGen: 6144K->5397K(11264K)] [ParOldGen: 48683K->48683K(49152K)] 54827K->54081K(60416K), [Metaspace: 68348K->68348K(1112064K)], 0.0470834 secs] [Times: user=0.15 sys=0.00, real=0.05 secs] 
2021-03-14T19:25:43.239+0800: 4139.890: [Full GC (Ergonomics) [PSYoungGen: 6144K->5386K(11264K)] [ParOldGen: 48683K->48683K(49152K)] 54827K->54069K(60416K), [Metaspace: 68348K->68348K(1112064K)], 0.0503154 secs] [Times: user=0.17 sys=0.00, real=0.05 secs] 
2021-03-14T19:25:45.438+0800: 4142.090: [Full GC (Ergonomics) [PSYoungGen: 6143K->5376K(11264K)] [ParOldGen: 48683K->48683K(49152K)] 54827K->54060K(60416K), [Metaspace: 68348K->68348K(1112064K)], 0.0496390 secs] [Times: user=0.13 sys=0.00, real=0.05 secs] 
2021-03-14T19:25:46.208+0800: 4142.860: [Full GC (Ergonomics) [PSYoungGen: 6140K->5387K(11264K)] [ParOldGen: 48683K->48683K(49152K)] 54823K->54070K(60416K), [Metaspace: 68348K->68348K(1112064K)], 0.0512786 secs] [Times: user=0.14 sys=0.00, real=0.06 secs] 
2021-03-14T19:25:47.145+0800: 4143.797: [Full GC (Ergonomics) [PSYoungGen: 6144K->5372K(11264K)] [ParOldGen: 48683K->48683K(49152K)] 54827K->54056K(60416K), [Metaspace: 68348K->68348K(1112064K)], 0.0496731 secs] [Times: user=0.16 sys=0.00, real=0.05 secs] 
2021-03-14T19:25:47.948+0800: 4144.599: [Full GC (Ergonomics) [PSYoungGen: 6144K->5385K(11264K)] [ParOldGen: 48683K->48683K(49152K)] 54827K->54068K(60416K), [Metaspace: 68348K->68348K(1112064K)], 0.0517341 secs] [Times: user=0.14 sys=0.00, real=0.06 secs] 
2021-03-14T19:25:48.700+0800: 4145.351: [Full GC (Ergonomics) [PSYoungGen: 6144K->5393K(11264K)] [ParOldGen: 48683K->48683K(49152K)] 54827K->54076K(60416K), [Metaspace: 68348K->68348K(1112064K)], 0.0497581 secs] [Times: user=0.15 sys=0.00, real=0.05 secs] 
2021-03-14T19:25:48.751+0800: 4145.403: [Full GC (Ergonomics) [PSYoungGen: 6144K->5438K(11264K)] [ParOldGen: 48683K->48683K(49152K)] 54827K->54122K(60416K), [Metaspace: 68348K->68348K(1112064K)], 0.0479950 secs] [Times: user=0.14 sys=0.00, real=0.05 secs] 
2021-03-14T19:25:48.805+0800: 4145.456: [Full GC (Ergonomics) [PSYoungGen: 6144K->5374K(11264K)] [ParOldGen: 48683K->48683K(49152K)] 54827K->54058K(60416K), [Metaspace: 68348K->68348K(1112064K)], 0.0461687 secs] [Times: user=0.14 sys=0.00, real=0.05 secs] 
2021-03-14T19:25:49.358+0800: 4146.009: [Full GC (Ergonomics) [PSYoungGen: 6142K->5428K(11264K)] [ParOldGen: 48683K->48683K(49152K)] 54825K->54112K(60416K), [Metaspace: 68348K->68348K(1112064K)], 0.0498045 secs] [Times: user=0.16 sys=0.00, real=0.05 secs] 
2021-03-14T19:25:50.857+0800: 4147.508: [Full GC (Ergonomics) [PSYoungGen: 6144K->5384K(11264K)] [ParOldGen: 48683K->48683K(49152K)] 54827K->54067K(60416K), [Metaspace: 68348K->68348K(1112064K)], 0.0483340 secs] [Times: user=0.16 sys=0.00, real=0.05 secs] 
2021-03-14T19:25:51.640+0800: 4148.291: [Full GC (Ergonomics) [PSYoungGen: 6137K->5386K(11264K)] [ParOldGen: 48683K->48683K(49152K)] 54821K->54069K(60416K), [Metaspace: 68348K->68348K(1112064K)], 0.0500191 secs] [Times: user=0.12 sys=0.00, real=0.05 secs] 
2021-03-14T19:25:53.308+0800: 4149.959: [Full GC (Ergonomics) [PSYoungGen: 6144K->5384K(11264K)] [ParOldGen: 48683K->48683K(49152K)] 54827K->54067K(60416K), [Metaspace: 68348K->68348K(1112064K)], 0.0483225 secs] [Times: user=0.15 sys=0.00, real=0.05 secs] 
2021-03-14T19:25:55.597+0800: 4152.248: [Full GC (Ergonomics) [PSYoungGen: 6144K->5374K(11264K)] [ParOldGen: 48683K->48683K(49152K)] 54827K->54058K(60416K), [Metaspace: 68348K->68348K(1112064K)], 0.0512838 secs] [Times: user=0.13 sys=0.00, real=0.05 secs] 
2021-03-14T19:25:56.284+0800: 4152.936: [Full GC (Ergonomics) [PSYoungGen: 6144K->5374K(11264K)] [ParOldGen: 48683K->48683K(49152K)] 54827K->54057K(60416K), [Metaspace: 68348K->68348K(1112064K)], 0.0472160 secs] [Times: user=0.13 sys=0.01, real=0.05 secs] 
2021-03-14T19:25:57.208+0800: 4153.859: [Full GC (Ergonomics) [PSYoungGen: 6144K->5381K(11264K)] [ParOldGen: 48683K->48683K(49152K)] 54827K->54064K(60416K), [Metaspace: 68348K->68348K(1112064K)], 0.0480027 secs] [Times: user=0.15 sys=0.00, real=0.05 secs] 
2021-03-14T19:25:58.311+0800: 4154.962: [Full GC (Ergonomics) [PSYoungGen: 6144K->5387K(11264K)] [ParOldGen: 48683K->48683K(49152K)] 54827K->54070K(60416K), [Metaspace: 68348K->68348K(1112064K)], 0.0505809 secs] [Times: user=0.14 sys=0.00, real=0.05 secs] 
2021-03-14T19:25:58.695+0800: 4155.346: [Full GC (Ergonomics) [PSYoungGen: 6141K->5389K(11264K)] [ParOldGen: 48683K->48683K(49152K)] 54824K->54073K(60416K), [Metaspace: 68348K->68348K(1112064K)], 0.0466585 secs] [Times: user=0.14 sys=0.00, real=0.05 secs] 
2021-03-14T19:25:59.054+0800: 4155.705: [Full GC (Ergonomics) [PSYoungGen: 6144K->5388K(11264K)] [ParOldGen: 48683K->48683K(49152K)] 54827K->54072K(60416K), [Metaspace: 68348K->68348K(1112064K)], 0.0466774 secs] [Times: user=0.14 sys=0.00, real=0.05 secs] 
2021-03-14T19:25:59.429+0800: 4156.080: [Full GC (Ergonomics) [PSYoungGen: 6144K->5396K(11264K)] [ParOldGen: 48683K->48683K(49152K)] 54827K->54080K(60416K), [Metaspace: 68348K->68348K(1112064K)], 0.0482588 secs] [Times: user=0.14 sys=0.00, real=0.04 secs] 
2021-03-14T19:26:00.806+0800: 4157.458: [Full GC (Ergonomics) [PSYoungGen: 6144K->5387K(11264K)] [ParOldGen: 48683K->48683K(49152K)] 54827K->54071K(60416K), [Metaspace: 68348K->68348K(1112064K)], 0.0475181 secs] [Times: user=0.14 sys=0.00, real=0.05 secs] 
2021-03-14T19:26:03.049+0800: 4159.700: [Full GC (Ergonomics) [PSYoungGen: 6144K->5388K(11264K)] [ParOldGen: 48683K->48683K(49152K)] 54827K->54071K(60416K), [Metaspace: 68348K->68348K(1112064K)], 0.0475604 secs] [Times: user=0.15 sys=0.00, real=0.04 secs] 
2021-03-14T19:26:05.147+0800: 4161.799: [Full GC (Ergonomics) [PSYoungGen: 6144K->5381K(11264K)] [ParOldGen: 48683K->48683K(49152K)] 54827K->54064K(60416K), [Metaspace: 68348K->68348K(1112064K)], 0.0495695 secs] [Times: user=0.16 sys=0.00, real=0.05 secs] 
2021-03-14T19:26:06.040+0800: 4162.692: [Full GC (Ergonomics) [PSYoungGen: 6144K->5388K(11264K)] [ParOldGen: 48683K->48683K(49152K)] 54827K->54072K(60416K), [Metaspace: 68348K->68348K(1112064K)], 0.0469330 secs] [Times: user=0.15 sys=0.00, real=0.04 secs] 
2021-03-14T19:26:07.095+0800: 4163.747: [Full GC (Ergonomics) [PSYoungGen: 6144K->5388K(11264K)] [ParOldGen: 48683K->48683K(49152K)] 54827K->54072K(60416K), [Metaspace: 68348K->68348K(1112064K)], 0.0468042 secs] [Times: user=0.15 sys=0.00, real=0.05 secs] 
2021-03-14T19:26:08.108+0800: 4164.760: [Full GC (Ergonomics) [PSYoungGen: 6144K->5381K(11264K)] [ParOldGen: 48683K->48683K(49152K)] 54827K->54064K(60416K), [Metaspace: 68348K->68348K(1112064K)], 0.0496176 secs] [Times: user=0.13 sys=0.00, real=0.05 secs] 
2021-03-14T19:26:08.549+0800: 4165.201: [Full GC (Ergonomics) [PSYoungGen: 6144K->5376K(11264K)] [ParOldGen: 48683K->48683K(49152K)] 54827K->54059K(60416K), [Metaspace: 68348K->68348K(1112064K)], 0.0477547 secs] [Times: user=0.16 sys=0.00, real=0.04 secs] 
2021-03-14T19:26:08.699+0800: 4165.351: [Full GC (Ergonomics) [PSYoungGen: 6137K->5397K(11264K)] [ParOldGen: 48683K->48683K(49152K)] 54821K->54081K(60416K), [Metaspace: 68348K->68348K(1112064K)], 0.0486321 secs] [Times: user=0.15 sys=0.00, real=0.04 secs] 
2021-03-14T19:26:08.751+0800: 4165.402: [Full GC (Ergonomics) [PSYoungGen: 6144K->5388K(11264K)] [ParOldGen: 48683K->48683K(49152K)] 54827K->54072K(60416K), [Metaspace: 68348K->68348K(1112064K)], 0.0460632 secs] [Times: user=0.14 sys=0.00, real=0.04 secs] 
2021-03-14T19:26:09.489+0800: 4166.141: [Full GC (Ergonomics) [PSYoungGen: 6144K->5381K(11264K)] [ParOldGen: 48683K->48683K(49152K)] 54827K->54064K(60416K), [Metaspace: 68348K->68348K(1112064K)], 0.0492630 secs] [Times: user=0.16 sys=0.00, real=0.05 secs] 
2021-03-14T19:26:10.743+0800: 4167.395: [Full GC (Ergonomics) [PSYoungGen: 6144K->5387K(11264K)] [ParOldGen: 48683K->48683K(49152K)] 54827K->54070K(60416K), [Metaspace: 68348K->68348K(1112064K)], 0.0480421 secs] [Times: user=0.15 sys=0.00, real=0.05 secs] 
2021-03-14T19:26:11.360+0800: 4168.012: [Full GC (Ergonomics) [PSYoungGen: 6144K->5391K(11264K)] [ParOldGen: 48683K->48683K(49152K)] 54827K->54074K(60416K), [Metaspace: 68348K->68348K(1112064K)], 0.0477383 secs] [Times: user=0.15 sys=0.00, real=0.04 secs] 
2021-03-14T19:26:13.395+0800: 4170.046: [Full GC (Ergonomics) [PSYoungGen: 6144K->5378K(11264K)] [ParOldGen: 48683K->48683K(49152K)] 54827K->54061K(60416K), [Metaspace: 68348K->68348K(1112064K)], 0.0466504 secs] [Times: user=0.14 sys=0.00, real=0.05 secs] 
2021-03-14T19:26:15.529+0800: 4172.180: [Full GC (Ergonomics) [PSYoungGen: 6144K->5387K(11264K)] [ParOldGen: 48683K->48683K(49152K)] 54827K->54070K(60416K), [Metaspace: 68348K->68348K(1112064K)], 0.0493522 secs] [Times: user=0.12 sys=0.00, real=0.04 secs] 
2021-03-14T19:26:16.315+0800: 4172.966: [Full GC (Ergonomics) [PSYoungGen: 6142K->5387K(11264K)] [ParOldGen: 48683K->48683K(49152K)] 54826K->54071K(60416K), [Metaspace: 68348K->68348K(1112064K)], 0.0488406 secs] [Times: user=0.14 sys=0.00, real=0.05 secs] 
2021-03-14T19:26:17.217+0800: 4173.869: [Full GC (Ergonomics) [PSYoungGen: 6144K->5384K(11264K)] [ParOldGen: 48683K->48683K(49152K)] 54827K->54068K(60416K), [Metaspace: 68348K->68348K(1112064K)], 0.0475303 secs] [Times: user=0.14 sys=0.01, real=0.05 secs] 
2021-03-14T19:26:18.358+0800: 4175.010: [Full GC (Ergonomics) [PSYoungGen: 6144K->5377K(11264K)] [ParOldGen: 48683K->48683K(49152K)] 54827K->54060K(60416K), [Metaspace: 68348K->68348K(1112064K)], 0.0479674 secs] [Times: user=0.15 sys=0.00, real=0.05 secs] 
2021-03-14T19:26:18.695+0800: 4175.346: [Full GC (Ergonomics) [PSYoungGen: 6144K->5382K(11264K)] [ParOldGen: 48683K->48683K(49152K)] 54827K->54065K(60416K), [Metaspace: 68348K->68348K(1112064K)], 0.0477454 secs] [Times: user=0.16 sys=0.00, real=0.05 secs] 
2021-03-14T19:26:19.112+0800: 4175.764: [Full GC (Ergonomics) [PSYoungGen: 6144K->5377K(11264K)] [ParOldGen: 48683K->48683K(49152K)] 54827K->54061K(60416K), [Metaspace: 68348K->68348K(1112064K)], 0.0503340 secs] [Times: user=0.12 sys=0.01, real=0.05 secs] 
2021-03-14T19:26:19.545+0800: 4176.197: [Full GC (Ergonomics) [PSYoungGen: 6144K->5389K(11264K)] [ParOldGen: 48683K->48683K(49152K)] 54827K->54073K(60416K), [Metaspace: 68348K->68348K(1112064K)], 0.0485425 secs] [Times: user=0.15 sys=0.00, real=0.05 secs] 
2021-03-14T19:26:20.804+0800: 4177.455: [Full GC (Ergonomics) [PSYoungGen: 6144K->5384K(11264K)] [ParOldGen: 48683K->48683K(49152K)] 54827K->54067K(60416K), [Metaspace: 68348K->68348K(1112064K)], 0.0487744 secs] [Times: user=0.15 sys=0.00, real=0.05 secs] 
2021-03-14T19:26:22.197+0800: 4178.848: [Full GC (Ergonomics) [PSYoungGen: 6138K->5382K(11264K)] [ParOldGen: 48683K->48683K(49152K)] 54822K->54066K(60416K), [Metaspace: 68348K->68348K(1112064K)], 0.0522764 secs] [Times: user=0.11 sys=0.00, real=0.06 secs] 
2021-03-14T19:26:24.189+0800: 4180.841: [Full GC (Ergonomics) [PSYoungGen: 6144K->5374K(11264K)] [ParOldGen: 48683K->48683K(49152K)] 54827K->54057K(60416K), [Metaspace: 68348K->68348K(1112064K)], 0.0487746 secs] [Times: user=0.14 sys=0.00, real=0.04 secs] 
2021-03-14T19:26:25.934+0800: 4182.586: [Full GC (Ergonomics) [PSYoungGen: 6144K->5373K(11264K)] [ParOldGen: 48683K->48683K(49152K)] 54827K->54056K(60416K), [Metaspace: 68348K->68348K(1112064K)], 0.0489684 secs] [Times: user=0.13 sys=0.01, real=0.05 secs] 
2021-03-14T19:26:26.792+0800: 4183.443: [Full GC (Ergonomics) [PSYoungGen: 6144K->5376K(11264K)] [ParOldGen: 48683K->48683K(49152K)] 54827K->54059K(60416K), [Metaspace: 68348K->68348K(1112064K)], 0.0507701 secs] [Times: user=0.13 sys=0.00, real=0.05 secs] 
2021-03-14T19:26:27.467+0800: 4184.119: [Full GC (Ergonomics) [PSYoungGen: 6144K->5371K(11264K)] [ParOldGen: 48683K->48683K(49152K)] 54827K->54054K(60416K), [Metaspace: 68348K->68348K(1112064K)], 0.0497697 secs] [Times: user=0.14 sys=0.00, real=0.05 secs] 
2021-03-14T19:26:28.469+0800: 4185.120: [Full GC (Ergonomics) [PSYoungGen: 6144K->5372K(11264K)] [ParOldGen: 48683K->48683K(49152K)] 54827K->54056K(60416K), [Metaspace: 68348K->68348K(1112064K)], 0.0473409 secs] [Times: user=0.15 sys=0.00, real=0.04 secs] 
2021-03-14T19:26:28.696+0800: 4185.347: [Full GC (Ergonomics) [PSYoungGen: 6144K->5388K(11264K)] [ParOldGen: 48683K->48683K(49152K)] 54827K->54072K(60416K), [Metaspace: 68348K->68348K(1112064K)], 0.0488781 secs] [Times: user=0.15 sys=0.00, real=0.05 secs] 
2021-03-14T19:26:28.747+0800: 4185.398: [Full GC (Ergonomics) [PSYoungGen: 6139K->5402K(11264K)] [ParOldGen: 48683K->48683K(49152K)] 54823K->54086K(60416K), [Metaspace: 68348K->68348K(1112064K)], 0.0457866 secs] [Times: user=0.14 sys=0.00, real=0.05 secs] 
2021-03-14T19:26:29.455+0800: 4186.107: [Full GC (Ergonomics) [PSYoungGen: 6144K->5384K(11264K)] [ParOldGen: 48683K->48683K(49152K)] 54827K->54067K(60416K), [Metaspace: 68348K->68348K(1112064K)], 0.0493202 secs] [Times: user=0.14 sys=0.01, real=0.05 secs] 
2021-03-14T19:26:30.462+0800: 4187.114: [Full GC (Ergonomics) [PSYoungGen: 6144K->5374K(11264K)] [ParOldGen: 48683K->48683K(49152K)] 54827K->54058K(60416K), [Metaspace: 68348K->68348K(1112064K)], 0.0517294 secs] [Times: user=0.14 sys=0.00, real=0.05 secs] 
2021-03-14T19:26:31.386+0800: 4188.038: [Full GC (Ergonomics) [PSYoungGen: 6143K->5394K(11264K)] [ParOldGen: 48683K->48683K(49152K)] 54826K->54077K(60416K), [Metaspace: 68348K->68348K(1112064K)], 0.0516843 secs] [Times: user=0.13 sys=0.00, real=0.05 secs] 
2021-03-14T19:26:33.426+0800: 4190.077: [Full GC (Ergonomics) [PSYoungGen: 6140K->5397K(11264K)] [ParOldGen: 48683K->48683K(49152K)] 54824K->54081K(60416K), [Metaspace: 68348K->68348K(1112064K)], 0.0466669 secs] [Times: user=0.14 sys=0.00, real=0.05 secs] 
2021-03-14T19:26:35.547+0800: 4192.199: [Full GC (Ergonomics) [PSYoungGen: 6144K->5376K(11264K)] [ParOldGen: 48683K->48683K(49152K)] 54827K->54059K(60416K), [Metaspace: 68348K->68348K(1112064K)], 0.0469208 secs] [Times: user=0.14 sys=0.00, real=0.05 secs] 
2021-03-14T19:26:36.454+0800: 4193.106: [Full GC (Ergonomics) [PSYoungGen: 6144K->5381K(11264K)] [ParOldGen: 48683K->48683K(49152K)] 54827K->54065K(60416K), [Metaspace: 68348K->68348K(1112064K)], 0.0472797 secs] [Times: user=0.15 sys=0.00, real=0.05 secs] 
2021-03-14T19:26:37.318+0800: 4193.970: [Full GC (Ergonomics) [PSYoungGen: 6144K->5384K(11264K)] [ParOldGen: 48683K->48683K(49152K)] 54827K->54067K(60416K), [Metaspace: 68348K->68348K(1112064K)], 0.0472498 secs] [Times: user=0.15 sys=0.01, real=0.05 secs] 
2021-03-14T19:26:38.535+0800: 4195.186: [Full GC (Ergonomics) [PSYoungGen: 6144K->5389K(11264K)] [ParOldGen: 48683K->48683K(49152K)] 54827K->54073K(60416K), [Metaspace: 68348K->68348K(1112064K)], 0.0482287 secs] [Times: user=0.14 sys=0.00, real=0.05 secs] 
2021-03-14T19:26:38.696+0800: 4195.348: [Full GC (Ergonomics) [PSYoungGen: 6144K->5392K(11264K)] [ParOldGen: 48683K->48683K(49152K)] 54827K->54075K(60416K), [Metaspace: 68348K->68348K(1112064K)], 0.0470163 secs] [Times: user=0.15 sys=0.00, real=0.05 secs] 
2021-03-14T19:26:39.210+0800: 4195.861: [Full GC (Ergonomics) [PSYoungGen: 6144K->5381K(11264K)] [ParOldGen: 48683K->48683K(49152K)] 54827K->54065K(60416K), [Metaspace: 68348K->68348K(1112064K)], 0.0481015 secs] [Times: user=0.16 sys=0.00, real=0.04 secs] 
2021-03-14T19:26:39.608+0800: 4196.259: [Full GC (Ergonomics) [PSYoungGen: 6144K->5413K(11264K)] [ParOldGen: 48683K->48683K(49152K)] 54827K->54096K(60416K), [Metaspace: 68348K->68348K(1112064K)], 0.0497925 secs] [Times: user=0.17 sys=0.00, real=0.05 secs] 
2021-03-14T19:26:40.796+0800: 4197.448: [Full GC (Ergonomics) [PSYoungGen: 6144K->5389K(11264K)] [ParOldGen: 48683K->48683K(49152K)] 54827K->54073K(60416K), [Metaspace: 68348K->68348K(1112064K)], 0.0483989 secs] [Times: user=0.16 sys=0.00, real=0.05 secs] 
2021-03-14T19:26:42.275+0800: 4198.926: [Full GC (Ergonomics) [PSYoungGen: 6144K->5376K(11264K)] [ParOldGen: 48683K->48683K(49152K)] 54827K->54060K(60416K), [Metaspace: 68348K->68348K(1112064K)], 0.0507638 secs] [Times: user=0.13 sys=0.00, real=0.05 secs] 
2021-03-14T19:26:44.264+0800: 4200.915: [Full GC (Ergonomics) [PSYoungGen: 6144K->5391K(11264K)] [ParOldGen: 48683K->48683K(49152K)] 54827K->54074K(60416K), [Metaspace: 68348K->68348K(1112064K)], 0.0503039 secs] [Times: user=0.15 sys=0.00, real=0.05 secs] 
2021-03-14T19:26:45.874+0800: 4202.526: [Full GC (Ergonomics) [PSYoungGen: 6144K->5379K(11264K)] [ParOldGen: 48683K->48683K(49152K)] 54827K->54063K(60416K), [Metaspace: 68348K->68348K(1112064K)], 0.0498637 secs] [Times: user=0.16 sys=0.00, real=0.05 secs] 
2021-03-14T19:26:46.599+0800: 4203.250: [Full GC (Ergonomics) [PSYoungGen: 6144K->5374K(11264K)] [ParOldGen: 48683K->48683K(49152K)] 54827K->54057K(60416K), [Metaspace: 68348K->68348K(1112064K)], 0.0477185 secs] [Times: user=0.11 sys=0.00, real=0.04 secs] 
2021-03-14T19:26:47.579+0800: 4204.231: [Full GC (Ergonomics) [PSYoungGen: 6144K->5379K(11264K)] [ParOldGen: 48683K->48683K(49152K)] 54827K->54063K(60416K), [Metaspace: 68348K->68348K(1112064K)], 0.0487855 secs] [Times: user=0.13 sys=0.00, real=0.04 secs] 
2021-03-14T19:26:48.551+0800: 4205.203: [Full GC (Ergonomics) [PSYoungGen: 6144K->5426K(11264K)] [ParOldGen: 48683K->48683K(49152K)] 54827K->54110K(60416K), [Metaspace: 68349K->68349K(1112064K)], 0.0497397 secs] [Times: user=0.13 sys=0.00, real=0.05 secs] 
2021-03-14T19:26:48.696+0800: 4205.348: [Full GC (Ergonomics) [PSYoungGen: 6144K->5449K(11264K)] [ParOldGen: 48683K->48683K(49152K)] 54827K->54133K(60416K), [Metaspace: 68349K->68349K(1112064K)], 0.0466140 secs] [Times: user=0.14 sys=0.00, real=0.05 secs] 
2021-03-14T19:26:48.745+0800: 4205.396: [Full GC (Ergonomics) [PSYoungGen: 6144K->5476K(11264K)] [ParOldGen: 48683K->48683K(49152K)] 54827K->54159K(60416K), [Metaspace: 68349K->68349K(1112064K)], 0.0466785 secs] [Times: user=0.14 sys=0.00, real=0.05 secs] 
2021-03-14T19:26:48.794+0800: 4205.445: [Full GC (Ergonomics) [PSYoungGen: 6142K->5446K(11264K)] [ParOldGen: 48683K->48683K(49152K)] 54825K->54130K(60416K), [Metaspace: 68349K->68349K(1112064K)], 0.0477047 secs] [Times: user=0.16 sys=0.00, real=0.05 secs] 
2021-03-14T19:26:49.553+0800: 4206.205: [Full GC (Ergonomics) [PSYoungGen: 6144K->5429K(11264K)] [ParOldGen: 48683K->48683K(49152K)] 54827K->54113K(60416K), [Metaspace: 68349K->68349K(1112064K)], 0.0479312 secs] [Times: user=0.15 sys=0.00, real=0.05 secs] 
2021-03-14T19:26:50.846+0800: 4207.498: [Full GC (Ergonomics) [PSYoungGen: 6144K->5453K(11264K)] [ParOldGen: 48683K->48683K(49152K)] 54827K->54137K(60416K), [Metaspace: 68349K->68349K(1112064K)], 0.0488135 secs] [Times: user=0.16 sys=0.00, real=0.05 secs] 
2021-03-14T19:26:51.556+0800: 4208.207: [Full GC (Ergonomics) [PSYoungGen: 6144K->5428K(11264K)] [ParOldGen: 48683K->48683K(49152K)] 54827K->54111K(60416K), [Metaspace: 68349K->68349K(1112064K)], 0.0487970 secs] [Times: user=0.15 sys=0.00, real=0.05 secs] 
2021-03-14T19:26:53.612+0800: 4210.263: [Full GC (Ergonomics) [PSYoungGen: 6144K->5440K(11264K)] [ParOldGen: 48683K->48683K(49152K)] 54827K->54123K(60416K), [Metaspace: 68349K->68349K(1112064K)], 0.0462702 secs] [Times: user=0.15 sys=0.00, real=0.04 secs] 
2021-03-14T19:26:55.252+0800: 4211.903: [Full GC (Ergonomics) [PSYoungGen: 6144K->5428K(11264K)] [ParOldGen: 48683K->48683K(49152K)] 54827K->54111K(60416K), [Metaspace: 68349K->68349K(1112064K)], 0.0497403 secs] [Times: user=0.16 sys=0.00, real=0.05 secs] 
2021-03-14T19:26:56.124+0800: 4212.776: [Full GC (Ergonomics) [PSYoungGen: 6144K->5438K(11264K)] [ParOldGen: 48683K->48683K(49152K)] 54827K->54122K(60416K), [Metaspace: 68349K->68349K(1112064K)], 0.0487656 secs] [Times: user=0.16 sys=0.00, real=0.05 secs] 
2021-03-14T19:26:56.920+0800: 4213.572: [Full GC (Ergonomics) [PSYoungGen: 6144K->5433K(11264K)] [ParOldGen: 48683K->48683K(49152K)] 54827K->54116K(60416K), [Metaspace: 68349K->68349K(1112064K)], 0.0473935 secs] [Times: user=0.15 sys=0.00, real=0.04 secs] 
2021-03-14T19:26:57.634+0800: 4214.286: [Full GC (Ergonomics) [PSYoungGen: 6144K->5439K(11264K)] [ParOldGen: 48683K->48683K(49152K)] 54827K->54122K(60416K), [Metaspace: 68349K->68349K(1112064K)], 0.0527173 secs] [Times: user=0.13 sys=0.00, real=0.05 secs] 
2021-03-14T19:26:58.617+0800: 4215.269: [Full GC (Ergonomics) [PSYoungGen: 6144K->5443K(11264K)] [ParOldGen: 48683K->48683K(49152K)] 54827K->54127K(60416K), [Metaspace: 68349K->68349K(1112064K)], 0.0471991 secs] [Times: user=0.15 sys=0.00, real=0.05 secs] 
2021-03-14T19:26:58.697+0800: 4215.348: [Full GC (Ergonomics) [PSYoungGen: 6140K->5407K(11264K)] [ParOldGen: 48683K->48683K(49152K)] 54824K->54091K(60416K), [Metaspace: 68349K->68349K(1112064K)], 0.0464939 secs] [Times: user=0.14 sys=0.00, real=0.05 secs] 
2021-03-14T19:26:59.347+0800: 4215.999: [Full GC (Ergonomics) [PSYoungGen: 6144K->5383K(11264K)] [ParOldGen: 48683K->48683K(49152K)] 54827K->54067K(60416K), [Metaspace: 68349K->68349K(1112064K)], 0.0496385 secs] [Times: user=0.14 sys=0.00, real=0.05 secs] 
2021-03-14T19:26:59.700+0800: 4216.351: [Full GC (Ergonomics) [PSYoungGen: 6144K->5389K(11264K)] [ParOldGen: 48683K->48683K(49152K)] 54827K->54072K(60416K), [Metaspace: 68349K->68349K(1112064K)], 0.0472849 secs] [Times: user=0.14 sys=0.01, real=0.04 secs] 
2021-03-14T19:27:01.501+0800: 4218.153: [Full GC (Ergonomics) [PSYoungGen: 6136K->5391K(11264K)] [ParOldGen: 48683K->48683K(49152K)] 54820K->54075K(60416K), [Metaspace: 68349K->68349K(1112064K)], 0.0481513 secs] [Times: user=0.13 sys=0.00, real=0.05 secs] 
2021-03-14T19:27:03.672+0800: 4220.323: [Full GC (Ergonomics) [PSYoungGen: 6140K->5393K(11264K)] [ParOldGen: 48683K->48683K(49152K)] 54823K->54077K(60416K), [Metaspace: 68349K->68349K(1112064K)], 0.0480892 secs] [Times: user=0.15 sys=0.00, real=0.05 secs] 
2021-03-14T19:27:05.311+0800: 4221.963: [Full GC (Ergonomics) [PSYoungGen: 6144K->5395K(11264K)] [ParOldGen: 48683K->48683K(49152K)] 54827K->54079K(60416K), [Metaspace: 68349K->68349K(1112064K)], 0.0487037 secs] [Times: user=0.15 sys=0.01, real=0.05 secs] 
2021-03-14T19:27:06.556+0800: 4223.208: [Full GC (Ergonomics) [PSYoungGen: 6144K->5388K(11264K)] [ParOldGen: 48683K->48683K(49152K)] 54827K->54071K(60416K), [Metaspace: 68349K->68349K(1112064K)], 0.0496758 secs] [Times: user=0.13 sys=0.01, real=0.05 secs] 
2021-03-14T19:27:07.379+0800: 4224.031: [Full GC (Ergonomics) [PSYoungGen: 6144K->5385K(11264K)] [ParOldGen: 48683K->48683K(49152K)] 54827K->54069K(60416K), [Metaspace: 68349K->68349K(1112064K)], 0.0475724 secs] [Times: user=0.15 sys=0.00, real=0.04 secs] 
2021-03-14T19:27:08.483+0800: 4225.135: [Full GC (Ergonomics) [PSYoungGen: 6144K->5395K(11264K)] [ParOldGen: 48683K->48683K(49152K)] 54827K->54079K(60416K), [Metaspace: 68349K->68349K(1112064K)], 0.0514270 secs] [Times: user=0.16 sys=0.00, real=0.05 secs] 
2021-03-14T19:27:08.697+0800: 4225.348: [Full GC (Ergonomics) [PSYoungGen: 6144K->5389K(11264K)] [ParOldGen: 48683K->48683K(49152K)] 54827K->54073K(60416K), [Metaspace: 68349K->68349K(1112064K)], 0.0501775 secs] [Times: user=0.15 sys=0.00, real=0.05 secs] 
2021-03-14T19:27:08.750+0800: 4225.402: [Full GC (Ergonomics) [PSYoungGen: 6144K->5432K(11264K)] [ParOldGen: 48683K->48683K(49152K)] 54827K->54116K(60416K), [Metaspace: 68349K->68349K(1112064K)], 0.0477131 secs] [Times: user=0.14 sys=0.00, real=0.04 secs] 
2021-03-14T19:27:09.211+0800: 4225.862: [Full GC (Ergonomics) [PSYoungGen: 6144K->5384K(11264K)] [ParOldGen: 48683K->48683K(49152K)] 54827K->54067K(60416K), [Metaspace: 68349K->68349K(1112064K)], 0.0480686 secs] [Times: user=0.14 sys=0.00, real=0.05 secs] 
2021-03-14T19:27:09.715+0800: 4226.366: [Full GC (Ergonomics) [PSYoungGen: 6144K->5391K(11264K)] [ParOldGen: 48683K->48683K(49152K)] 54827K->54075K(60416K), [Metaspace: 68349K->68349K(1112064K)], 0.0490777 secs] [Times: user=0.17 sys=0.01, real=0.05 secs] 
2021-03-14T19:27:10.751+0800: 4227.403: [Full GC (Ergonomics) [PSYoungGen: 6144K->5395K(11264K)] [ParOldGen: 48683K->48683K(49152K)] 54827K->54078K(60416K), [Metaspace: 68349K->68349K(1112064K)], 0.0481271 secs] [Times: user=0.16 sys=0.00, real=0.05 secs] 
2021-03-14T19:27:11.622+0800: 4228.274: [Full GC (Ergonomics) [PSYoungGen: 6144K->5381K(11264K)] [ParOldGen: 48683K->48683K(49152K)] 54827K->54065K(60416K), [Metaspace: 68349K->68349K(1112064K)], 0.0494424 secs] [Times: user=0.14 sys=0.00, real=0.05 secs] 
2021-03-14T19:27:13.814+0800: 4230.465: [Full GC (Ergonomics) [PSYoungGen: 6144K->5403K(11264K)] [ParOldGen: 48683K->48683K(49152K)] 54827K->54087K(60416K), [Metaspace: 68349K->68349K(1112064K)], 0.0471271 secs] [Times: user=0.14 sys=0.00, real=0.05 secs] 
2021-03-14T19:27:15.678+0800: 4232.330: [Full GC (Ergonomics) [PSYoungGen: 6144K->5384K(11264K)] [ParOldGen: 48683K->48683K(49152K)] 54827K->54067K(60416K), [Metaspace: 68349K->68349K(1112064K)], 0.0503607 secs] [Times: user=0.12 sys=0.00, real=0.06 secs] 
2021-03-14T19:27:16.618+0800: 4233.270: [Full GC (Ergonomics) [PSYoungGen: 6140K->5387K(11264K)] [ParOldGen: 48683K->48683K(49152K)] 54824K->54070K(60416K), [Metaspace: 68349K->68349K(1112064K)], 0.0481493 secs] [Times: user=0.14 sys=0.00, real=0.05 secs] 
2021-03-14T19:27:17.417+0800: 4234.069: [Full GC (Ergonomics) [PSYoungGen: 6144K->5382K(11264K)] [ParOldGen: 48683K->48683K(49152K)] 54827K->54065K(60416K), [Metaspace: 68349K->68349K(1112064K)], 0.0474440 secs] [Times: user=0.15 sys=0.00, real=0.05 secs] 
2021-03-14T19:27:18.547+0800: 4235.198: [Full GC (Ergonomics) [PSYoungGen: 6144K->5389K(11264K)] [ParOldGen: 48683K->48683K(49152K)] 54827K->54072K(60416K), [Metaspace: 68349K->68349K(1112064K)], 0.0523419 secs] [Times: user=0.14 sys=0.01, real=0.06 secs] 
2021-03-14T19:27:18.700+0800: 4235.351: [Full GC (Ergonomics) [PSYoungGen: 6144K->5408K(11264K)] [ParOldGen: 48683K->48683K(49152K)] 54827K->54091K(60416K), [Metaspace: 68349K->68349K(1112064K)], 0.0463202 secs] [Times: user=0.14 sys=0.00, real=0.04 secs] 
2021-03-14T19:27:18.877+0800: 4235.529: [Full GC (Ergonomics) [PSYoungGen: 6144K->5404K(11264K)] [ParOldGen: 48683K->48683K(49152K)] 54827K->54087K(60416K), [Metaspace: 68349K->68349K(1112064K)], 0.0466499 secs] [Times: user=0.15 sys=0.00, real=0.05 secs] 
2021-03-14T19:27:19.771+0800: 4236.422: [Full GC (Ergonomics) [PSYoungGen: 6143K->5384K(11264K)] [ParOldGen: 48683K->48683K(49152K)] 54827K->54068K(60416K), [Metaspace: 68349K->68349K(1112064K)], 0.0478112 secs] [Times: user=0.13 sys=0.00, real=0.05 secs] 
2021-03-14T19:27:20.803+0800: 4237.454: [Full GC (Ergonomics) [PSYoungGen: 6144K->5396K(11264K)] [ParOldGen: 48683K->48683K(49152K)] 54827K->54079K(60416K), [Metaspace: 68349K->68349K(1112064K)], 0.0485642 secs] [Times: user=0.17 sys=0.00, real=0.05 secs] 
2021-03-14T19:27:21.937+0800: 4238.588: [Full GC (Ergonomics) [PSYoungGen: 6143K->5390K(11264K)] [ParOldGen: 48683K->48683K(49152K)] 54827K->54073K(60416K), [Metaspace: 68349K->68349K(1112064K)], 0.0512428 secs] [Times: user=0.13 sys=0.01, real=0.05 secs] 
2021-03-14T19:27:24.437+0800: 4241.089: [Full GC (Ergonomics) [PSYoungGen: 6144K->5381K(11264K)] [ParOldGen: 48683K->48683K(49152K)] 54827K->54065K(60416K), [Metaspace: 68349K->68349K(1112064K)], 0.0486480 secs] [Times: user=0.13 sys=0.01, real=0.05 secs] 
2021-03-14T19:27:25.742+0800: 4242.394: [Full GC (Ergonomics) [PSYoungGen: 6144K->5388K(11264K)] [ParOldGen: 48683K->48683K(49152K)] 54827K->54072K(60416K), [Metaspace: 68349K->68349K(1112064K)], 0.0509679 secs] [Times: user=0.13 sys=0.00, real=0.05 secs] 
2021-03-14T19:27:26.687+0800: 4243.339: [Full GC (Ergonomics) [PSYoungGen: 6144K->5405K(11264K)] [ParOldGen: 48683K->48683K(49152K)] 54827K->54088K(60416K), [Metaspace: 68349K->68349K(1112064K)], 0.0470767 secs] [Times: user=0.13 sys=0.00, real=0.05 secs] 
2021-03-14T19:27:27.484+0800: 4244.136: [Full GC (Ergonomics) [PSYoungGen: 6144K->5402K(11264K)] [ParOldGen: 48683K->48683K(49152K)] 54827K->54085K(60416K), [Metaspace: 68349K->68349K(1112064K)], 0.0504250 secs] [Times: user=0.13 sys=0.00, real=0.05 secs] 
2021-03-14T19:27:28.685+0800: 4245.337: [Full GC (Ergonomics) [PSYoungGen: 6144K->5383K(11264K)] [ParOldGen: 48683K->48683K(49152K)] 54827K->54067K(60416K), [Metaspace: 68349K->68349K(1112064K)], 0.0523579 secs] [Times: user=0.13 sys=0.00, real=0.05 secs] 
2021-03-14T19:27:28.740+0800: 4245.391: [Full GC (Ergonomics) [PSYoungGen: 6144K->5445K(11264K)] [ParOldGen: 48683K->48683K(49152K)] 54827K->54128K(60416K), [Metaspace: 68349K->68349K(1112064K)], 0.0481614 secs] [Times: user=0.14 sys=0.00, real=0.04 secs] 
2021-03-14T19:27:28.791+0800: 4245.442: [Full GC (Ergonomics) [PSYoungGen: 6142K->5427K(11264K)] [ParOldGen: 48683K->48683K(49152K)] 54826K->54110K(60416K), [Metaspace: 68349K->68349K(1112064K)], 0.0467606 secs] [Times: user=0.14 sys=0.00, real=0.04 secs] 
2021-03-14T19:27:29.276+0800: 4245.928: [Full GC (Ergonomics) [PSYoungGen: 6144K->5390K(11264K)] [ParOldGen: 48683K->48683K(49152K)] 54827K->54074K(60416K), [Metaspace: 68349K->68349K(1112064K)], 0.0489199 secs] [Times: user=0.12 sys=0.01, real=0.05 secs] 
2021-03-14T19:27:29.826+0800: 4246.478: [Full GC (Ergonomics) [PSYoungGen: 6144K->5410K(11264K)] [ParOldGen: 48683K->48683K(49152K)] 54827K->54093K(60416K), [Metaspace: 68349K->68349K(1112064K)], 0.0481983 secs] [Times: user=0.15 sys=0.00, real=0.05 secs] 
2021-03-14T19:27:30.899+0800: 4247.550: [Full GC (Ergonomics) [PSYoungGen: 6144K->5394K(11264K)] [ParOldGen: 48683K->48683K(49152K)] 54827K->54077K(60416K), [Metaspace: 68349K->68349K(1112064K)], 0.0470875 secs] [Times: user=0.15 sys=0.00, real=0.04 secs] 
2021-03-14T19:27:32.541+0800: 4249.193: [Full GC (Ergonomics) [PSYoungGen: 6144K->5397K(11264K)] [ParOldGen: 48683K->48683K(49152K)] 54827K->54080K(60416K), [Metaspace: 68349K->68349K(1112064K)], 0.0471128 secs] [Times: user=0.14 sys=0.00, real=0.04 secs] 
2021-03-14T19:27:34.612+0800: 4251.264: [Full GC (Ergonomics) [PSYoungGen: 6144K->5384K(11264K)] [ParOldGen: 48683K->48683K(49152K)] 54827K->54067K(60416K), [Metaspace: 68349K->68349K(1112064K)], 0.0486647 secs] [Times: user=0.15 sys=0.01, real=0.05 secs] 
2021-03-14T19:27:36.225+0800: 4252.877: [Full GC (Ergonomics) [PSYoungGen: 6144K->5394K(11264K)] [ParOldGen: 48683K->48683K(49152K)] 54827K->54078K(60416K), [Metaspace: 68349K->68349K(1112064K)], 0.0479488 secs] [Times: user=0.16 sys=0.00, real=0.05 secs] 
2021-03-14T19:27:37.247+0800: 4253.899: [Full GC (Ergonomics) [PSYoungGen: 6144K->5382K(11264K)] [ParOldGen: 48683K->48683K(49152K)] 54827K->54066K(60416K), [Metaspace: 68349K->68349K(1112064K)], 0.0518834 secs] [Times: user=0.12 sys=0.00, real=0.06 secs] 
2021-03-14T19:27:37.833+0800: 4254.484: [Full GC (Ergonomics) [PSYoungGen: 6144K->5386K(11264K)] [ParOldGen: 48683K->48683K(49152K)] 54827K->54069K(60416K), [Metaspace: 68349K->68349K(1112064K)], 0.0501069 secs] [Times: user=0.14 sys=0.00, real=0.05 secs] 
2021-03-14T19:27:38.710+0800: 4255.362: [Full GC (Ergonomics) [PSYoungGen: 6137K->5391K(11264K)] [ParOldGen: 48683K->48683K(49152K)] 54820K->54075K(60416K), [Metaspace: 68349K->68349K(1112064K)], 0.0502625 secs] [Times: user=0.15 sys=0.00, real=0.05 secs] 
2021-03-14T19:27:38.808+0800: 4255.460: [Full GC (Ergonomics) [PSYoungGen: 6144K->5397K(11264K)] [ParOldGen: 48683K->48683K(49152K)] 54827K->54081K(60416K), [Metaspace: 68349K->68349K(1112064K)], 0.0469157 secs] [Times: user=0.14 sys=0.01, real=0.05 secs] 
2021-03-14T19:27:39.604+0800: 4256.256: [Full GC (Ergonomics) [PSYoungGen: 6144K->5400K(11264K)] [ParOldGen: 48683K->48683K(49152K)] 54827K->54083K(60416K), [Metaspace: 68349K->68349K(1112064K)], 0.0498250 secs] [Times: user=0.12 sys=0.00, real=0.05 secs] 
2021-03-14T19:27:40.181+0800: 4256.833: [Full GC (Ergonomics) [PSYoungGen: 6144K->5384K(11264K)] [ParOldGen: 48683K->48683K(49152K)] 54827K->54067K(60416K), [Metaspace: 68349K->68349K(1112064K)], 0.0506314 secs] [Times: user=0.15 sys=0.00, real=0.05 secs] 
2021-03-14T19:27:41.786+0800: 4258.437: [Full GC (Ergonomics) [PSYoungGen: 6144K->5384K(11264K)] [ParOldGen: 48683K->48683K(49152K)] 54827K->54067K(60416K), [Metaspace: 68349K->68349K(1112064K)], 0.0516539 secs] [Times: user=0.13 sys=0.00, real=0.05 secs] 
2021-03-14T19:27:43.963+0800: 4260.614: [Full GC (Ergonomics) [PSYoungGen: 6144K->5385K(11264K)] [ParOldGen: 48683K->48683K(49152K)] 54827K->54069K(60416K), [Metaspace: 68349K->68349K(1112064K)], 0.0481579 secs] [Times: user=0.15 sys=0.00, real=0.05 secs] 
2021-03-14T19:27:45.387+0800: 4262.039: [Full GC (Ergonomics) [PSYoungGen: 6144K->5389K(11264K)] [ParOldGen: 48683K->48683K(49152K)] 54827K->54073K(60416K), [Metaspace: 68349K->68349K(1112064K)], 0.0499018 secs] [Times: user=0.16 sys=0.00, real=0.05 secs] 
2021-03-14T19:27:46.289+0800: 4262.941: [Full GC (Ergonomics) [PSYoungGen: 6144K->5398K(11264K)] [ParOldGen: 48683K->48683K(49152K)] 54827K->54081K(60416K), [Metaspace: 68349K->68349K(1112064K)], 0.0481639 secs] [Times: user=0.13 sys=0.01, real=0.04 secs] 
2021-03-14T19:27:47.311+0800: 4263.963: [Full GC (Ergonomics) [PSYoungGen: 6144K->5390K(11264K)] [ParOldGen: 48683K->48683K(49152K)] 54827K->54074K(60416K), [Metaspace: 68349K->68349K(1112064K)], 0.0621811 secs] [Times: user=0.17 sys=0.00, real=0.06 secs] 
2021-03-14T19:27:47.896+0800: 4264.548: [Full GC (Ergonomics) [PSYoungGen: 6144K->5393K(11264K)] [ParOldGen: 48683K->48683K(49152K)] 54827K->54077K(60416K), [Metaspace: 68349K->68349K(1112064K)], 0.0494948 secs] [Times: user=0.15 sys=0.00, real=0.05 secs] 
2021-03-14T19:27:48.697+0800: 4265.348: [Full GC (Ergonomics) [PSYoungGen: 6132K->5397K(11264K)] [ParOldGen: 48683K->48683K(49152K)] 54815K->54081K(60416K), [Metaspace: 68349K->68349K(1112064K)], 0.0472227 secs] [Times: user=0.15 sys=0.00, real=0.05 secs] 
2021-03-14T19:27:48.746+0800: 4265.398: [Full GC (Ergonomics) [PSYoungGen: 6144K->5422K(11264K)] [ParOldGen: 48683K->48683K(49152K)] 54827K->54105K(60416K), [Metaspace: 68349K->68349K(1112064K)], 0.0477604 secs] [Times: user=0.15 sys=0.01, real=0.05 secs] 
2021-03-14T19:27:49.020+0800: 4265.672: [Full GC (Ergonomics) [PSYoungGen: 6144K->5387K(11264K)] [ParOldGen: 48683K->48683K(49152K)] 54827K->54071K(60416K), [Metaspace: 68349K->68349K(1112064K)], 0.0482590 secs] [Times: user=0.16 sys=0.00, real=0.04 secs] 
2021-03-14T19:27:49.668+0800: 4266.319: [Full GC (Ergonomics) [PSYoungGen: 6144K->5406K(11264K)] [ParOldGen: 48683K->48683K(49152K)] 54827K->54090K(60416K), [Metaspace: 68349K->68349K(1112064K)], 0.0526298 secs] [Times: user=0.16 sys=0.00, real=0.06 secs] 
2021-03-14T19:27:50.809+0800: 4267.460: [Full GC (Ergonomics) [PSYoungGen: 6143K->5381K(11264K)] [ParOldGen: 48683K->48683K(49152K)] 54827K->54064K(60416K), [Metaspace: 68349K->68349K(1112064K)], 0.0472892 secs] [Times: user=0.14 sys=0.01, real=0.04 secs] 
2021-03-14T19:27:51.852+0800: 4268.503: [Full GC (Ergonomics) [PSYoungGen: 6143K->5391K(11264K)] [ParOldGen: 48683K->48683K(49152K)] 54826K->54074K(60416K), [Metaspace: 68349K->68349K(1112064K)], 0.0495254 secs] [Times: user=0.14 sys=0.00, real=0.05 secs] 
2021-03-14T19:27:54.074+0800: 4270.726: [Full GC (Ergonomics) [PSYoungGen: 6144K->5382K(11264K)] [ParOldGen: 48683K->48683K(49152K)] 54827K->54066K(60416K), [Metaspace: 68349K->68349K(1112064K)], 0.0486385 secs] [Times: user=0.15 sys=0.00, real=0.05 secs] 
2021-03-14T19:27:55.445+0800: 4272.097: [Full GC (Ergonomics) [PSYoungGen: 6144K->5391K(11264K)] [ParOldGen: 48683K->48683K(49152K)] 54827K->54075K(60416K), [Metaspace: 68349K->68349K(1112064K)], 0.0484999 secs] [Times: user=0.14 sys=0.01, real=0.05 secs] 
2021-03-14T19:27:56.347+0800: 4272.999: [Full GC (Ergonomics) [PSYoungGen: 6144K->5394K(11264K)] [ParOldGen: 48683K->48683K(49152K)] 54827K->54078K(60416K), [Metaspace: 68349K->68349K(1112064K)], 0.0500367 secs] [Times: user=0.16 sys=0.00, real=0.05 secs] 
2021-03-14T19:27:57.398+0800: 4274.049: [Full GC (Ergonomics) [PSYoungGen: 6144K->5378K(11264K)] [ParOldGen: 48683K->48683K(49152K)] 54827K->54062K(60416K), [Metaspace: 68349K->68349K(1112064K)], 0.0484582 secs] [Times: user=0.14 sys=0.01, real=0.05 secs] 
2021-03-14T19:27:58.181+0800: 4274.833: [Full GC (Ergonomics) [PSYoungGen: 6144K->5378K(11264K)] [ParOldGen: 48683K->48683K(49152K)] 54827K->54062K(60416K), [Metaspace: 68349K->68349K(1112064K)], 0.0525914 secs] [Times: user=0.12 sys=0.00, real=0.05 secs] 
2021-03-14T19:27:58.709+0800: 4275.361: [Full GC (Ergonomics) [PSYoungGen: 6144K->5381K(11264K)] [ParOldGen: 48683K->48683K(49152K)] 54827K->54065K(60416K), [Metaspace: 68349K->68349K(1112064K)], 0.0481811 secs] [Times: user=0.14 sys=0.01, real=0.04 secs] 
2021-03-14T19:27:59.139+0800: 4275.791: [Full GC (Ergonomics) [PSYoungGen: 6136K->5389K(11264K)] [ParOldGen: 48683K->48683K(49152K)] 54820K->54072K(60416K), [Metaspace: 68349K->68349K(1112064K)], 0.0495578 secs] [Times: user=0.16 sys=0.00, real=0.05 secs] 
2021-03-14T19:27:59.815+0800: 4276.467: [Full GC (Ergonomics) [PSYoungGen: 6144K->5382K(11264K)] [ParOldGen: 48683K->48683K(49152K)] 54827K->54065K(60416K), [Metaspace: 68349K->68349K(1112064K)], 0.0507410 secs] [Times: user=0.11 sys=0.00, real=0.05 secs] 
2021-03-14T19:28:00.767+0800: 4277.419: [Full GC (Ergonomics) [PSYoungGen: 6139K->5402K(11264K)] [ParOldGen: 48683K->48683K(49152K)] 54823K->54086K(60416K), [Metaspace: 68349K->68349K(1112064K)], 0.0478105 secs] [Times: user=0.14 sys=0.00, real=0.05 secs] 
2021-03-14T19:28:02.639+0800: 4279.291: [Full GC (Ergonomics) [PSYoungGen: 6144K->5393K(11264K)] [ParOldGen: 48683K->48683K(49152K)] 54827K->54077K(60416K), [Metaspace: 68349K->68349K(1112064K)], 0.0491442 secs] [Times: user=0.15 sys=0.00, real=0.05 secs] 
2021-03-14T19:28:04.541+0800: 4281.193: [Full GC (Ergonomics) [PSYoungGen: 6144K->5393K(11264K)] [ParOldGen: 48683K->48683K(49152K)] 54827K->54076K(60416K), [Metaspace: 68349K->68349K(1112064K)], 0.0484778 secs] [Times: user=0.16 sys=0.00, real=0.05 secs] 
2021-03-14T19:28:06.407+0800: 4283.059: [Full GC (Ergonomics) [PSYoungGen: 6144K->5383K(11264K)] [ParOldGen: 48683K->48683K(49152K)] 54827K->54066K(60416K), [Metaspace: 68349K->68349K(1112064K)], 0.0479685 secs] [Times: user=0.11 sys=0.00, real=0.05 secs] 
2021-03-14T19:28:07.395+0800: 4284.047: [Full GC (Ergonomics) [PSYoungGen: 6144K->5394K(11264K)] [ParOldGen: 48683K->48683K(49152K)] 54827K->54077K(60416K), [Metaspace: 68349K->68349K(1112064K)], 0.0531775 secs] [Times: user=0.14 sys=0.00, real=0.05 secs] 
2021-03-14T19:28:07.964+0800: 4284.616: [Full GC (Ergonomics) [PSYoungGen: 6144K->5393K(11264K)] [ParOldGen: 48683K->48683K(49152K)] 54827K->54077K(60416K), [Metaspace: 68349K->68349K(1112064K)], 0.0480426 secs] [Times: user=0.15 sys=0.00, real=0.05 secs] 
2021-03-14T19:28:08.698+0800: 4285.350: [Full GC (Ergonomics) [PSYoungGen: 6141K->5391K(11264K)] [ParOldGen: 48683K->48683K(49152K)] 54824K->54074K(60416K), [Metaspace: 68349K->68349K(1112064K)], 0.0480228 secs] [Times: user=0.15 sys=0.00, real=0.05 secs] 
2021-03-14T19:28:08.748+0800: 4285.400: [Full GC (Ergonomics) [PSYoungGen: 6144K->5423K(11264K)] [ParOldGen: 48683K->48683K(49152K)] 54827K->54106K(60416K), [Metaspace: 68349K->68349K(1112064K)], 0.0478871 secs] [Times: user=0.15 sys=0.00, real=0.05 secs] 
2021-03-14T19:28:09.014+0800: 4285.666: [Full GC (Ergonomics) [PSYoungGen: 6144K->5379K(11264K)] [ParOldGen: 48683K->48683K(49152K)] 54827K->54062K(60416K), [Metaspace: 68349K->68349K(1112064K)], 0.0458400 secs] [Times: user=0.14 sys=0.00, real=0.05 secs] 
2021-03-14T19:28:09.733+0800: 4286.384: [Full GC (Ergonomics) [PSYoungGen: 6144K->5385K(11264K)] [ParOldGen: 48683K->48683K(49152K)] 54827K->54069K(60416K), [Metaspace: 68349K->68349K(1112064K)], 0.0533032 secs] [Times: user=0.13 sys=0.00, real=0.05 secs] 
2021-03-14T19:28:10.672+0800: 4287.324: [Full GC (Ergonomics) [PSYoungGen: 6144K->5390K(11264K)] [ParOldGen: 48683K->48683K(49152K)] 54827K->54073K(60416K), [Metaspace: 68349K->68349K(1112064K)], 0.0485643 secs] [Times: user=0.13 sys=0.00, real=0.05 secs] 
2021-03-14T19:28:11.496+0800: 4288.147: [Full GC (Ergonomics) [PSYoungGen: 6144K->5378K(11264K)] [ParOldGen: 48683K->48683K(49152K)] 54827K->54062K(60416K), [Metaspace: 68349K->68349K(1112064K)], 0.0496055 secs] [Times: user=0.14 sys=0.00, real=0.05 secs] 
2021-03-14T19:28:14.148+0800: 4290.799: [Full GC (Ergonomics) [PSYoungGen: 6141K->5381K(11264K)] [ParOldGen: 48683K->48683K(49152K)] 54824K->54065K(60416K), [Metaspace: 68349K->68349K(1112064K)], 0.0498413 secs] [Times: user=0.12 sys=0.01, real=0.05 secs] 
2021-03-14T19:28:15.510+0800: 4292.162: [Full GC (Ergonomics) [PSYoungGen: 6144K->5384K(11264K)] [ParOldGen: 48683K->48683K(49152K)] 54827K->54068K(60416K), [Metaspace: 68349K->68349K(1112064K)], 0.0525722 secs] [Times: user=0.12 sys=0.00, real=0.05 secs] 
2021-03-14T19:28:16.466+0800: 4293.118: [Full GC (Ergonomics) [PSYoungGen: 6144K->5399K(11264K)] [ParOldGen: 48683K->48683K(49152K)] 54827K->54082K(60416K), [Metaspace: 68349K->68349K(1112064K)], 0.0544123 secs] [Times: user=0.13 sys=0.00, real=0.06 secs] 
2021-03-14T19:28:17.458+0800: 4294.110: [Full GC (Ergonomics) [PSYoungGen: 6144K->5387K(11264K)] [ParOldGen: 48683K->48683K(49152K)] 54827K->54070K(60416K), [Metaspace: 68349K->68349K(1112064K)], 0.0546263 secs] [Times: user=0.14 sys=0.00, real=0.06 secs] 
2021-03-14T19:28:18.019+0800: 4294.670: [Full GC (Ergonomics) [PSYoungGen: 6144K->5390K(11264K)] [ParOldGen: 48683K->48683K(49152K)] 54827K->54073K(60416K), [Metaspace: 68349K->68349K(1112064K)], 0.0496452 secs] [Times: user=0.12 sys=0.00, real=0.05 secs] 
2021-03-14T19:28:18.697+0800: 4295.349: [Full GC (Ergonomics) [PSYoungGen: 6144K->5399K(11264K)] [ParOldGen: 48683K->48683K(49152K)] 54827K->54082K(60416K), [Metaspace: 68349K->68349K(1112064K)], 0.0527097 secs] [Times: user=0.12 sys=0.00, real=0.06 secs] 
2021-03-14T19:28:19.206+0800: 4295.858: [Full GC (Ergonomics) [PSYoungGen: 6136K->5389K(11264K)] [ParOldGen: 48683K->48683K(49152K)] 54819K->54072K(60416K), [Metaspace: 68349K->68349K(1112064K)], 0.0549640 secs] [Times: user=0.16 sys=0.00, real=0.06 secs] 
2021-03-14T19:28:19.792+0800: 4296.443: [Full GC (Ergonomics) [PSYoungGen: 6144K->5386K(11264K)] [ParOldGen: 48683K->48683K(49152K)] 54827K->54070K(60416K), [Metaspace: 68349K->68349K(1112064K)], 0.0468791 secs] [Times: user=0.15 sys=0.00, real=0.05 secs] 
2021-03-14T19:28:20.749+0800: 4297.401: [Full GC (Ergonomics) [PSYoungGen: 6140K->5400K(11264K)] [ParOldGen: 48683K->48683K(49152K)] 54824K->54084K(60416K), [Metaspace: 68349K->68349K(1112064K)], 0.0489627 secs] [Times: user=0.15 sys=0.01, real=0.04 secs] 
2021-03-14T19:28:21.953+0800: 4298.604: [Full GC (Ergonomics) [PSYoungGen: 6144K->5388K(11264K)] [ParOldGen: 48683K->48683K(49152K)] 54827K->54071K(60416K), [Metaspace: 68349K->68349K(1112064K)], 0.0481959 secs] [Times: user=0.15 sys=0.00, real=0.05 secs] 
2021-03-14T19:28:24.273+0800: 4300.925: [Full GC (Ergonomics) [PSYoungGen: 6143K->5377K(11264K)] [ParOldGen: 48683K->48683K(49152K)] 54827K->54060K(60416K), [Metaspace: 68349K->68349K(1112064K)], 0.0468441 secs] [Times: user=0.13 sys=0.00, real=0.05 secs] 
2021-03-14T19:28:25.723+0800: 4302.375: [Full GC (Ergonomics) [PSYoungGen: 6144K->5377K(11264K)] [ParOldGen: 48683K->48683K(49152K)] 54827K->54060K(60416K), [Metaspace: 68349K->68349K(1112064K)], 0.0491351 secs] [Times: user=0.12 sys=0.01, real=0.05 secs] 
2021-03-14T19:28:26.542+0800: 4303.194: [Full GC (Ergonomics) [PSYoungGen: 6144K->5381K(11264K)] [ParOldGen: 48683K->48683K(49152K)] 54827K->54065K(60416K), [Metaspace: 68350K->68350K(1112064K)], 0.0495380 secs] [Times: user=0.14 sys=0.01, real=0.05 secs] 
2021-03-14T19:28:27.624+0800: 4304.276: [Full GC (Ergonomics) [PSYoungGen: 6144K->5380K(11264K)] [ParOldGen: 48683K->48683K(49152K)] 54827K->54064K(60416K), [Metaspace: 68350K->68350K(1112064K)], 0.0470174 secs] [Times: user=0.15 sys=0.00, real=0.05 secs] 
2021-03-14T19:28:28.696+0800: 4305.348: [Full GC (Ergonomics) [PSYoungGen: 6144K->5387K(11264K)] [ParOldGen: 48683K->48683K(49152K)] 54827K->54070K(60416K), [Metaspace: 68350K->68350K(1112064K)], 0.0478093 secs] [Times: user=0.15 sys=0.00, real=0.05 secs] 
2021-03-14T19:28:28.746+0800: 4305.398: [Full GC (Ergonomics) [PSYoungGen: 6144K->5424K(11264K)] [ParOldGen: 48683K->48683K(49152K)] 54827K->54107K(60416K), [Metaspace: 68350K->68350K(1112064K)], 0.0465153 secs] [Times: user=0.14 sys=0.00, real=0.05 secs] 
2021-03-14T19:28:28.795+0800: 4305.446: [Full GC (Ergonomics) [PSYoungGen: 6144K->5402K(11264K)] [ParOldGen: 48683K->48683K(49152K)] 54827K->54086K(60416K), [Metaspace: 68350K->68350K(1112064K)], 0.0459505 secs] [Times: user=0.15 sys=0.00, real=0.05 secs] 
2021-03-14T19:28:29.334+0800: 4305.986: [Full GC (Ergonomics) [PSYoungGen: 6137K->5394K(11264K)] [ParOldGen: 48683K->48683K(49152K)] 54821K->54077K(60416K), [Metaspace: 68350K->68350K(1112064K)], 0.0503777 secs] [Times: user=0.13 sys=0.00, real=0.05 secs] 
2021-03-14T19:28:29.929+0800: 4306.580: [Full GC (Ergonomics) [PSYoungGen: 6144K->5405K(11264K)] [ParOldGen: 48683K->48683K(49152K)] 54827K->54088K(60416K), [Metaspace: 68350K->68350K(1112064K)], 0.0525251 secs] [Times: user=0.14 sys=0.00, real=0.05 secs] 
2021-03-14T19:28:30.843+0800: 4307.494: [Full GC (Ergonomics) [PSYoungGen: 6144K->5407K(11264K)] [ParOldGen: 48683K->48683K(49152K)] 54827K->54090K(60416K), [Metaspace: 68350K->68350K(1112064K)], 0.0473677 secs] [Times: user=0.14 sys=0.00, real=0.05 secs] 
2021-03-14T19:28:32.724+0800: 4309.375: [Full GC (Ergonomics) [PSYoungGen: 6144K->5387K(11264K)] [ParOldGen: 48683K->48683K(49152K)] 54827K->54070K(60416K), [Metaspace: 68350K->68350K(1112064K)], 0.0493474 secs] [Times: user=0.14 sys=0.00, real=0.05 secs] 
2021-03-14T19:28:34.640+0800: 4311.291: [Full GC (Ergonomics) [PSYoungGen: 6144K->5393K(11264K)] [ParOldGen: 48683K->48683K(49152K)] 54827K->54076K(60416K), [Metaspace: 68350K->68350K(1112064K)], 0.0483340 secs] [Times: user=0.15 sys=0.00, real=0.04 secs] 
2021-03-14T19:28:36.197+0800: 4312.849: [Full GC (Ergonomics) [PSYoungGen: 6136K->5393K(11264K)] [ParOldGen: 48683K->48683K(49152K)] 54819K->54077K(60416K), [Metaspace: 68350K->68350K(1112064K)], 0.0503415 secs] [Times: user=0.16 sys=0.00, real=0.05 secs] 
2021-03-14T19:28:37.104+0800: 4313.756: [Full GC (Ergonomics) [PSYoungGen: 6144K->5393K(11264K)] [ParOldGen: 48683K->48683K(49152K)] 54827K->54076K(60416K), [Metaspace: 68350K->68350K(1112064K)], 0.0484721 secs] [Times: user=0.15 sys=0.01, real=0.05 secs] 
2021-03-14T19:28:37.789+0800: 4314.440: [Full GC (Ergonomics) [PSYoungGen: 6144K->5396K(11264K)] [ParOldGen: 48683K->48683K(49152K)] 54827K->54080K(60416K), [Metaspace: 68350K->68350K(1112064K)], 0.0463629 secs] [Times: user=0.15 sys=0.00, real=0.04 secs] 
2021-03-14T19:28:38.699+0800: 4315.351: [Full GC (Ergonomics) [PSYoungGen: 6144K->5409K(11264K)] [ParOldGen: 48683K->48683K(49152K)] 54827K->54092K(60416K), [Metaspace: 68350K->68350K(1112064K)], 0.0469271 secs] [Times: user=0.14 sys=0.00, real=0.04 secs] 
2021-03-14T19:28:38.894+0800: 4315.546: [Full GC (Ergonomics) [PSYoungGen: 6144K->5392K(11264K)] [ParOldGen: 48683K->48683K(49152K)] 54827K->54075K(60416K), [Metaspace: 68350K->68350K(1112064K)], 0.0472484 secs] [Times: user=0.15 sys=0.00, real=0.05 secs] 
2021-03-14T19:28:39.697+0800: 4316.349: [Full GC (Ergonomics) [PSYoungGen: 6144K->5391K(11264K)] [ParOldGen: 48683K->48683K(49152K)] 54827K->54074K(60416K), [Metaspace: 68350K->68350K(1112064K)], 0.0477452 secs] [Times: user=0.15 sys=0.00, real=0.05 secs] 
2021-03-14T19:28:39.993+0800: 4316.645: [Full GC (Ergonomics) [PSYoungGen: 6144K->5470K(11264K)] [ParOldGen: 48683K->48683K(49152K)] 54827K->54153K(60416K), [Metaspace: 68350K->68350K(1112064K)], 0.0478446 secs] [Times: user=0.15 sys=0.00, real=0.05 secs] 
2021-03-14T19:28:40.799+0800: 4317.450: [Full GC (Ergonomics) [PSYoungGen: 6139K->5392K(11264K)] [ParOldGen: 48683K->48683K(49152K)] 54822K->54076K(60416K), [Metaspace: 68350K->68350K(1112064K)], 0.0482045 secs] [Times: user=0.15 sys=0.00, real=0.04 secs] 
2021-03-14T19:28:43.957+0800: 4320.609: [Full GC (Ergonomics) [PSYoungGen: 6144K->5380K(11264K)] [ParOldGen: 48683K->48683K(49152K)] 54827K->54064K(60416K), [Metaspace: 68350K->68350K(1112064K)], 0.0484780 secs] [Times: user=0.13 sys=0.00, real=0.05 secs] 
2021-03-14T19:28:45.129+0800: 4321.780: [Full GC (Ergonomics) [PSYoungGen: 6140K->5391K(11264K)] [ParOldGen: 48683K->48683K(49152K)] 54823K->54075K(60416K), [Metaspace: 68350K->68350K(1112064K)], 0.0500754 secs] [Times: user=0.14 sys=0.00, real=0.05 secs] 
2021-03-14T19:28:46.585+0800: 4323.236: [Full GC (Ergonomics) [PSYoungGen: 6144K->5379K(11264K)] [ParOldGen: 48683K->48683K(49152K)] 54827K->54062K(60416K), [Metaspace: 68350K->68350K(1112064K)], 0.0490882 secs] [Times: user=0.16 sys=0.00, real=0.05 secs] 
2021-03-14T19:28:47.545+0800: 4324.196: [Full GC (Ergonomics) [PSYoungGen: 6144K->5385K(11264K)] [ParOldGen: 48683K->48683K(49152K)] 54827K->54068K(60416K), [Metaspace: 68350K->68350K(1112064K)], 0.0503539 secs] [Times: user=0.14 sys=0.00, real=0.05 secs] 
2021-03-14T19:28:48.087+0800: 4324.738: [Full GC (Ergonomics) [PSYoungGen: 6144K->5388K(11264K)] [ParOldGen: 48683K->48683K(49152K)] 54827K->54072K(60416K), [Metaspace: 68350K->68350K(1112064K)], 0.0476499 secs] [Times: user=0.15 sys=0.00, real=0.05 secs] 
2021-03-14T19:28:48.699+0800: 4325.351: [Full GC (Ergonomics) [PSYoungGen: 6144K->5381K(11264K)] [ParOldGen: 48683K->48683K(49152K)] 54827K->54064K(60416K), [Metaspace: 68350K->68350K(1112064K)], 0.0488434 secs] [Times: user=0.16 sys=0.00, real=0.04 secs] 
2021-03-14T19:28:48.751+0800: 4325.403: [Full GC (Ergonomics) [PSYoungGen: 6144K->5409K(11264K)] [ParOldGen: 48683K->48683K(49152K)] 54827K->54093K(60416K), [Metaspace: 68350K->68350K(1112064K)], 0.0470552 secs] [Times: user=0.14 sys=0.00, real=0.04 secs] 
2021-03-14T19:28:49.296+0800: 4325.948: [Full GC (Ergonomics) [PSYoungGen: 6144K->5388K(11264K)] [ParOldGen: 48683K->48683K(49152K)] 54827K->54072K(60416K), [Metaspace: 68350K->68350K(1112064K)], 0.0524328 secs] [Times: user=0.14 sys=0.00, real=0.06 secs] 
2021-03-14T19:28:49.867+0800: 4326.518: [Full GC (Ergonomics) [PSYoungGen: 6144K->5390K(11264K)] [ParOldGen: 48683K->48683K(49152K)] 54827K->54074K(60416K), [Metaspace: 68350K->68350K(1112064K)], 0.0481994 secs] [Times: user=0.15 sys=0.00, real=0.05 secs] 
2021-03-14T19:28:50.748+0800: 4327.399: [Full GC (Ergonomics) [PSYoungGen: 6144K->5403K(11264K)] [ParOldGen: 48683K->48683K(49152K)] 54827K->54086K(60416K), [Metaspace: 68350K->68350K(1112064K)], 0.0504995 secs] [Times: user=0.15 sys=0.00, real=0.05 secs] 
2021-03-14T19:28:51.996+0800: 4328.648: [Full GC (Ergonomics) [PSYoungGen: 6144K->5391K(11264K)] [ParOldGen: 48683K->48683K(49152K)] 54827K->54074K(60416K), [Metaspace: 68350K->68350K(1112064K)], 0.0460711 secs] [Times: user=0.15 sys=0.00, real=0.05 secs] 
2021-03-14T19:28:54.351+0800: 4331.002: [Full GC (Ergonomics) [PSYoungGen: 6144K->5377K(11264K)] [ParOldGen: 48683K->48683K(49152K)] 54827K->54061K(60416K), [Metaspace: 68350K->68350K(1112064K)], 0.0489306 secs] [Times: user=0.11 sys=0.00, real=0.05 secs] 
2021-03-14T19:28:55.611+0800: 4332.263: [Full GC (Ergonomics) [PSYoungGen: 6144K->5388K(11264K)] [ParOldGen: 48683K->48683K(49152K)] 54827K->54072K(60416K), [Metaspace: 68350K->68350K(1112064K)], 0.0511946 secs] [Times: user=0.14 sys=0.00, real=0.05 secs] 
2021-03-14T19:28:56.656+0800: 4333.308: [Full GC (Ergonomics) [PSYoungGen: 6144K->5397K(11264K)] [ParOldGen: 48683K->48683K(49152K)] 54827K->54080K(60416K), [Metaspace: 68350K->68350K(1112064K)], 0.0498910 secs] [Times: user=0.12 sys=0.00, real=0.05 secs] 
2021-03-14T19:28:57.602+0800: 4334.253: [Full GC (Ergonomics) [PSYoungGen: 6144K->5400K(11264K)] [ParOldGen: 48683K->48683K(49152K)] 54827K->54083K(60416K), [Metaspace: 68350K->68350K(1112064K)], 0.0474253 secs] [Times: user=0.14 sys=0.00, real=0.05 secs] 
2021-03-14T19:28:58.142+0800: 4334.794: [Full GC (Ergonomics) [PSYoungGen: 6144K->5385K(11264K)] [ParOldGen: 48683K->48683K(49152K)] 54827K->54068K(60416K), [Metaspace: 68350K->68350K(1112064K)], 0.0501829 secs] [Times: user=0.14 sys=0.00, real=0.05 secs] 
2021-03-14T19:28:58.705+0800: 4335.356: [Full GC (Ergonomics) [PSYoungGen: 6139K->5389K(11264K)] [ParOldGen: 48683K->48683K(49152K)] 54823K->54073K(60416K), [Metaspace: 68350K->68350K(1112064K)], 0.0489006 secs] [Times: user=0.15 sys=0.00, real=0.05 secs] 
2021-03-14T19:28:59.404+0800: 4336.055: [Full GC (Ergonomics) [PSYoungGen: 6144K->5394K(11264K)] [ParOldGen: 48683K->48683K(49152K)] 54827K->54077K(60416K), [Metaspace: 68350K->68350K(1112064K)], 0.0524786 secs] [Times: user=0.14 sys=0.00, real=0.05 secs] 
2021-03-14T19:28:59.921+0800: 4336.572: [Full GC (Ergonomics) [PSYoungGen: 6144K->5400K(11264K)] [ParOldGen: 48683K->48683K(49152K)] 54827K->54084K(60416K), [Metaspace: 68350K->68350K(1112064K)], 0.0502789 secs] [Times: user=0.13 sys=0.00, real=0.05 secs] 
2021-03-14T19:29:00.771+0800: 4337.423: [Full GC (Ergonomics) [PSYoungGen: 6144K->5392K(11264K)] [ParOldGen: 48683K->48683K(49152K)] 54827K->54075K(60416K), [Metaspace: 68350K->68350K(1112064K)], 0.0480146 secs] [Times: user=0.16 sys=0.00, real=0.05 secs] 
2021-03-14T19:29:02.842+0800: 4339.493: [Full GC (Ergonomics) [PSYoungGen: 6142K->5386K(11264K)] [ParOldGen: 48683K->48683K(49152K)] 54825K->54070K(60416K), [Metaspace: 68350K->68350K(1112064K)], 0.0499022 secs] [Times: user=0.14 sys=0.01, real=0.05 secs] 
2021-03-14T19:29:04.771+0800: 4341.423: [Full GC (Ergonomics) [PSYoungGen: 6144K->5386K(11264K)] [ParOldGen: 48683K->48683K(49152K)] 54827K->54070K(60416K), [Metaspace: 68350K->68350K(1112064K)], 0.0486059 secs] [Times: user=0.14 sys=0.00, real=0.05 secs] 
2021-03-14T19:29:06.295+0800: 4342.947: [Full GC (Ergonomics) [PSYoungGen: 6144K->5397K(11264K)] [ParOldGen: 48683K->48683K(49152K)] 54827K->54081K(60416K), [Metaspace: 68350K->68350K(1112064K)], 0.0557561 secs] [Times: user=0.16 sys=0.00, real=0.06 secs] 
2021-03-14T19:29:07.184+0800: 4343.836: [Full GC (Ergonomics) [PSYoungGen: 6142K->5403K(11264K)] [ParOldGen: 48683K->48683K(49152K)] 54825K->54086K(60416K), [Metaspace: 68350K->68350K(1112064K)], 0.0481911 secs] [Times: user=0.15 sys=0.00, real=0.05 secs] 
2021-03-14T19:29:07.904+0800: 4344.556: [Full GC (Ergonomics) [PSYoungGen: 6144K->5388K(11264K)] [ParOldGen: 48683K->48683K(49152K)] 54827K->54072K(60416K), [Metaspace: 68350K->68350K(1112064K)], 0.0478216 secs] [Times: user=0.16 sys=0.01, real=0.05 secs] 
2021-03-14T19:29:08.699+0800: 4345.351: [Full GC (Ergonomics) [PSYoungGen: 6144K->5418K(11264K)] [ParOldGen: 48683K->48683K(49152K)] 54827K->54102K(60416K), [Metaspace: 68350K->68350K(1112064K)], 0.0505457 secs] [Times: user=0.15 sys=0.00, real=0.05 secs] 
2021-03-14T19:29:08.752+0800: 4345.403: [Full GC (Ergonomics) [PSYoungGen: 6142K->5410K(11264K)] [ParOldGen: 48683K->48683K(49152K)] 54826K->54094K(60416K), [Metaspace: 68350K->68350K(1112064K)], 0.0468080 secs] [Times: user=0.14 sys=0.00, real=0.05 secs] 
2021-03-14T19:29:09.041+0800: 4345.693: [Full GC (Ergonomics) [PSYoungGen: 6144K->5383K(11264K)] [ParOldGen: 48683K->48683K(49152K)] 54827K->54067K(60416K), [Metaspace: 68350K->68350K(1112064K)], 0.0479947 secs] [Times: user=0.15 sys=0.01, real=0.05 secs] 
2021-03-14T19:29:09.769+0800: 4346.421: [Full GC (Ergonomics) [PSYoungGen: 6144K->5393K(11264K)] [ParOldGen: 48683K->48683K(49152K)] 54827K->54077K(60416K), [Metaspace: 68350K->68350K(1112064K)], 0.0482350 secs] [Times: user=0.12 sys=0.00, real=0.04 secs] 
2021-03-14T19:29:10.079+0800: 4346.731: [Full GC (Ergonomics) [PSYoungGen: 6144K->5418K(11264K)] [ParOldGen: 48683K->48683K(49152K)] 54827K->54102K(60416K), [Metaspace: 68350K->68350K(1112064K)], 0.0472911 secs] [Times: user=0.15 sys=0.01, real=0.04 secs] 
2021-03-14T19:29:10.851+0800: 4347.503: [Full GC (Ergonomics) [PSYoungGen: 6144K->5403K(11264K)] [ParOldGen: 48683K->48683K(49152K)] 54827K->54086K(60416K), [Metaspace: 68350K->68350K(1112064K)], 0.0473100 secs] [Times: user=0.15 sys=0.00, real=0.04 secs] 
2021-03-14T19:29:13.456+0800: 4350.108: [Full GC (Ergonomics) [PSYoungGen: 6144K->5375K(11264K)] [ParOldGen: 48683K->48683K(49152K)] 54827K->54059K(60416K), [Metaspace: 68350K->68350K(1112064K)], 0.0473267 secs] [Times: user=0.15 sys=0.00, real=0.05 secs] 
2021-03-14T19:29:15.230+0800: 4351.882: [Full GC (Ergonomics) [PSYoungGen: 6144K->5390K(11264K)] [ParOldGen: 48683K->48683K(49152K)] 54827K->54073K(60416K), [Metaspace: 68350K->68350K(1112064K)], 0.0500825 secs] [Times: user=0.12 sys=0.00, real=0.05 secs] 
2021-03-14T19:29:16.358+0800: 4353.009: [Full GC (Ergonomics) [PSYoungGen: 6144K->5388K(11264K)] [ParOldGen: 48683K->48683K(49152K)] 54827K->54071K(60416K), [Metaspace: 68350K->68350K(1112064K)], 0.0519795 secs] [Times: user=0.14 sys=0.00, real=0.06 secs] 
2021-03-14T19:29:17.244+0800: 4353.895: [Full GC (Ergonomics) [PSYoungGen: 6144K->5393K(11264K)] [ParOldGen: 48683K->48683K(49152K)] 54827K->54076K(60416K), [Metaspace: 68350K->68350K(1112064K)], 0.0527146 secs] [Times: user=0.13 sys=0.00, real=0.05 secs] 
2021-03-14T19:29:17.966+0800: 4354.617: [Full GC (Ergonomics) [PSYoungGen: 6144K->5393K(11264K)] [ParOldGen: 48683K->48683K(49152K)] 54827K->54077K(60416K), [Metaspace: 68350K->68350K(1112064K)], 0.0505005 secs] [Times: user=0.13 sys=0.00, real=0.05 secs] 
2021-03-14T19:29:18.698+0800: 4355.350: [Full GC (Ergonomics) [PSYoungGen: 6144K->5408K(11264K)] [ParOldGen: 48683K->48683K(49152K)] 54827K->54092K(60416K), [Metaspace: 68350K->68350K(1112064K)], 0.0491321 secs] [Times: user=0.15 sys=0.00, real=0.05 secs] 
2021-03-14T19:29:19.106+0800: 4355.758: [Full GC (Ergonomics) [PSYoungGen: 6144K->5384K(11264K)] [ParOldGen: 48683K->48683K(49152K)] 54827K->54067K(60416K), [Metaspace: 68350K->68350K(1112064K)], 0.0489732 secs] [Times: user=0.15 sys=0.01, real=0.05 secs] 
2021-03-14T19:29:19.838+0800: 4356.489: [Full GC (Ergonomics) [PSYoungGen: 6138K->5383K(11264K)] [ParOldGen: 48683K->48683K(49152K)] 54822K->54066K(60416K), [Metaspace: 68350K->68350K(1112064K)], 0.0467843 secs] [Times: user=0.15 sys=0.00, real=0.05 secs] 
2021-03-14T19:29:20.495+0800: 4357.147: [Full GC (Ergonomics) [PSYoungGen: 6144K->5380K(11264K)] [ParOldGen: 48683K->48683K(49152K)] 54827K->54064K(60416K), [Metaspace: 68350K->68350K(1112064K)], 0.0477781 secs] [Times: user=0.16 sys=0.00, real=0.05 secs] 
2021-03-14T19:29:22.089+0800: 4358.740: [Full GC (Ergonomics) [PSYoungGen: 6144K->5391K(11264K)] [ParOldGen: 48683K->48683K(49152K)] 54827K->54075K(60416K), [Metaspace: 68350K->68350K(1112064K)], 0.0498414 secs] [Times: user=0.14 sys=0.00, real=0.05 secs] 
2021-03-14T19:29:24.405+0800: 4361.056: [Full GC (Ergonomics) [PSYoungGen: 6144K->5378K(11264K)] [ParOldGen: 48683K->48683K(49152K)] 54827K->54061K(60416K), [Metaspace: 68350K->68350K(1112064K)], 0.0531731 secs] [Times: user=0.12 sys=0.00, real=0.05 secs] 
2021-03-14T19:29:25.686+0800: 4362.337: [Full GC (Ergonomics) [PSYoungGen: 6144K->5388K(11264K)] [ParOldGen: 48683K->48683K(49152K)] 54827K->54072K(60416K), [Metaspace: 68350K->68350K(1112064K)], 0.0502958 secs] [Times: user=0.11 sys=0.00, real=0.05 secs] 
2021-03-14T19:29:26.745+0800: 4363.397: [Full GC (Ergonomics) [PSYoungGen: 6144K->5397K(11264K)] [ParOldGen: 48683K->48683K(49152K)] 54827K->54081K(60416K), [Metaspace: 68350K->68350K(1112064K)], 0.0516996 secs] [Times: user=0.11 sys=0.00, real=0.05 secs] 
2021-03-14T19:29:27.676+0800: 4364.327: [Full GC (Ergonomics) [PSYoungGen: 6144K->5385K(11264K)] [ParOldGen: 48683K->48683K(49152K)] 54827K->54068K(60416K), [Metaspace: 68350K->68350K(1112064K)], 0.0556742 secs] [Times: user=0.14 sys=0.01, real=0.06 secs] 
2021-03-14T19:29:28.315+0800: 4364.967: [Full GC (Ergonomics) [PSYoungGen: 6144K->5380K(11264K)] [ParOldGen: 48683K->48683K(49152K)] 54827K->54063K(60416K), [Metaspace: 68350K->68350K(1112064K)], 0.0505834 secs] [Times: user=0.16 sys=0.00, real=0.05 secs] 
2021-03-14T19:29:28.702+0800: 4365.354: [Full GC (Ergonomics) [PSYoungGen: 6137K->5393K(11264K)] [ParOldGen: 48683K->48683K(49152K)] 54821K->54076K(60416K), [Metaspace: 68350K->68350K(1112064K)], 0.0466691 secs] [Times: user=0.14 sys=0.00, real=0.05 secs] 
2021-03-14T19:29:28.752+0800: 4365.403: [Full GC (Ergonomics) [PSYoungGen: 6133K->5399K(11264K)] [ParOldGen: 48683K->48683K(49152K)] 54817K->54083K(60416K), [Metaspace: 68350K->68350K(1112064K)], 0.0493792 secs] [Times: user=0.14 sys=0.01, real=0.05 secs] 
2021-03-14T19:29:29.477+0800: 4366.129: [Full GC (Ergonomics) [PSYoungGen: 6141K->5396K(11264K)] [ParOldGen: 48683K->48683K(49152K)] 54825K->54080K(60416K), [Metaspace: 68350K->68350K(1112064K)], 0.0491871 secs] [Times: user=0.13 sys=0.00, real=0.05 secs] 
2021-03-14T19:29:30.040+0800: 4366.691: [Full GC (Ergonomics) [PSYoungGen: 6144K->5382K(11264K)] [ParOldGen: 48683K->48683K(49152K)] 54827K->54066K(60416K), [Metaspace: 68350K->68350K(1112064K)], 0.0512384 secs] [Times: user=0.15 sys=0.01, real=0.05 secs] 
2021-03-14T19:29:30.754+0800: 4367.406: [Full GC (Ergonomics) [PSYoungGen: 6144K->5413K(11264K)] [ParOldGen: 48683K->48683K(49152K)] 54827K->54097K(60416K), [Metaspace: 68350K->68350K(1112064K)], 0.0492360 secs] [Times: user=0.15 sys=0.00, real=0.05 secs] 
2021-03-14T19:29:32.333+0800: 4368.984: [Full GC (Ergonomics) [PSYoungGen: 6144K->5397K(11264K)] [ParOldGen: 48683K->48683K(49152K)] 54827K->54081K(60416K), [Metaspace: 68350K->68350K(1112064K)], 0.0474519 secs] [Times: user=0.15 sys=0.00, real=0.05 secs] 
2021-03-14T19:29:34.567+0800: 4371.219: [Full GC (Ergonomics) [PSYoungGen: 6144K->5397K(11264K)] [ParOldGen: 48683K->48683K(49152K)] 54827K->54080K(60416K), [Metaspace: 68350K->68350K(1112064K)], 0.0493611 secs] [Times: user=0.16 sys=0.01, real=0.05 secs] 
2021-03-14T19:29:36.448+0800: 4373.099: [Full GC (Ergonomics) [PSYoungGen: 6144K->5384K(11264K)] [ParOldGen: 48683K->48683K(49152K)] 54827K->54067K(60416K), [Metaspace: 68350K->68350K(1112064K)], 0.0490453 secs] [Times: user=0.12 sys=0.01, real=0.05 secs] 
2021-03-14T19:29:37.165+0800: 4373.817: [Full GC (Ergonomics) [PSYoungGen: 6140K->5393K(11264K)] [ParOldGen: 48683K->48683K(49152K)] 54824K->54076K(60416K), [Metaspace: 68350K->68350K(1112064K)], 0.0467455 secs] [Times: user=0.15 sys=0.00, real=0.05 secs] 
2021-03-14T19:29:37.879+0800: 4374.530: [Full GC (Ergonomics) [PSYoungGen: 6137K->5396K(11264K)] [ParOldGen: 48683K->48683K(49152K)] 54820K->54080K(60416K), [Metaspace: 68350K->68350K(1112064K)], 0.0479681 secs] [Times: user=0.14 sys=0.00, real=0.04 secs] 
2021-03-14T19:29:38.700+0800: 4375.352: [Full GC (Ergonomics) [PSYoungGen: 6137K->5398K(11264K)] [ParOldGen: 48683K->48683K(49152K)] 54820K->54082K(60416K), [Metaspace: 68350K->68350K(1112064K)], 0.0506518 secs] [Times: user=0.14 sys=0.00, real=0.05 secs] 
2021-03-14T19:29:38.940+0800: 4375.592: [Full GC (Ergonomics) [PSYoungGen: 6144K->5403K(11264K)] [ParOldGen: 48683K->48683K(49152K)] 54827K->54087K(60416K), [Metaspace: 68350K->68350K(1112064K)], 0.0520285 secs] [Times: user=0.15 sys=0.00, real=0.05 secs] 
2021-03-14T19:29:39.629+0800: 4376.280: [Full GC (Ergonomics) [PSYoungGen: 6144K->5394K(11264K)] [ParOldGen: 48683K->48683K(49152K)] 54827K->54078K(60416K), [Metaspace: 68350K->68350K(1112064K)], 0.0505090 secs] [Times: user=0.14 sys=0.00, real=0.05 secs] 
2021-03-14T19:29:40.186+0800: 4376.837: [Full GC (Ergonomics) [PSYoungGen: 6144K->5415K(11264K)] [ParOldGen: 48683K->48683K(49152K)] 54827K->54098K(60416K), [Metaspace: 68350K->68350K(1112064K)], 0.0530694 secs] [Times: user=0.15 sys=0.01, real=0.06 secs] 
2021-03-14T19:29:40.835+0800: 4377.486: [Full GC (Ergonomics) [PSYoungGen: 6144K->5389K(11264K)] [ParOldGen: 48683K->48683K(49152K)] 54827K->54072K(60416K), [Metaspace: 68350K->68350K(1112064K)], 0.0473621 secs] [Times: user=0.16 sys=0.00, real=0.05 secs] 
2021-03-14T19:29:43.069+0800: 4379.721: [Full GC (Ergonomics) [PSYoungGen: 6138K->5389K(11264K)] [ParOldGen: 48683K->48683K(49152K)] 54821K->54073K(60416K), [Metaspace: 68350K->68350K(1112064K)], 0.0479326 secs] [Times: user=0.14 sys=0.01, real=0.04 secs] 
2021-03-14T19:29:45.044+0800: 4381.695: [Full GC (Ergonomics) [PSYoungGen: 6144K->5380K(11264K)] [ParOldGen: 48683K->48683K(49152K)] 54827K->54063K(60416K), [Metaspace: 68350K->68350K(1112064K)], 0.0462021 secs] [Times: user=0.15 sys=0.00, real=0.05 secs] 
2021-03-14T19:29:46.506+0800: 4383.157: [Full GC (Ergonomics) [PSYoungGen: 6144K->5389K(11264K)] [ParOldGen: 48683K->48683K(49152K)] 54827K->54072K(60416K), [Metaspace: 68350K->68350K(1112064K)], 0.0475665 secs] [Times: user=0.14 sys=0.00, real=0.05 secs] 
2021-03-14T19:29:47.402+0800: 4384.053: [Full GC (Ergonomics) [PSYoungGen: 6144K->5393K(11264K)] [ParOldGen: 48683K->48683K(49152K)] 54827K->54076K(60416K), [Metaspace: 68350K->68350K(1112064K)], 0.0482383 secs] [Times: user=0.15 sys=0.00, real=0.05 secs] 
2021-03-14T19:29:48.123+0800: 4384.775: [Full GC (Ergonomics) [PSYoungGen: 6144K->5393K(11264K)] [ParOldGen: 48683K->48683K(49152K)] 54827K->54077K(60416K), [Metaspace: 68350K->68350K(1112064K)], 0.0518501 secs] [Times: user=0.12 sys=0.00, real=0.05 secs] 
2021-03-14T19:29:48.699+0800: 4385.350: [Full GC (Ergonomics) [PSYoungGen: 6133K->5398K(11264K)] [ParOldGen: 48683K->48683K(49152K)] 54817K->54082K(60416K), [Metaspace: 68350K->68350K(1112064K)], 0.0481016 secs] [Times: user=0.14 sys=0.00, real=0.05 secs] 
2021-03-14T19:29:48.749+0800: 4385.400: [Full GC (Ergonomics) [PSYoungGen: 6144K->5411K(11264K)] [ParOldGen: 48683K->48683K(49152K)] 54827K->54095K(60416K), [Metaspace: 68350K->68350K(1112064K)], 0.0488142 secs] [Times: user=0.14 sys=0.00, real=0.04 secs] 
2021-03-14T19:29:49.230+0800: 4385.882: [Full GC (Ergonomics) [PSYoungGen: 6144K->5394K(11264K)] [ParOldGen: 48683K->48683K(49152K)] 54827K->54078K(60416K), [Metaspace: 68350K->68350K(1112064K)], 0.0503345 secs] [Times: user=0.15 sys=0.00, real=0.05 secs] 
2021-03-14T19:29:49.949+0800: 4386.601: [Full GC (Ergonomics) [PSYoungGen: 6144K->5391K(11264K)] [ParOldGen: 48683K->48683K(49152K)] 54827K->54074K(60416K), [Metaspace: 68350K->68350K(1112064K)], 0.0517097 secs] [Times: user=0.12 sys=0.00, real=0.05 secs] 
2021-03-14T19:29:50.747+0800: 4387.399: [Full GC (Ergonomics) [PSYoungGen: 6144K->5392K(11264K)] [ParOldGen: 48683K->48683K(49152K)] 54827K->54075K(60416K), [Metaspace: 68350K->68350K(1112064K)], 0.0528427 secs] [Times: user=0.12 sys=0.00, real=0.06 secs] 
2021-03-14T19:29:51.731+0800: 4388.383: [Full GC (Ergonomics) [PSYoungGen: 6142K->5392K(11264K)] [ParOldGen: 48683K->48683K(49152K)] 54825K->54076K(60416K), [Metaspace: 68350K->68350K(1112064K)], 0.0505509 secs] [Times: user=0.14 sys=0.00, real=0.05 secs] 
2021-03-14T19:29:54.018+0800: 4390.670: [Full GC (Ergonomics) [PSYoungGen: 6144K->5374K(11264K)] [ParOldGen: 48683K->48683K(49152K)] 54827K->54057K(60416K), [Metaspace: 68350K->68350K(1112064K)], 0.0465532 secs] [Times: user=0.14 sys=0.00, real=0.05 secs] 
2021-03-14T19:29:55.333+0800: 4391.984: [Full GC (Ergonomics) [PSYoungGen: 6144K->5389K(11264K)] [ParOldGen: 48683K->48683K(49152K)] 54827K->54072K(60416K), [Metaspace: 68350K->68350K(1112064K)], 0.0466630 secs] [Times: user=0.14 sys=0.00, real=0.05 secs] 
2021-03-14T19:29:56.429+0800: 4393.081: [Full GC (Ergonomics) [PSYoungGen: 6144K->5381K(11264K)] [ParOldGen: 48683K->48683K(49152K)] 54827K->54064K(60416K), [Metaspace: 68350K->68350K(1112064K)], 0.0481949 secs] [Times: user=0.15 sys=0.01, real=0.04 secs] 
2021-03-14T19:29:57.264+0800: 4393.915: [Full GC (Ergonomics) [PSYoungGen: 6144K->5383K(11264K)] [ParOldGen: 48683K->48683K(49152K)] 54827K->54066K(60416K), [Metaspace: 68350K->68350K(1112064K)], 0.0496400 secs] [Times: user=0.15 sys=0.00, real=0.05 secs] 
2021-03-14T19:29:57.942+0800: 4394.593: [Full GC (Ergonomics) [PSYoungGen: 6144K->5394K(11264K)] [ParOldGen: 48683K->48683K(49152K)] 54827K->54078K(60416K), [Metaspace: 68350K->68350K(1112064K)], 0.0502592 secs] [Times: user=0.16 sys=0.00, real=0.05 secs] 
2021-03-14T19:29:58.697+0800: 4395.349: [Full GC (Ergonomics) [PSYoungGen: 6144K->5394K(11264K)] [ParOldGen: 48683K->48683K(49152K)] 54827K->54078K(60416K), [Metaspace: 68350K->68350K(1112064K)], 0.0487999 secs] [Times: user=0.13 sys=0.00, real=0.05 secs] 
2021-03-14T19:29:59.025+0800: 4395.677: [Full GC (Ergonomics) [PSYoungGen: 6144K->5405K(11264K)] [ParOldGen: 48683K->48683K(49152K)] 54827K->54089K(60416K), [Metaspace: 68350K->68350K(1112064K)], 0.0468603 secs] [Times: user=0.14 sys=0.00, real=0.05 secs] 
2021-03-14T19:29:59.730+0800: 4396.381: [Full GC (Ergonomics) [PSYoungGen: 6144K->5396K(11264K)] [ParOldGen: 48683K->48683K(49152K)] 54827K->54080K(60416K), [Metaspace: 68350K->68350K(1112064K)], 0.0508068 secs] [Times: user=0.13 sys=0.00, real=0.05 secs] 
2021-03-14T19:30:00.270+0800: 4396.921: [Full GC (Ergonomics) [PSYoungGen: 6144K->5418K(11264K)] [ParOldGen: 48683K->48683K(49152K)] 54827K->54101K(60416K), [Metaspace: 68350K->68350K(1112064K)], 0.0498995 secs] [Times: user=0.15 sys=0.00, real=0.05 secs] 
2021-03-14T19:30:01.229+0800: 4397.881: [Full GC (Ergonomics) [PSYoungGen: 6144K->5385K(11264K)] [ParOldGen: 48683K->48683K(49152K)] 54827K->54068K(60416K), [Metaspace: 68350K->68350K(1112064K)], 0.0489264 secs] [Times: user=0.13 sys=0.00, real=0.04 secs] 
2021-03-14T19:30:04.298+0800: 4400.950: [Full GC (Ergonomics) [PSYoungGen: 6144K->5385K(11264K)] [ParOldGen: 48683K->48683K(49152K)] 54827K->54069K(60416K), [Metaspace: 68350K->68350K(1112064K)], 0.0475464 secs] [Times: user=0.13 sys=0.01, real=0.05 secs] 
2021-03-14T19:30:05.389+0800: 4402.041: [Full GC (Ergonomics) [PSYoungGen: 6144K->5401K(11264K)] [ParOldGen: 48683K->48683K(49152K)] 54827K->54084K(60416K), [Metaspace: 68350K->68350K(1112064K)], 0.0473236 secs] [Times: user=0.14 sys=0.00, real=0.04 secs] 
2021-03-14T19:30:06.575+0800: 4403.227: [Full GC (Ergonomics) [PSYoungGen: 6137K->5403K(11264K)] [ParOldGen: 48683K->48683K(49152K)] 54820K->54086K(60416K), [Metaspace: 68350K->68350K(1112064K)], 0.0462780 secs] [Times: user=0.14 sys=0.00, real=0.05 secs] 
2021-03-14T19:30:07.498+0800: 4404.149: [Full GC (Ergonomics) [PSYoungGen: 6144K->5382K(11264K)] [ParOldGen: 48683K->48683K(49152K)] 54827K->54066K(60416K), [Metaspace: 68350K->68350K(1112064K)], 0.0477766 secs] [Times: user=0.15 sys=0.00, real=0.05 secs] 
2021-03-14T19:30:08.203+0800: 4404.854: [Full GC (Ergonomics) [PSYoungGen: 6144K->5390K(11264K)] [ParOldGen: 48683K->48683K(49152K)] 54827K->54074K(60416K), [Metaspace: 68350K->68350K(1112064K)], 0.0497562 secs] [Times: user=0.15 sys=0.00, real=0.05 secs] 
2021-03-14T19:30:08.699+0800: 4405.351: [Full GC (Ergonomics) [PSYoungGen: 6144K->5401K(11264K)] [ParOldGen: 48683K->48683K(49152K)] 54827K->54084K(60416K), [Metaspace: 68350K->68350K(1112064K)], 0.0522882 secs] [Times: user=0.15 sys=0.00, real=0.05 secs] 
2021-03-14T19:30:08.755+0800: 4405.406: [Full GC (Ergonomics) [PSYoungGen: 6144K->5408K(11264K)] [ParOldGen: 48683K->48683K(49152K)] 54827K->54091K(60416K), [Metaspace: 68350K->68350K(1112064K)], 0.0475743 secs] [Times: user=0.14 sys=0.00, real=0.05 secs] 
2021-03-14T19:30:09.352+0800: 4406.004: [Full GC (Ergonomics) [PSYoungGen: 6138K->5401K(11264K)] [ParOldGen: 48683K->48683K(49152K)] 54822K->54084K(60416K), [Metaspace: 68350K->68350K(1112064K)], 0.0499647 secs] [Times: user=0.16 sys=0.00, real=0.05 secs] 
2021-03-14T19:30:10.042+0800: 4406.694: [Full GC (Ergonomics) [PSYoungGen: 6144K->5392K(11264K)] [ParOldGen: 48683K->48683K(49152K)] 54827K->54076K(60416K), [Metaspace: 68350K->68350K(1112064K)], 0.0489591 secs] [Times: user=0.15 sys=0.00, real=0.05 secs] 
2021-03-14T19:30:10.793+0800: 4407.445: [Full GC (Ergonomics) [PSYoungGen: 6144K->5381K(11264K)] [ParOldGen: 48683K->48683K(49152K)] 54827K->54064K(60416K), [Metaspace: 68350K->68350K(1112064K)], 0.0478134 secs] [Times: user=0.13 sys=0.00, real=0.05 secs] 
2021-03-14T19:30:11.495+0800: 4408.147: [Full GC (Ergonomics) [PSYoungGen: 6144K->5380K(11264K)] [ParOldGen: 48683K->48683K(49152K)] 54827K->54064K(60416K), [Metaspace: 68350K->68350K(1112064K)], 0.0487133 secs] [Times: user=0.16 sys=0.00, real=0.05 secs] 
2021-03-14T19:30:14.411+0800: 4411.062: [Full GC (Ergonomics) [PSYoungGen: 6144K->5391K(11264K)] [ParOldGen: 48683K->48683K(49152K)] 54827K->54075K(60416K), [Metaspace: 68350K->68350K(1112064K)], 0.0497516 secs] [Times: user=0.16 sys=0.00, real=0.05 secs] 
2021-03-14T19:30:15.446+0800: 4412.098: [Full GC (Ergonomics) [PSYoungGen: 6144K->5393K(11264K)] [ParOldGen: 48683K->48683K(49152K)] 54827K->54076K(60416K), [Metaspace: 68350K->68350K(1112064K)], 0.0485189 secs] [Times: user=0.15 sys=0.00, real=0.05 secs] 
2021-03-14T19:30:16.632+0800: 4413.283: [Full GC (Ergonomics) [PSYoungGen: 6144K->5393K(11264K)] [ParOldGen: 48683K->48683K(49152K)] 54827K->54076K(60416K), [Metaspace: 68350K->68350K(1112064K)], 0.0506710 secs] [Times: user=0.12 sys=0.00, real=0.05 secs] 
2021-03-14T19:30:17.493+0800: 4414.145: [Full GC (Ergonomics) [PSYoungGen: 6144K->5393K(11264K)] [ParOldGen: 48683K->48683K(49152K)] 54827K->54077K(60416K), [Metaspace: 68350K->68350K(1112064K)], 0.0475368 secs] [Times: user=0.15 sys=0.00, real=0.05 secs] 
2021-03-14T19:30:18.268+0800: 4414.920: [Full GC (Ergonomics) [PSYoungGen: 6144K->5387K(11264K)] [ParOldGen: 48683K->48683K(49152K)] 54827K->54071K(60416K), [Metaspace: 68350K->68350K(1112064K)], 0.0493312 secs] [Times: user=0.13 sys=0.01, real=0.05 secs] 
2021-03-14T19:30:18.699+0800: 4415.351: [Full GC (Ergonomics) [PSYoungGen: 6140K->5391K(11264K)] [ParOldGen: 48683K->48683K(49152K)] 54824K->54075K(60416K), [Metaspace: 68350K->68350K(1112064K)], 0.0478813 secs] [Times: user=0.15 sys=0.01, real=0.04 secs] 
2021-03-14T19:30:19.465+0800: 4416.117: [Full GC (Ergonomics) [PSYoungGen: 6144K->5382K(11264K)] [ParOldGen: 48683K->48683K(49152K)] 54827K->54065K(60416K), [Metaspace: 68350K->68350K(1112064K)], 0.0538461 secs] [Times: user=0.14 sys=0.00, real=0.06 secs] 
2021-03-14T19:30:20.099+0800: 4416.750: [Full GC (Ergonomics) [PSYoungGen: 6144K->5390K(11264K)] [ParOldGen: 48683K->48683K(49152K)] 54827K->54074K(60416K), [Metaspace: 68350K->68350K(1112064K)], 0.0476027 secs] [Times: user=0.13 sys=0.00, real=0.04 secs] 
2021-03-14T19:30:20.757+0800: 4417.409: [Full GC (Ergonomics) [PSYoungGen: 6144K->5383K(11264K)] [ParOldGen: 48683K->48683K(49152K)] 54827K->54066K(60416K), [Metaspace: 68350K->68350K(1112064K)], 0.0483555 secs] [Times: user=0.13 sys=0.00, real=0.05 secs] 
2021-03-14T19:30:22.221+0800: 4418.872: [Full GC (Ergonomics) [PSYoungGen: 6144K->5381K(11264K)] [ParOldGen: 48683K->48683K(49152K)] 54827K->54065K(60416K), [Metaspace: 68350K->68350K(1112064K)], 0.0543082 secs] [Times: user=0.15 sys=0.00, real=0.05 secs] 
2021-03-14T19:30:24.528+0800: 4421.180: [Full GC (Ergonomics) [PSYoungGen: 6144K->5385K(11264K)] [ParOldGen: 48683K->48683K(49152K)] 54827K->54069K(60416K), [Metaspace: 68350K->68350K(1112064K)], 0.0484595 secs] [Times: user=0.16 sys=0.01, real=0.05 secs] 
2021-03-14T19:30:25.786+0800: 4422.438: [Full GC (Ergonomics) [PSYoungGen: 6144K->5392K(11264K)] [ParOldGen: 48683K->48683K(49152K)] 54827K->54075K(60416K), [Metaspace: 68350K->68350K(1112064K)], 0.0475549 secs] [Times: user=0.14 sys=0.01, real=0.05 secs] 
2021-03-14T19:30:26.691+0800: 4423.342: [Full GC (Ergonomics) [PSYoungGen: 6144K->5392K(11264K)] [ParOldGen: 48683K->48683K(49152K)] 54827K->54075K(60416K), [Metaspace: 68350K->68350K(1112064K)], 0.0474254 secs] [Times: user=0.15 sys=0.00, real=0.04 secs] 
2021-03-14T19:30:27.648+0800: 4424.300: [Full GC (Ergonomics) [PSYoungGen: 6144K->5383K(11264K)] [ParOldGen: 48683K->48683K(49152K)] 54827K->54067K(60416K), [Metaspace: 68350K->68350K(1112064K)], 0.0503789 secs] [Times: user=0.14 sys=0.00, real=0.06 secs] 
2021-03-14T19:30:28.325+0800: 4424.977: [Full GC (Ergonomics) [PSYoungGen: 6144K->5395K(11264K)] [ParOldGen: 48683K->48683K(49152K)] 54827K->54078K(60416K), [Metaspace: 68350K->68350K(1112064K)], 0.0494723 secs] [Times: user=0.15 sys=0.00, real=0.05 secs] 
2021-03-14T19:30:28.701+0800: 4425.353: [Full GC (Ergonomics) [PSYoungGen: 6136K->5412K(11264K)] [ParOldGen: 48683K->48683K(49152K)] 54820K->54095K(60416K), [Metaspace: 68350K->68350K(1112064K)], 0.0482010 secs] [Times: user=0.15 sys=0.00, real=0.05 secs] 
2021-03-14T19:30:28.752+0800: 4425.404: [Full GC (Ergonomics) [PSYoungGen: 6144K->5426K(11264K)] [ParOldGen: 48683K->48683K(49152K)] 54827K->54110K(60416K), [Metaspace: 68350K->68350K(1112064K)], 0.0471076 secs] [Times: user=0.15 sys=0.00, real=0.05 secs] 
2021-03-14T19:30:29.564+0800: 4426.216: [Full GC (Ergonomics) [PSYoungGen: 6144K->5396K(11264K)] [ParOldGen: 48683K->48683K(49152K)] 54827K->54080K(60416K), [Metaspace: 68350K->68350K(1112064K)], 0.0505550 secs] [Times: user=0.14 sys=0.00, real=0.05 secs] 
2021-03-14T19:30:30.153+0800: 4426.805: [Full GC (Ergonomics) [PSYoungGen: 6144K->5399K(11264K)] [ParOldGen: 48683K->48683K(49152K)] 54827K->54083K(60416K), [Metaspace: 68350K->68350K(1112064K)], 0.0478406 secs] [Times: user=0.14 sys=0.00, real=0.05 secs] 
2021-03-14T19:30:30.749+0800: 4427.400: [Full GC (Ergonomics) [PSYoungGen: 6144K->5398K(11264K)] [ParOldGen: 48683K->48683K(49152K)] 54827K->54082K(60416K), [Metaspace: 68350K->68350K(1112064K)], 0.0532665 secs] [Times: user=0.13 sys=0.01, real=0.05 secs] 
2021-03-14T19:30:32.288+0800: 4428.940: [Full GC (Ergonomics) [PSYoungGen: 6144K->5393K(11264K)] [ParOldGen: 48683K->48683K(49152K)] 54827K->54076K(60416K), [Metaspace: 68350K->68350K(1112064K)], 0.0498136 secs] [Times: user=0.14 sys=0.00, real=0.05 secs] 
2021-03-14T19:30:34.623+0800: 4431.275: [Full GC (Ergonomics) [PSYoungGen: 6144K->5393K(11264K)] [ParOldGen: 48683K->48683K(49152K)] 54827K->54076K(60416K), [Metaspace: 68350K->68350K(1112064K)], 0.0471754 secs] [Times: user=0.14 sys=0.01, real=0.05 secs] 
2021-03-14T19:30:35.846+0800: 4432.497: [Full GC (Ergonomics) [PSYoungGen: 6143K->5386K(11264K)] [ParOldGen: 48683K->48683K(49152K)] 54827K->54070K(60416K), [Metaspace: 68350K->68350K(1112064K)], 0.0477157 secs] [Times: user=0.15 sys=0.01, real=0.05 secs] 
2021-03-14T19:30:36.880+0800: 4433.532: [Full GC (Ergonomics) [PSYoungGen: 6144K->5406K(11264K)] [ParOldGen: 48683K->48683K(49152K)] 54827K->54090K(60416K), [Metaspace: 68350K->68350K(1112064K)], 0.0486713 secs] [Times: user=0.16 sys=0.00, real=0.05 secs] 
2021-03-14T19:30:37.814+0800: 4434.465: [Full GC (Ergonomics) [PSYoungGen: 6144K->5393K(11264K)] [ParOldGen: 48683K->48683K(49152K)] 54827K->54076K(60416K), [Metaspace: 68350K->68350K(1112064K)], 0.0484622 secs] [Times: user=0.15 sys=0.00, real=0.05 secs] 
2021-03-14T19:30:38.392+0800: 4435.043: [Full GC (Ergonomics) [PSYoungGen: 6144K->5384K(11264K)] [ParOldGen: 48683K->48683K(49152K)] 54827K->54067K(60416K), [Metaspace: 68350K->68350K(1112064K)], 0.0465952 secs] [Times: user=0.14 sys=0.00, real=0.04 secs] 
2021-03-14T19:30:38.701+0800: 4435.353: [Full GC (Ergonomics) [PSYoungGen: 6144K->5388K(11264K)] [ParOldGen: 48683K->48683K(49152K)] 54827K->54072K(60416K), [Metaspace: 68350K->68350K(1112064K)], 0.0479872 secs] [Times: user=0.15 sys=0.00, real=0.05 secs] 
2021-03-14T19:30:39.621+0800: 4436.272: [Full GC (Ergonomics) [PSYoungGen: 6137K->5395K(11264K)] [ParOldGen: 48683K->48683K(49152K)] 54821K->54078K(60416K), [Metaspace: 68350K->68350K(1112064K)], 0.0490817 secs] [Times: user=0.15 sys=0.01, real=0.05 secs] 
2021-03-14T19:30:40.218+0800: 4436.870: [Full GC (Ergonomics) [PSYoungGen: 6144K->5381K(11264K)] [ParOldGen: 48683K->48683K(49152K)] 54827K->54064K(60416K), [Metaspace: 68350K->68350K(1112064K)], 0.0488673 secs] [Times: user=0.15 sys=0.00, real=0.05 secs] 
2021-03-14T19:30:40.740+0800: 4437.391: [Full GC (Ergonomics) [PSYoungGen: 6137K->5394K(11264K)] [ParOldGen: 48683K->48683K(49152K)] 54821K->54077K(60416K), [Metaspace: 68350K->68350K(1112064K)], 0.0487908 secs] [Times: user=0.14 sys=0.00, real=0.05 secs] 
2021-03-14T19:30:42.389+0800: 4439.041: [Full GC (Ergonomics) [PSYoungGen: 6144K->5382K(11264K)] [ParOldGen: 48683K->48683K(49152K)] 54827K->54065K(60416K), [Metaspace: 68350K->68350K(1112064K)], 0.0481286 secs] [Times: user=0.15 sys=0.00, real=0.04 secs] 
2021-03-14T19:30:44.681+0800: 4441.333: [Full GC (Ergonomics) [PSYoungGen: 6144K->5403K(11264K)] [ParOldGen: 48683K->48683K(49152K)] 54827K->54087K(60416K), [Metaspace: 68350K->68350K(1112064K)], 0.0484166 secs] [Times: user=0.15 sys=0.00, real=0.05 secs] 
2021-03-14T19:30:45.901+0800: 4442.552: [Full GC (Ergonomics) [PSYoungGen: 6144K->5383K(11264K)] [ParOldGen: 48683K->48683K(49152K)] 54827K->54066K(60416K), [Metaspace: 68350K->68350K(1112064K)], 0.0519533 secs] [Times: user=0.12 sys=0.00, real=0.05 secs] 
2021-03-14T19:30:46.937+0800: 4443.589: [Full GC (Ergonomics) [PSYoungGen: 6144K->5399K(11264K)] [ParOldGen: 48683K->48683K(49152K)] 54827K->54083K(60416K), [Metaspace: 68350K->68350K(1112064K)], 0.0522981 secs] [Times: user=0.11 sys=0.00, real=0.06 secs] 
2021-03-14T19:30:47.869+0800: 4444.520: [Full GC (Ergonomics) [PSYoungGen: 6144K->5396K(11264K)] [ParOldGen: 48683K->48683K(49152K)] 54827K->54080K(60416K), [Metaspace: 68350K->68350K(1112064K)], 0.0483054 secs] [Times: user=0.12 sys=0.00, real=0.04 secs] 
2021-03-14T19:30:48.451+0800: 4445.103: [Full GC (Ergonomics) [PSYoungGen: 6144K->5395K(11264K)] [ParOldGen: 48683K->48683K(49152K)] 54827K->54079K(60416K), [Metaspace: 68350K->68350K(1112064K)], 0.0472605 secs] [Times: user=0.14 sys=0.00, real=0.05 secs] 
2021-03-14T19:30:48.708+0800: 4445.360: [Full GC (Ergonomics) [PSYoungGen: 6144K->5398K(11264K)] [ParOldGen: 48683K->48683K(49152K)] 54827K->54081K(60416K), [Metaspace: 68350K->68350K(1112064K)], 0.0488650 secs] [Times: user=0.15 sys=0.00, real=0.05 secs] 
2021-03-14T19:30:48.759+0800: 4445.411: [Full GC (Ergonomics) [PSYoungGen: 6144K->5408K(11264K)] [ParOldGen: 48683K->48683K(49152K)] 54827K->54092K(60416K), [Metaspace: 68350K->68350K(1112064K)], 0.0485734 secs] [Times: user=0.14 sys=0.00, real=0.04 secs] 
2021-03-14T19:30:49.740+0800: 4446.392: [Full GC (Ergonomics) [PSYoungGen: 6143K->5397K(11264K)] [ParOldGen: 48683K->48683K(49152K)] 54827K->54081K(60416K), [Metaspace: 68350K->68350K(1112064K)], 0.0525109 secs] [Times: user=0.14 sys=0.00, real=0.05 secs] 
2021-03-14T19:30:50.280+0800: 4446.932: [Full GC (Ergonomics) [PSYoungGen: 6144K->5392K(11264K)] [ParOldGen: 48683K->48683K(49152K)] 54827K->54076K(60416K), [Metaspace: 68350K->68350K(1112064K)], 0.0538589 secs] [Times: user=0.16 sys=0.00, real=0.05 secs] 
2021-03-14T19:30:50.755+0800: 4447.407: [Full GC (Ergonomics) [PSYoungGen: 6144K->5411K(11264K)] [ParOldGen: 48683K->48683K(49152K)] 54827K->54094K(60416K), [Metaspace: 68350K->68350K(1112064K)], 0.0480055 secs] [Times: user=0.14 sys=0.01, real=0.05 secs] 
2021-03-14T19:30:52.409+0800: 4449.061: [Full GC (Ergonomics) [PSYoungGen: 6144K->5389K(11264K)] [ParOldGen: 48683K->48683K(49152K)] 54827K->54072K(60416K), [Metaspace: 68350K->68350K(1112064K)], 0.0506690 secs] [Times: user=0.13 sys=0.00, real=0.05 secs] 
2021-03-14T19:30:54.800+0800: 4451.451: [Full GC (Ergonomics) [PSYoungGen: 6144K->5392K(11264K)] [ParOldGen: 48683K->48683K(49152K)] 54827K->54075K(60416K), [Metaspace: 68350K->68350K(1112064K)], 0.0486387 secs] [Times: user=0.13 sys=0.00, real=0.05 secs] 
2021-03-14T19:30:55.852+0800: 4452.503: [Full GC (Ergonomics) [PSYoungGen: 6144K->5399K(11264K)] [ParOldGen: 48683K->48683K(49152K)] 54827K->54082K(60416K), [Metaspace: 68350K->68350K(1112064K)], 0.0469708 secs] [Times: user=0.15 sys=0.00, real=0.05 secs] 
2021-03-14T19:30:57.011+0800: 4453.662: [Full GC (Ergonomics) [PSYoungGen: 6144K->5383K(11264K)] [ParOldGen: 48683K->48683K(49152K)] 54827K->54067K(60416K), [Metaspace: 68350K->68350K(1112064K)], 0.0518286 secs] [Times: user=0.15 sys=0.00, real=0.05 secs] 
2021-03-14T19:30:57.927+0800: 4454.579: [Full GC (Ergonomics) [PSYoungGen: 6144K->5388K(11264K)] [ParOldGen: 48683K->48683K(49152K)] 54827K->54071K(60416K), [Metaspace: 68350K->68350K(1112064K)], 0.0487814 secs] [Times: user=0.15 sys=0.00, real=0.05 secs] 
2021-03-14T19:30:58.528+0800: 4455.179: [Full GC (Ergonomics) [PSYoungGen: 6144K->5386K(11264K)] [ParOldGen: 48683K->48683K(49152K)] 54827K->54070K(60416K), [Metaspace: 68350K->68350K(1112064K)], 0.0528202 secs] [Times: user=0.13 sys=0.00, real=0.06 secs] 
2021-03-14T19:30:58.702+0800: 4455.354: [Full GC (Ergonomics) [PSYoungGen: 6144K->5396K(11264K)] [ParOldGen: 48683K->48683K(49152K)] 54827K->54079K(60416K), [Metaspace: 68350K->68350K(1112064K)], 0.0494020 secs] [Times: user=0.16 sys=0.01, real=0.05 secs] 
2021-03-14T19:30:59.698+0800: 4456.350: [Full GC (Ergonomics) [PSYoungGen: 6144K->5397K(11264K)] [ParOldGen: 48683K->48683K(49152K)] 54827K->54080K(60416K), [Metaspace: 68350K->68350K(1112064K)], 0.0518813 secs] [Times: user=0.14 sys=0.00, real=0.06 secs] 
2021-03-14T19:31:00.238+0800: 4456.890: [Full GC (Ergonomics) [PSYoungGen: 6143K->5403K(11264K)] [ParOldGen: 48683K->48683K(49152K)] 54827K->54086K(60416K), [Metaspace: 68350K->68350K(1112064K)], 0.0503182 secs] [Times: user=0.13 sys=0.00, real=0.05 secs] 
2021-03-14T19:31:00.750+0800: 4457.401: [Full GC (Ergonomics) [PSYoungGen: 6144K->5399K(11264K)] [ParOldGen: 48683K->48683K(49152K)] 54827K->54082K(60416K), [Metaspace: 68350K->68350K(1112064K)], 0.0476971 secs] [Times: user=0.14 sys=0.01, real=0.04 secs] 
2021-03-14T19:31:02.483+0800: 4459.135: [Full GC (Ergonomics) [PSYoungGen: 6144K->5394K(11264K)] [ParOldGen: 48683K->48683K(49152K)] 54827K->54078K(60416K), [Metaspace: 68350K->68350K(1112064K)], 0.0467060 secs] [Times: user=0.15 sys=0.00, real=0.05 secs] 
2021-03-14T19:31:04.950+0800: 4461.601: [Full GC (Ergonomics) [PSYoungGen: 6144K->5384K(11264K)] [ParOldGen: 48683K->48683K(49152K)] 54827K->54067K(60416K), [Metaspace: 68350K->68350K(1112064K)], 0.0473293 secs] [Times: user=0.15 sys=0.00, real=0.04 secs] 
2021-03-14T19:31:06.108+0800: 4462.760: [Full GC (Ergonomics) [PSYoungGen: 6144K->5394K(11264K)] [ParOldGen: 48683K->48683K(49152K)] 54827K->54077K(60416K), [Metaspace: 68350K->68350K(1112064K)], 0.0484101 secs] [Times: user=0.15 sys=0.00, real=0.05 secs] 
2021-03-14T19:31:07.180+0800: 4463.831: [Full GC (Ergonomics) [PSYoungGen: 6144K->5380K(11264K)] [ParOldGen: 48683K->48683K(49152K)] 54827K->54064K(60416K), [Metaspace: 68350K->68350K(1112064K)], 0.0470104 secs] [Times: user=0.15 sys=0.00, real=0.04 secs] 
2021-03-14T19:31:07.984+0800: 4464.636: [Full GC (Ergonomics) [PSYoungGen: 6144K->5414K(11264K)] [ParOldGen: 48683K->48683K(49152K)] 54827K->54097K(60416K), [Metaspace: 68350K->68350K(1112064K)], 0.0474467 secs] [Times: user=0.14 sys=0.00, real=0.05 secs] 
2021-03-14T19:31:08.700+0800: 4465.352: [Full GC (Ergonomics) [PSYoungGen: 6144K->5392K(11264K)] [ParOldGen: 48683K->48683K(49152K)] 54827K->54075K(60416K), [Metaspace: 68350K->68350K(1112064K)], 0.0496317 secs] [Times: user=0.16 sys=0.00, real=0.05 secs] 
2021-03-14T19:31:08.752+0800: 4465.404: [Full GC (Ergonomics) [PSYoungGen: 6144K->5445K(11264K)] [ParOldGen: 48683K->48683K(49152K)] 54827K->54129K(60416K), [Metaspace: 68350K->68350K(1112064K)], 0.0478885 secs] [Times: user=0.14 sys=0.00, real=0.05 secs] 
2021-03-14T19:31:08.872+0800: 4465.524: [Full GC (Ergonomics) [PSYoungGen: 6144K->5378K(11264K)] [ParOldGen: 48683K->48683K(49152K)] 54827K->54062K(60416K), [Metaspace: 68350K->68350K(1112064K)], 0.0484899 secs] [Times: user=0.16 sys=0.00, real=0.05 secs] 
2021-03-14T19:31:09.871+0800: 4466.523: [Full GC (Ergonomics) [PSYoungGen: 6143K->5388K(11264K)] [ParOldGen: 48683K->48683K(49152K)] 54827K->54071K(60416K), [Metaspace: 68350K->68350K(1112064K)], 0.0464144 secs] [Times: user=0.14 sys=0.00, real=0.04 secs] 
2021-03-14T19:31:10.390+0800: 4467.041: [Full GC (Ergonomics) [PSYoungGen: 6144K->5391K(11264K)] [ParOldGen: 48683K->48683K(49152K)] 54827K->54074K(60416K), [Metaspace: 68350K->68350K(1112064K)], 0.0491679 secs] [Times: user=0.15 sys=0.00, real=0.05 secs] 
2021-03-14T19:31:10.877+0800: 4467.529: [Full GC (Ergonomics) [PSYoungGen: 6144K->5390K(11264K)] [ParOldGen: 48683K->48683K(49152K)] 54827K->54074K(60416K), [Metaspace: 68353K->68353K(1112064K)], 0.0486790 secs] [Times: user=0.14 sys=0.00, real=0.05 secs] 
2021-03-14T19:31:12.543+0800: 4469.195: [Full GC (Ergonomics) [PSYoungGen: 6144K->5392K(11264K)] [ParOldGen: 48683K->48683K(49152K)] 54827K->54076K(60416K), [Metaspace: 68353K->68353K(1112064K)], 0.0485190 secs] [Times: user=0.15 sys=0.00, real=0.05 secs] 
2021-03-14T19:31:14.932+0800: 4471.584: [Full GC (Ergonomics) [PSYoungGen: 6144K->5395K(11264K)] [ParOldGen: 48683K->48683K(49152K)] 54827K->54079K(60416K), [Metaspace: 68353K->68353K(1112064K)], 0.0474867 secs] [Times: user=0.15 sys=0.00, real=0.05 secs] 
2021-03-14T19:31:16.007+0800: 4472.659: [Full GC (Ergonomics) [PSYoungGen: 6144K->5392K(11264K)] [ParOldGen: 48683K->48683K(49152K)] 54827K->54076K(60416K), [Metaspace: 68353K->68353K(1112064K)], 0.0488541 secs] [Times: user=0.13 sys=0.00, real=0.05 secs] 
2021-03-14T19:31:17.098+0800: 4473.749: [Full GC (Ergonomics) [PSYoungGen: 6144K->5406K(11264K)] [ParOldGen: 48683K->48683K(49152K)] 54827K->54090K(60416K), [Metaspace: 68353K->68353K(1112064K)], 0.0520346 secs] [Times: user=0.13 sys=0.00, real=0.06 secs] 
2021-03-14T19:31:18.040+0800: 4474.691: [Full GC (Ergonomics) [PSYoungGen: 6144K->5403K(11264K)] [ParOldGen: 48683K->48683K(49152K)] 54827K->54087K(60416K), [Metaspace: 68353K->68353K(1112064K)], 0.0498938 secs] [Times: user=0.14 sys=0.00, real=0.05 secs] 
2021-03-14T19:31:18.639+0800: 4475.291: [Full GC (Ergonomics) [PSYoungGen: 6144K->5382K(11264K)] [ParOldGen: 48683K->48683K(49152K)] 54827K->54065K(60416K), [Metaspace: 68353K->68353K(1112064K)], 0.0473966 secs] [Times: user=0.15 sys=0.00, real=0.04 secs] 
2021-03-14T19:31:18.706+0800: 4475.358: [Full GC (Ergonomics) [PSYoungGen: 6138K->5391K(11264K)] [ParOldGen: 48683K->48683K(49152K)] 54822K->54075K(60416K), [Metaspace: 68353K->68353K(1112064K)], 0.0462538 secs] [Times: user=0.14 sys=0.00, real=0.05 secs] 
2021-03-14T19:31:19.879+0800: 4476.531: [Full GC (Ergonomics) [PSYoungGen: 6144K->5391K(11264K)] [ParOldGen: 48683K->48683K(49152K)] 54827K->54075K(60416K), [Metaspace: 68353K->68353K(1112064K)], 0.0505736 secs] [Times: user=0.12 sys=0.01, real=0.05 secs] 
2021-03-14T19:31:20.383+0800: 4477.035: [Full GC (Ergonomics) [PSYoungGen: 6139K->5395K(11264K)] [ParOldGen: 48683K->48683K(49152K)] 54822K->54079K(60416K), [Metaspace: 68353K->68353K(1112064K)], 0.0501172 secs] [Times: user=0.15 sys=0.01, real=0.05 secs] 
2021-03-14T19:31:20.752+0800: 4477.404: [Full GC (Ergonomics) [PSYoungGen: 6144K->5390K(11264K)] [ParOldGen: 48683K->48683K(49152K)] 54827K->54074K(60416K), [Metaspace: 68353K->68353K(1112064K)], 0.0511493 secs] [Times: user=0.16 sys=0.00, real=0.05 secs] 
2021-03-14T19:31:22.602+0800: 4479.254: [Full GC (Ergonomics) [PSYoungGen: 6144K->5392K(11264K)] [ParOldGen: 48683K->48683K(49152K)] 54827K->54075K(60416K), [Metaspace: 68353K->68353K(1112064K)], 0.0472067 secs] [Times: user=0.14 sys=0.00, real=0.05 secs] 
2021-03-14T19:31:25.052+0800: 4481.703: [Full GC (Ergonomics) [PSYoungGen: 6140K->5389K(11264K)] [ParOldGen: 48683K->48683K(49152K)] 54824K->54072K(60416K), [Metaspace: 68353K->68353K(1112064K)], 0.0491179 secs] [Times: user=0.15 sys=0.01, real=0.05 secs] 
2021-03-14T19:31:26.065+0800: 4482.716: [Full GC (Ergonomics) [PSYoungGen: 6140K->5396K(11264K)] [ParOldGen: 48683K->48683K(49152K)] 54823K->54080K(60416K), [Metaspace: 68353K->68353K(1112064K)], 0.0480124 secs] [Times: user=0.14 sys=0.00, real=0.05 secs] 
2021-03-14T19:31:27.166+0800: 4483.817: [Full GC (Ergonomics) [PSYoungGen: 6144K->5417K(11264K)] [ParOldGen: 48683K->48683K(49152K)] 54827K->54100K(60416K), [Metaspace: 68353K->68353K(1112064K)], 0.0478834 secs] [Times: user=0.14 sys=0.00, real=0.05 secs] 
2021-03-14T19:31:28.114+0800: 4484.766: [Full GC (Ergonomics) [PSYoungGen: 6144K->5392K(11264K)] [ParOldGen: 48683K->48683K(49152K)] 54827K->54076K(60416K), [Metaspace: 68353K->68353K(1112064K)], 0.0494473 secs] [Times: user=0.15 sys=0.00, real=0.05 secs] 
2021-03-14T19:31:28.690+0800: 4485.342: [Full GC (Ergonomics) [PSYoungGen: 6144K->5391K(11264K)] [ParOldGen: 48683K->48683K(49152K)] 54827K->54075K(60416K), [Metaspace: 68353K->68353K(1112064K)], 0.0478928 secs] [Times: user=0.15 sys=0.00, real=0.04 secs] 
2021-03-14T19:31:28.740+0800: 4485.392: [Full GC (Ergonomics) [PSYoungGen: 6138K->5491K(11264K)] [ParOldGen: 48683K->48683K(49152K)] 54821K->54174K(60416K), [Metaspace: 68353K->68353K(1112064K)], 0.0470985 secs] [Times: user=0.14 sys=0.00, real=0.04 secs] 
2021-03-14T19:31:28.791+0800: 4485.442: [Full GC (Ergonomics) [PSYoungGen: 6144K->5405K(11264K)] [ParOldGen: 48683K->48683K(49152K)] 54827K->54089K(60416K), [Metaspace: 68353K->68353K(1112064K)], 0.0465065 secs] [Times: user=0.15 sys=0.00, real=0.04 secs] 
2021-03-14T19:31:29.942+0800: 4486.594: [Full GC (Ergonomics) [PSYoungGen: 6141K->5397K(11264K)] [ParOldGen: 48683K->48683K(49152K)] 54825K->54081K(60416K), [Metaspace: 68353K->68353K(1112064K)], 0.0500493 secs] [Times: user=0.12 sys=0.00, real=0.05 secs] 
2021-03-14T19:31:30.448+0800: 4487.100: [Full GC (Ergonomics) [PSYoungGen: 6144K->5394K(11264K)] [ParOldGen: 48683K->48683K(49152K)] 54827K->54077K(60416K), [Metaspace: 68353K->68353K(1112064K)], 0.0492410 secs] [Times: user=0.14 sys=0.01, real=0.05 secs] 
2021-03-14T19:31:30.836+0800: 4487.488: [Full GC (Ergonomics) [PSYoungGen: 6144K->5414K(11264K)] [ParOldGen: 48683K->48683K(49152K)] 54827K->54097K(60416K), [Metaspace: 68353K->68353K(1112064K)], 0.0478400 secs] [Times: user=0.15 sys=0.00, real=0.05 secs] 
2021-03-14T19:31:32.665+0800: 4489.316: [Full GC (Ergonomics) [PSYoungGen: 6144K->5394K(11264K)] [ParOldGen: 48683K->48683K(49152K)] 54827K->54078K(60416K), [Metaspace: 68353K->68353K(1112064K)], 0.0472960 secs] [Times: user=0.15 sys=0.01, real=0.05 secs] 
2021-03-14T19:31:35.018+0800: 4491.670: [Full GC (Ergonomics) [PSYoungGen: 6137K->5385K(11264K)] [ParOldGen: 48683K->48683K(49152K)] 54821K->54069K(60416K), [Metaspace: 68353K->68353K(1112064K)], 0.0467555 secs] [Times: user=0.15 sys=0.00, real=0.05 secs] 
2021-03-14T19:31:36.205+0800: 4492.857: [Full GC (Ergonomics) [PSYoungGen: 6144K->5387K(11264K)] [ParOldGen: 48683K->48683K(49152K)] 54827K->54070K(60416K), [Metaspace: 68353K->68353K(1112064K)], 0.0490626 secs] [Times: user=0.16 sys=0.00, real=0.05 secs] 
2021-03-14T19:31:37.226+0800: 4493.877: [Full GC (Ergonomics) [PSYoungGen: 6144K->5414K(11264K)] [ParOldGen: 48683K->48683K(49152K)] 54827K->54097K(60416K), [Metaspace: 68353K->68353K(1112064K)], 0.0517372 secs] [Times: user=0.12 sys=0.00, real=0.05 secs] 
2021-03-14T19:31:38.171+0800: 4494.823: [Full GC (Ergonomics) [PSYoungGen: 6144K->5390K(11264K)] [ParOldGen: 48683K->48683K(49152K)] 54827K->54074K(60416K), [Metaspace: 68353K->68353K(1112064K)], 0.0508741 secs] [Times: user=0.15 sys=0.00, real=0.05 secs] 
2021-03-14T19:31:38.704+0800: 4495.355: [Full GC (Ergonomics) [PSYoungGen: 6144K->5392K(11264K)] [ParOldGen: 48683K->48683K(49152K)] 54827K->54076K(60416K), [Metaspace: 68353K->68353K(1112064K)], 0.0480216 secs] [Times: user=0.13 sys=0.00, real=0.05 secs] 
2021-03-14T19:31:38.755+0800: 4495.406: [Full GC (Ergonomics) [PSYoungGen: 6144K->5406K(11264K)] [ParOldGen: 48683K->48683K(49152K)] 54827K->54090K(60416K), [Metaspace: 68353K->68353K(1112064K)], 0.0472056 secs] [Times: user=0.15 sys=0.00, real=0.05 secs] 
2021-03-14T19:31:40.006+0800: 4496.658: [Full GC (Ergonomics) [PSYoungGen: 6144K->5394K(11264K)] [ParOldGen: 48683K->48683K(49152K)] 54827K->54078K(60416K), [Metaspace: 68353K->68353K(1112064K)], 0.0481143 secs] [Times: user=0.15 sys=0.00, real=0.05 secs] 
2021-03-14T19:31:40.515+0800: 4497.167: [Full GC (Ergonomics) [PSYoungGen: 6144K->5399K(11264K)] [ParOldGen: 48683K->48683K(49152K)] 54827K->54082K(60416K), [Metaspace: 68353K->68353K(1112064K)], 0.0496436 secs] [Times: user=0.15 sys=0.00, real=0.05 secs] 
2021-03-14T19:31:40.855+0800: 4497.507: [Full GC (Ergonomics) [PSYoungGen: 6144K->5394K(11264K)] [ParOldGen: 48683K->48683K(49152K)] 54827K->54078K(60416K), [Metaspace: 68353K->68353K(1112064K)], 0.0468477 secs] [Times: user=0.15 sys=0.01, real=0.05 secs] 
2021-03-14T19:31:42.737+0800: 4499.389: [Full GC (Ergonomics) [PSYoungGen: 6144K->5384K(11264K)] [ParOldGen: 48683K->48683K(49152K)] 54827K->54067K(60416K), [Metaspace: 68353K->68353K(1112064K)], 0.0510292 secs] [Times: user=0.11 sys=0.01, real=0.05 secs] 
2021-03-14T19:31:45.155+0800: 4501.806: [Full GC (Ergonomics) [PSYoungGen: 6142K->5384K(11264K)] [ParOldGen: 48683K->48683K(49152K)] 54826K->54067K(60416K), [Metaspace: 68353K->68353K(1112064K)], 0.0486255 secs] [Times: user=0.12 sys=0.00, real=0.05 secs] 
2021-03-14T19:31:46.181+0800: 4502.833: [Full GC (Ergonomics) [PSYoungGen: 6144K->5383K(11264K)] [ParOldGen: 48683K->48683K(49152K)] 54827K->54067K(60416K), [Metaspace: 68353K->68353K(1112064K)], 0.0490627 secs] [Times: user=0.14 sys=0.00, real=0.05 secs] 
2021-03-14T19:31:47.288+0800: 4503.939: [Full GC (Ergonomics) [PSYoungGen: 6144K->5428K(11264K)] [ParOldGen: 48683K->48683K(49152K)] 54827K->54112K(60416K), [Metaspace: 68353K->68353K(1112064K)], 0.0536081 secs] [Times: user=0.12 sys=0.00, real=0.06 secs] 
2021-03-14T19:31:48.231+0800: 4504.882: [Full GC (Ergonomics) [PSYoungGen: 6144K->5395K(11264K)] [ParOldGen: 48683K->48683K(49152K)] 54827K->54078K(60416K), [Metaspace: 68353K->68353K(1112064K)], 0.0513533 secs] [Times: user=0.13 sys=0.00, real=0.05 secs] 
2021-03-14T19:31:48.700+0800: 4505.352: [Full GC (Ergonomics) [PSYoungGen: 6144K->5391K(11264K)] [ParOldGen: 48683K->48683K(49152K)] 54827K->54075K(60416K), [Metaspace: 68353K->68353K(1112064K)], 0.0524145 secs] [Times: user=0.15 sys=0.00, real=0.05 secs] 
2021-03-14T19:31:48.755+0800: 4505.407: [Full GC (Ergonomics) [PSYoungGen: 6144K->5444K(11264K)] [ParOldGen: 48683K->48683K(49152K)] 54827K->54128K(60416K), [Metaspace: 68353K->68353K(1112064K)], 0.0473001 secs] [Times: user=0.13 sys=0.01, real=0.05 secs] 
2021-03-14T19:31:48.805+0800: 4505.457: [Full GC (Ergonomics) [PSYoungGen: 6144K->5392K(11264K)] [ParOldGen: 48683K->48683K(49152K)] 54827K->54076K(60416K), [Metaspace: 68353K->68353K(1112064K)], 0.0475386 secs] [Times: user=0.14 sys=0.01, real=0.05 secs] 
2021-03-14T19:31:50.060+0800: 4506.711: [Full GC (Ergonomics) [PSYoungGen: 6144K->5394K(11264K)] [ParOldGen: 48683K->48683K(49152K)] 54827K->54077K(60416K), [Metaspace: 68353K->68353K(1112064K)], 0.0472882 secs] [Times: user=0.14 sys=0.00, real=0.04 secs] 
2021-03-14T19:31:50.575+0800: 4507.227: [Full GC (Ergonomics) [PSYoungGen: 6144K->5408K(11264K)] [ParOldGen: 48683K->48683K(49152K)] 54827K->54092K(60416K), [Metaspace: 68353K->68353K(1112064K)], 0.0499446 secs] [Times: user=0.14 sys=0.00, real=0.05 secs] 
2021-03-14T19:31:50.851+0800: 4507.503: [Full GC (Ergonomics) [PSYoungGen: 6137K->5415K(11264K)] [ParOldGen: 48683K->48683K(49152K)] 54820K->54099K(60416K), [Metaspace: 68353K->68353K(1112064K)], 0.0481329 secs] [Times: user=0.15 sys=0.00, real=0.05 secs] 
2021-03-14T19:31:52.558+0800: 4509.209: [Full GC (Ergonomics) [PSYoungGen: 6144K->5392K(11264K)] [ParOldGen: 48683K->48683K(49152K)] 54827K->54076K(60416K), [Metaspace: 68353K->68353K(1112064K)], 0.0475846 secs] [Times: user=0.15 sys=0.00, real=0.05 secs] 
2021-03-14T19:31:55.126+0800: 4511.778: [Full GC (Ergonomics) [PSYoungGen: 6144K->5405K(11264K)] [ParOldGen: 48683K->48683K(49152K)] 54827K->54089K(60416K), [Metaspace: 68353K->68353K(1112064K)], 0.0471364 secs] [Times: user=0.15 sys=0.00, real=0.05 secs] 
2021-03-14T19:31:56.118+0800: 4512.769: [Full GC (Ergonomics) [PSYoungGen: 6144K->5386K(11264K)] [ParOldGen: 48683K->48683K(49152K)] 54827K->54069K(60416K), [Metaspace: 68353K->68353K(1112064K)], 0.0488985 secs] [Times: user=0.15 sys=0.01, real=0.05 secs] 
2021-03-14T19:31:57.376+0800: 4514.027: [Full GC (Ergonomics) [PSYoungGen: 6144K->5407K(11264K)] [ParOldGen: 48683K->48683K(49152K)] 54827K->54091K(60416K), [Metaspace: 68353K->68353K(1112064K)], 0.0475531 secs] [Times: user=0.15 sys=0.00, real=0.05 secs] 
2021-03-14T19:31:58.119+0800: 4514.771: [Full GC (Ergonomics) [PSYoungGen: 6144K->5405K(11264K)] [ParOldGen: 48683K->48683K(49152K)] 54827K->54088K(60416K), [Metaspace: 68353K->68353K(1112064K)], 0.0469314 secs] [Times: user=0.15 sys=0.00, real=0.04 secs] 
2021-03-14T19:31:58.689+0800: 4515.340: [Full GC (Ergonomics) [PSYoungGen: 6144K->5395K(11264K)] [ParOldGen: 48683K->48683K(49152K)] 54827K->54079K(60416K), [Metaspace: 68353K->68353K(1112064K)], 0.0492952 secs] [Times: user=0.15 sys=0.00, real=0.04 secs] 
2021-03-14T19:31:58.741+0800: 4515.392: [Full GC (Ergonomics) [PSYoungGen: 6134K->5416K(11264K)] [ParOldGen: 48683K->48683K(49152K)] 54817K->54100K(60416K), [Metaspace: 68353K->68353K(1112064K)], 0.0460848 secs] [Times: user=0.15 sys=0.00, real=0.04 secs] 
2021-03-14T19:31:59.809+0800: 4516.460: [Full GC (Ergonomics) [PSYoungGen: 6144K->5402K(11264K)] [ParOldGen: 48683K->48683K(49152K)] 54827K->54085K(60416K), [Metaspace: 68353K->68353K(1112064K)], 0.0503585 secs] [Times: user=0.15 sys=0.00, real=0.05 secs] 
2021-03-14T19:32:00.330+0800: 4516.982: [Full GC (Ergonomics) [PSYoungGen: 6144K->5399K(11264K)] [ParOldGen: 48683K->48683K(49152K)] 54827K->54082K(60416K), [Metaspace: 68353K->68353K(1112064K)], 0.0482396 secs] [Times: user=0.14 sys=0.00, real=0.04 secs] 
2021-03-14T19:32:00.791+0800: 4517.442: [Full GC (Ergonomics) [PSYoungGen: 6144K->5398K(11264K)] [ParOldGen: 48683K->48683K(49152K)] 54827K->54081K(60416K), [Metaspace: 68353K->68353K(1112064K)], 0.0498661 secs] [Times: user=0.14 sys=0.00, real=0.05 secs] 
2021-03-14T19:32:02.753+0800: 4519.404: [Full GC (Ergonomics) [PSYoungGen: 6144K->5397K(11264K)] [ParOldGen: 48683K->48683K(49152K)] 54827K->54080K(60416K), [Metaspace: 68353K->68353K(1112064K)], 0.0501157 secs] [Times: user=0.12 sys=0.00, real=0.05 secs] 
2021-03-14T19:32:05.186+0800: 4521.837: [Full GC (Ergonomics) [PSYoungGen: 6144K->5407K(11264K)] [ParOldGen: 48683K->48683K(49152K)] 54827K->54090K(60416K), [Metaspace: 68353K->68353K(1112064K)], 0.0513260 secs] [Times: user=0.15 sys=0.00, real=0.05 secs] 
2021-03-14T19:32:06.295+0800: 4522.946: [Full GC (Ergonomics) [PSYoungGen: 6144K->5386K(11264K)] [ParOldGen: 48683K->48683K(49152K)] 54827K->54069K(60416K), [Metaspace: 68353K->68353K(1112064K)], 0.0480016 secs] [Times: user=0.16 sys=0.00, real=0.05 secs] 
2021-03-14T19:32:07.437+0800: 4524.089: [Full GC (Ergonomics) [PSYoungGen: 6144K->5397K(11264K)] [ParOldGen: 48683K->48683K(49152K)] 54827K->54081K(60416K), [Metaspace: 68353K->68353K(1112064K)], 0.0478715 secs] [Times: user=0.15 sys=0.00, real=0.05 secs] 
2021-03-14T19:32:08.299+0800: 4524.950: [Full GC (Ergonomics) [PSYoungGen: 6144K->5400K(11264K)] [ParOldGen: 48683K->48683K(49152K)] 54827K->54084K(60416K), [Metaspace: 68353K->68353K(1112064K)], 0.0472271 secs] [Times: user=0.13 sys=0.00, real=0.04 secs] 
2021-03-14T19:32:08.702+0800: 4525.353: [Full GC (Ergonomics) [PSYoungGen: 6144K->5397K(11264K)] [ParOldGen: 48683K->48683K(49152K)] 54827K->54080K(60416K), [Metaspace: 68353K->68353K(1112064K)], 0.0484347 secs] [Times: user=0.15 sys=0.00, real=0.05 secs] 
2021-03-14T19:32:08.753+0800: 4525.404: [Full GC (Ergonomics) [PSYoungGen: 6140K->5430K(11264K)] [ParOldGen: 48683K->48683K(49152K)] 54824K->54113K(60416K), [Metaspace: 68353K->68353K(1112064K)], 0.0472948 secs] [Times: user=0.14 sys=0.01, real=0.05 secs] 
2021-03-14T19:32:08.956+0800: 4525.607: [Full GC (Ergonomics) [PSYoungGen: 6144K->5381K(11264K)] [ParOldGen: 48683K->48683K(49152K)] 54827K->54065K(60416K), [Metaspace: 68354K->68354K(1112064K)], 0.0462907 secs] [Times: user=0.15 sys=0.00, real=0.05 secs] 
2021-03-14T19:32:10.249+0800: 4526.900: [Full GC (Ergonomics) [PSYoungGen: 6144K->5387K(11264K)] [ParOldGen: 48683K->48683K(49152K)] 54827K->54070K(60416K), [Metaspace: 68354K->68354K(1112064K)], 0.0504411 secs] [Times: user=0.16 sys=0.00, real=0.05 secs] 
2021-03-14T19:32:10.646+0800: 4527.298: [Full GC (Ergonomics) [PSYoungGen: 6144K->5418K(11264K)] [ParOldGen: 48683K->48683K(49152K)] 54827K->54102K(60416K), [Metaspace: 68354K->68354K(1112064K)], 0.0498275 secs] [Times: user=0.14 sys=0.01, real=0.05 secs] 
2021-03-14T19:32:10.849+0800: 4527.501: [Full GC (Ergonomics) [PSYoungGen: 6144K->5403K(11264K)] [ParOldGen: 48683K->48683K(49152K)] 54827K->54086K(60416K), [Metaspace: 68354K->68354K(1112064K)], 0.0506840 secs] [Times: user=0.15 sys=0.00, real=0.05 secs] 
2021-03-14T19:32:12.824+0800: 4529.476: [Full GC (Ergonomics) [PSYoungGen: 6138K->5391K(11264K)] [ParOldGen: 48683K->48683K(49152K)] 54822K->54074K(60416K), [Metaspace: 68354K->68354K(1112064K)], 0.0491909 secs] [Times: user=0.13 sys=0.00, real=0.05 secs] 
2021-03-14T19:32:15.316+0800: 4531.968: [Full GC (Ergonomics) [PSYoungGen: 6144K->5389K(11264K)] [ParOldGen: 48683K->48683K(49152K)] 54827K->54073K(60416K), [Metaspace: 68354K->68354K(1112064K)], 0.0474962 secs] [Times: user=0.15 sys=0.00, real=0.05 secs] 
2021-03-14T19:32:16.183+0800: 4532.834: [Full GC (Ergonomics) [PSYoungGen: 6144K->5399K(11264K)] [ParOldGen: 48683K->48683K(49152K)] 54827K->54082K(60416K), [Metaspace: 68354K->68354K(1112064K)], 0.0476393 secs] [Times: user=0.15 sys=0.00, real=0.05 secs] 
2021-03-14T19:32:17.494+0800: 4534.145: [Full GC (Ergonomics) [PSYoungGen: 6144K->5394K(11264K)] [ParOldGen: 48683K->48683K(49152K)] 54827K->54078K(60416K), [Metaspace: 68354K->68354K(1112064K)], 0.0501203 secs] [Times: user=0.15 sys=0.00, real=0.05 secs] 
2021-03-14T19:32:18.365+0800: 4535.016: [Full GC (Ergonomics) [PSYoungGen: 6144K->5391K(11264K)] [ParOldGen: 48683K->48683K(49152K)] 54827K->54075K(60416K), [Metaspace: 68354K->68354K(1112064K)], 0.0481216 secs] [Times: user=0.13 sys=0.00, real=0.05 secs] 
2021-03-14T19:32:18.700+0800: 4535.352: [Full GC (Ergonomics) [PSYoungGen: 6139K->5394K(11264K)] [ParOldGen: 48683K->48683K(49152K)] 54823K->54077K(60416K), [Metaspace: 68354K->68354K(1112064K)], 0.0485113 secs] [Times: user=0.15 sys=0.00, real=0.05 secs] 
2021-03-14T19:32:18.815+0800: 4535.466: [Full GC (Ergonomics) [PSYoungGen: 6144K->5388K(11264K)] [ParOldGen: 48683K->48683K(49152K)] 54827K->54072K(60416K), [Metaspace: 68354K->68354K(1112064K)], 0.0471324 secs] [Times: user=0.15 sys=0.01, real=0.05 secs] 
2021-03-14T19:32:20.135+0800: 4536.787: [Full GC (Ergonomics) [PSYoungGen: 6144K->5392K(11264K)] [ParOldGen: 48683K->48683K(49152K)] 54827K->54076K(60416K), [Metaspace: 68354K->68354K(1112064K)], 0.0500212 secs] [Times: user=0.12 sys=0.00, real=0.05 secs] 
2021-03-14T19:32:20.710+0800: 4537.361: [Full GC (Ergonomics) [PSYoungGen: 6144K->5387K(11264K)] [ParOldGen: 48683K->48683K(49152K)] 54827K->54071K(60416K), [Metaspace: 68354K->68354K(1112064K)], 0.0504681 secs] [Times: user=0.16 sys=0.00, real=0.05 secs] 
2021-03-14T19:32:20.802+0800: 4537.454: [Full GC (Ergonomics) [PSYoungGen: 6144K->5395K(11264K)] [ParOldGen: 48683K->48683K(49152K)] 54827K->54079K(60416K), [Metaspace: 68354K->68354K(1112064K)], 0.0479316 secs] [Times: user=0.14 sys=0.00, real=0.05 secs] 
2021-03-14T19:32:22.890+0800: 4539.542: [Full GC (Ergonomics) [PSYoungGen: 6138K->5401K(11264K)] [ParOldGen: 48683K->48683K(49152K)] 54821K->54084K(60416K), [Metaspace: 68354K->68354K(1112064K)], 0.0476799 secs] [Times: user=0.15 sys=0.01, real=0.04 secs] 
2021-03-14T19:32:25.386+0800: 4542.038: [Full GC (Ergonomics) [PSYoungGen: 6144K->5403K(11264K)] [ParOldGen: 48683K->48683K(49152K)] 54827K->54087K(60416K), [Metaspace: 68354K->68354K(1112064K)], 0.0474416 secs] [Times: user=0.15 sys=0.00, real=0.05 secs] 
2021-03-14T19:32:26.242+0800: 4542.894: [Full GC (Ergonomics) [PSYoungGen: 6144K->5391K(11264K)] [ParOldGen: 48683K->48683K(49152K)] 54827K->54074K(60416K), [Metaspace: 68354K->68354K(1112064K)], 0.0494822 secs] [Times: user=0.16 sys=0.00, real=0.05 secs] 
2021-03-14T19:32:27.563+0800: 4544.214: [Full GC (Ergonomics) [PSYoungGen: 6144K->5399K(11264K)] [ParOldGen: 48683K->48683K(49152K)] 54827K->54082K(60416K), [Metaspace: 68354K->68354K(1112064K)], 0.0524115 secs] [Times: user=0.13 sys=0.00, real=0.05 secs] 
2021-03-14T19:32:28.419+0800: 4545.071: [Full GC (Ergonomics) [PSYoungGen: 6144K->5400K(11264K)] [ParOldGen: 48683K->48683K(49152K)] 54827K->54083K(60416K), [Metaspace: 68354K->68354K(1112064K)], 0.0509583 secs] [Times: user=0.13 sys=0.00, real=0.05 secs] 
2021-03-14T19:32:28.701+0800: 4545.353: [Full GC (Ergonomics) [PSYoungGen: 6133K->5407K(11264K)] [ParOldGen: 48683K->48683K(49152K)] 54817K->54090K(60416K), [Metaspace: 68354K->68354K(1112064K)], 0.0485093 secs] [Times: user=0.15 sys=0.00, real=0.05 secs] 
2021-03-14T19:32:28.752+0800: 4545.403: [Full GC (Ergonomics) [PSYoungGen: 6142K->5427K(11264K)] [ParOldGen: 48683K->48683K(49152K)] 54826K->54110K(60416K), [Metaspace: 68354K->68354K(1112064K)], 0.0474396 secs] [Times: user=0.15 sys=0.00, real=0.05 secs] 
2021-03-14T19:32:28.880+0800: 4545.532: [Full GC (Ergonomics) [PSYoungGen: 6144K->5399K(11264K)] [ParOldGen: 48683K->48683K(49152K)] 54827K->54083K(60416K), [Metaspace: 68354K->68354K(1112064K)], 0.0470046 secs] [Times: user=0.14 sys=0.00, real=0.04 secs] 
2021-03-14T19:32:30.206+0800: 4546.857: [Full GC (Ergonomics) [PSYoungGen: 6144K->5396K(11264K)] [ParOldGen: 48683K->48683K(49152K)] 54827K->54080K(60416K), [Metaspace: 68354K->68354K(1112064K)], 0.0500083 secs] [Times: user=0.16 sys=0.00, real=0.05 secs] 
2021-03-14T19:32:30.776+0800: 4547.427: [Full GC (Ergonomics) [PSYoungGen: 6144K->5409K(11264K)] [ParOldGen: 48683K->48683K(49152K)] 54827K->54093K(60416K), [Metaspace: 68354K->68354K(1112064K)], 0.0475161 secs] [Times: user=0.15 sys=0.00, real=0.05 secs] 
2021-03-14T19:32:30.855+0800: 4547.506: [Full GC (Ergonomics) [PSYoungGen: 6144K->5408K(11264K)] [ParOldGen: 48683K->48683K(49152K)] 54827K->54092K(60416K), [Metaspace: 68354K->68354K(1112064K)], 0.0472002 secs] [Times: user=0.14 sys=0.00, real=0.05 secs] 
2021-03-14T19:32:32.952+0800: 4549.603: [Full GC (Ergonomics) [PSYoungGen: 6144K->5396K(11264K)] [ParOldGen: 48683K->48683K(49152K)] 54827K->54080K(60416K), [Metaspace: 68354K->68354K(1112064K)], 0.0488356 secs] [Times: user=0.13 sys=0.00, real=0.05 secs] 
2021-03-14T19:32:35.446+0800: 4552.098: [Full GC (Ergonomics) [PSYoungGen: 6144K->5392K(11264K)] [ParOldGen: 48683K->48683K(49152K)] 54827K->54075K(60416K), [Metaspace: 68354K->68354K(1112064K)], 0.0481540 secs] [Times: user=0.14 sys=0.00, real=0.05 secs] 
2021-03-14T19:32:36.373+0800: 4553.024: [Full GC (Ergonomics) [PSYoungGen: 6144K->5393K(11264K)] [ParOldGen: 48683K->48683K(49152K)] 54827K->54077K(60416K), [Metaspace: 68354K->68354K(1112064K)], 0.0504019 secs] [Times: user=0.13 sys=0.01, real=0.05 secs] 
2021-03-14T19:32:37.676+0800: 4554.327: [Full GC (Ergonomics) [PSYoungGen: 6137K->5386K(11264K)] [ParOldGen: 48683K->48683K(49152K)] 54821K->54069K(60416K), [Metaspace: 68354K->68354K(1112064K)], 0.0484921 secs] [Times: user=0.16 sys=0.00, real=0.05 secs] 
2021-03-14T19:32:38.492+0800: 4555.143: [Full GC (Ergonomics) [PSYoungGen: 6144K->5411K(11264K)] [ParOldGen: 48683K->48683K(49152K)] 54827K->54094K(60416K), [Metaspace: 68354K->68354K(1112064K)], 0.0481734 secs] [Times: user=0.15 sys=0.00, real=0.05 secs] 
2021-03-14T19:32:38.705+0800: 4555.356: [Full GC (Ergonomics) [PSYoungGen: 6144K->5388K(11264K)] [ParOldGen: 48683K->48683K(49152K)] 54827K->54072K(60416K), [Metaspace: 68354K->68354K(1112064K)], 0.0483719 secs] [Times: user=0.14 sys=0.00, real=0.05 secs] 
2021-03-14T19:32:39.194+0800: 4555.846: [Full GC (Ergonomics) [PSYoungGen: 6144K->5393K(11264K)] [ParOldGen: 48683K->48683K(49152K)] 54827K->54076K(60416K), [Metaspace: 68354K->68354K(1112064K)], 0.0503774 secs] [Times: user=0.12 sys=0.00, real=0.05 secs] 
2021-03-14T19:32:40.306+0800: 4556.957: [Full GC (Ergonomics) [PSYoungGen: 6144K->5385K(11264K)] [ParOldGen: 48683K->48683K(49152K)] 54827K->54068K(60416K), [Metaspace: 68354K->68354K(1112064K)], 0.0475392 secs] [Times: user=0.15 sys=0.00, real=0.05 secs] 
2021-03-14T19:32:40.806+0800: 4557.457: [Full GC (Ergonomics) [PSYoungGen: 6144K->5384K(11264K)] [ParOldGen: 48683K->48683K(49152K)] 54827K->54068K(60416K), [Metaspace: 68354K->68354K(1112064K)], 0.0475599 secs] [Times: user=0.16 sys=0.00, real=0.05 secs] 
2021-03-14T19:32:40.855+0800: 4557.507: [Full GC (Ergonomics) [PSYoungGen: 6144K->5432K(11264K)] [ParOldGen: 48683K->48683K(49152K)] 54827K->54116K(60416K), [Metaspace: 68354K->68354K(1112064K)], 0.0468162 secs] [Times: user=0.14 sys=0.00, real=0.05 secs] 
2021-03-14T19:32:43.012+0800: 4559.663: [Full GC (Ergonomics) [PSYoungGen: 6140K->5415K(11264K)] [ParOldGen: 48683K->48683K(49152K)] 54824K->54098K(60416K), [Metaspace: 68354K->68354K(1112064K)], 0.0490785 secs] [Times: user=0.15 sys=0.00, real=0.05 secs] 
2021-03-14T19:32:45.516+0800: 4562.168: [Full GC (Ergonomics) [PSYoungGen: 6144K->5397K(11264K)] [ParOldGen: 48683K->48683K(49152K)] 54827K->54080K(60416K), [Metaspace: 68354K->68354K(1112064K)], 0.0513599 secs] [Times: user=0.16 sys=0.00, real=0.05 secs] 
2021-03-14T19:32:46.431+0800: 4563.083: [Full GC (Ergonomics) [PSYoungGen: 6144K->5395K(11264K)] [ParOldGen: 48683K->48683K(49152K)] 54827K->54079K(60416K), [Metaspace: 68354K->68354K(1112064K)], 0.0510217 secs] [Times: user=0.13 sys=0.00, real=0.05 secs] 
2021-03-14T19:32:47.742+0800: 4564.394: [Full GC (Ergonomics) [PSYoungGen: 6136K->5394K(11264K)] [ParOldGen: 48683K->48683K(49152K)] 54820K->54078K(60416K), [Metaspace: 68354K->68354K(1112064K)], 0.0476395 secs] [Times: user=0.15 sys=0.00, real=0.05 secs] 
2021-03-14T19:32:48.549+0800: 4565.200: [Full GC (Ergonomics) [PSYoungGen: 6144K->5392K(11264K)] [ParOldGen: 48683K->48683K(49152K)] 54827K->54076K(60416K), [Metaspace: 68354K->68354K(1112064K)], 0.0475359 secs] [Times: user=0.15 sys=0.00, real=0.04 secs] 
2021-03-14T19:32:48.701+0800: 4565.353: [Full GC (Ergonomics) [PSYoungGen: 6144K->5393K(11264K)] [ParOldGen: 48683K->48683K(49152K)] 54827K->54076K(60416K), [Metaspace: 68354K->68354K(1112064K)], 0.0480557 secs] [Times: user=0.15 sys=0.01, real=0.05 secs] 
2021-03-14T19:32:48.752+0800: 4565.403: [Full GC (Ergonomics) [PSYoungGen: 6144K->5423K(11264K)] [ParOldGen: 48683K->48683K(49152K)] 54827K->54106K(60416K), [Metaspace: 68354K->68354K(1112064K)], 0.0468990 secs] [Times: user=0.14 sys=0.00, real=0.05 secs] 
2021-03-14T19:32:49.257+0800: 4565.909: [Full GC (Ergonomics) [PSYoungGen: 6144K->5390K(11264K)] [ParOldGen: 48683K->48683K(49152K)] 54827K->54073K(60416K), [Metaspace: 68354K->68354K(1112064K)], 0.0508497 secs] [Times: user=0.13 sys=0.00, real=0.05 secs] 
2021-03-14T19:32:50.375+0800: 4567.027: [Full GC (Ergonomics) [PSYoungGen: 6144K->5392K(11264K)] [ParOldGen: 48683K->48683K(49152K)] 54827K->54075K(60416K), [Metaspace: 68354K->68354K(1112064K)], 0.0495251 secs] [Times: user=0.15 sys=0.01, real=0.05 secs] 
2021-03-14T19:32:50.850+0800: 4567.502: [Full GC (Ergonomics) [PSYoungGen: 6144K->5405K(11264K)] [ParOldGen: 48683K->48683K(49152K)] 54827K->54089K(60416K), [Metaspace: 68354K->68354K(1112064K)], 0.0478241 secs] [Times: user=0.15 sys=0.00, real=0.04 secs] 
2021-03-14T19:32:50.909+0800: 4567.561: [Full GC (Ergonomics) [PSYoungGen: 6143K->5428K(11264K)] [ParOldGen: 48683K->48683K(49152K)] 54826K->54112K(60416K), [Metaspace: 68354K->68354K(1112064K)], 0.0475232 secs] [Times: user=0.15 sys=0.00, real=0.04 secs] 
2021-03-14T19:32:53.081+0800: 4569.732: [Full GC (Ergonomics) [PSYoungGen: 6144K->5398K(11264K)] [ParOldGen: 48683K->48683K(49152K)] 54827K->54082K(60416K), [Metaspace: 68354K->68354K(1112064K)], 0.0504428 secs] [Times: user=0.12 sys=0.00, real=0.05 secs] 
2021-03-14T19:32:55.586+0800: 4572.237: [Full GC (Ergonomics) [PSYoungGen: 6144K->5387K(11264K)] [ParOldGen: 48683K->48683K(49152K)] 54827K->54071K(60416K), [Metaspace: 68354K->68354K(1112064K)], 0.0502245 secs] [Times: user=0.15 sys=0.00, real=0.05 secs] 
2021-03-14T19:32:56.501+0800: 4573.153: [Full GC (Ergonomics) [PSYoungGen: 6144K->5386K(11264K)] [ParOldGen: 48683K->48683K(49152K)] 54827K->54069K(60416K), [Metaspace: 68354K->68354K(1112064K)], 0.0536525 secs] [Times: user=0.12 sys=0.00, real=0.05 secs] 
2021-03-14T19:32:57.657+0800: 4574.309: [Full GC (Ergonomics) [PSYoungGen: 6144K->5405K(11264K)] [ParOldGen: 48683K->48683K(49152K)] 54827K->54088K(60416K), [Metaspace: 68354K->68354K(1112064K)], 0.0520104 secs] [Times: user=0.15 sys=0.00, real=0.06 secs] 
2021-03-14T19:32:58.551+0800: 4575.203: [Full GC (Ergonomics) [PSYoungGen: 6144K->5401K(11264K)] [ParOldGen: 48683K->48683K(49152K)] 54827K->54084K(60416K), [Metaspace: 68354K->68354K(1112064K)], 0.0468217 secs] [Times: user=0.13 sys=0.00, real=0.04 secs] 
2021-03-14T19:32:58.712+0800: 4575.363: [Full GC (Ergonomics) [PSYoungGen: 6139K->5417K(11264K)] [ParOldGen: 48683K->48683K(49152K)] 54822K->54100K(60416K), [Metaspace: 68354K->68354K(1112064K)], 0.0468121 secs] [Times: user=0.15 sys=0.00, real=0.05 secs] 
2021-03-14T19:32:58.964+0800: 4575.615: [Full GC (Ergonomics) [PSYoungGen: 6144K->5399K(11264K)] [ParOldGen: 48683K->48683K(49152K)] 54827K->54082K(60416K), [Metaspace: 68354K->68354K(1112064K)], 0.0473360 secs] [Times: user=0.15 sys=0.00, real=0.05 secs] 
2021-03-14T19:33:00.283+0800: 4576.934: [Full GC (Ergonomics) [PSYoungGen: 6144K->5397K(11264K)] [ParOldGen: 48683K->48683K(49152K)] 54827K->54080K(60416K), [Metaspace: 68354K->68354K(1112064K)], 0.0491738 secs] [Times: user=0.16 sys=0.00, real=0.05 secs] 
2021-03-14T19:33:00.811+0800: 4577.463: [Full GC (Ergonomics) [PSYoungGen: 6144K->5397K(11264K)] [ParOldGen: 48683K->48683K(49152K)] 54827K->54080K(60416K), [Metaspace: 68354K->68354K(1112064K)], 0.0486140 secs] [Times: user=0.14 sys=0.00, real=0.05 secs] 
2021-03-14T19:33:00.964+0800: 4577.616: [Full GC (Ergonomics) [PSYoungGen: 6144K->5417K(11264K)] [ParOldGen: 48683K->48683K(49152K)] 54827K->54100K(60416K), [Metaspace: 68354K->68354K(1112064K)], 0.0477054 secs] [Times: user=0.14 sys=0.01, real=0.05 secs] 
2021-03-14T19:33:03.144+0800: 4579.796: [Full GC (Ergonomics) [PSYoungGen: 6144K->5397K(11264K)] [ParOldGen: 48683K->48683K(49152K)] 54827K->54080K(60416K), [Metaspace: 68354K->68354K(1112064K)], 0.0489849 secs] [Times: user=0.16 sys=0.00, real=0.05 secs] 
2021-03-14T19:33:05.654+0800: 4582.305: [Full GC (Ergonomics) [PSYoungGen: 6144K->5394K(11264K)] [ParOldGen: 48683K->48683K(49152K)] 54827K->54077K(60416K), [Metaspace: 68354K->68354K(1112064K)], 0.0486112 secs] [Times: user=0.15 sys=0.00, real=0.05 secs] 
2021-03-14T19:33:06.673+0800: 4583.325: [Full GC (Ergonomics) [PSYoungGen: 6144K->5394K(11264K)] [ParOldGen: 48683K->48683K(49152K)] 54827K->54078K(60416K), [Metaspace: 68354K->68354K(1112064K)], 0.0499900 secs] [Times: user=0.13 sys=0.00, real=0.05 secs] 
2021-03-14T19:33:08.160+0800: 4584.811: [Full GC (Ergonomics) [PSYoungGen: 6144K->5385K(11264K)] [ParOldGen: 48683K->48683K(49152K)] 54827K->54069K(60416K), [Metaspace: 68354K->68354K(1112064K)], 0.0501579 secs] [Times: user=0.12 sys=0.01, real=0.05 secs] 
2021-03-14T19:33:08.625+0800: 4585.276: [Full GC (Ergonomics) [PSYoungGen: 6144K->5390K(11264K)] [ParOldGen: 48683K->48683K(49152K)] 54827K->54074K(60416K), [Metaspace: 68354K->68354K(1112064K)], 0.0474867 secs] [Times: user=0.15 sys=0.01, real=0.05 secs] 
2021-03-14T19:33:08.703+0800: 4585.355: [Full GC (Ergonomics) [PSYoungGen: 6144K->5395K(11264K)] [ParOldGen: 48683K->48683K(49152K)] 54827K->54078K(60416K), [Metaspace: 68354K->68354K(1112064K)], 0.0466681 secs] [Times: user=0.14 sys=0.00, real=0.05 secs] 
2021-03-14T19:33:08.753+0800: 4585.404: [Full GC (Ergonomics) [PSYoungGen: 6143K->5401K(11264K)] [ParOldGen: 48683K->48683K(49152K)] 54826K->54084K(60416K), [Metaspace: 68354K->68354K(1112064K)], 0.0462701 secs] [Times: user=0.14 sys=0.00, real=0.05 secs] 
2021-03-14T19:33:09.330+0800: 4585.982: [Full GC (Ergonomics) [PSYoungGen: 6144K->5396K(11264K)] [ParOldGen: 48683K->48683K(49152K)] 54827K->54080K(60416K), [Metaspace: 68354K->68354K(1112064K)], 0.0491450 secs] [Times: user=0.15 sys=0.00, real=0.05 secs] 
2021-03-14T19:33:10.474+0800: 4587.126: [Full GC (Ergonomics) [PSYoungGen: 6144K->5390K(11264K)] [ParOldGen: 48683K->48683K(49152K)] 54827K->54074K(60416K), [Metaspace: 68354K->68354K(1112064K)], 0.0483138 secs] [Times: user=0.15 sys=0.00, real=0.05 secs] 
2021-03-14T19:33:10.806+0800: 4587.458: [Full GC (Ergonomics) [PSYoungGen: 6144K->5394K(11264K)] [ParOldGen: 48683K->48683K(49152K)] 54827K->54078K(60416K), [Metaspace: 68354K->68354K(1112064K)], 0.0474574 secs] [Times: user=0.15 sys=0.00, real=0.05 secs] 
2021-03-14T19:33:11.026+0800: 4587.677: [Full GC (Ergonomics) [PSYoungGen: 6138K->5421K(11264K)] [ParOldGen: 48683K->48683K(49152K)] 54822K->54104K(60416K), [Metaspace: 68354K->68354K(1112064K)], 0.0483556 secs] [Times: user=0.15 sys=0.01, real=0.05 secs] 
2021-03-14T19:33:13.999+0800: 4590.651: [Full GC (Ergonomics) [PSYoungGen: 6144K->5382K(11264K)] [ParOldGen: 48683K->48683K(49152K)] 54827K->54065K(60416K), [Metaspace: 68354K->68354K(1112064K)], 0.0494280 secs] [Times: user=0.12 sys=0.00, real=0.05 secs] 
2021-03-14T19:33:15.738+0800: 4592.389: [Full GC (Ergonomics) [PSYoungGen: 6144K->5396K(11264K)] [ParOldGen: 48683K->48683K(49152K)] 54827K->54079K(60416K), [Metaspace: 68354K->68354K(1112064K)], 0.0480392 secs] [Times: user=0.12 sys=0.01, real=0.05 secs] 
2021-03-14T19:33:16.730+0800: 4593.381: [Full GC (Ergonomics) [PSYoungGen: 6144K->5394K(11264K)] [ParOldGen: 48683K->48683K(49152K)] 54827K->54078K(60416K), [Metaspace: 68354K->68354K(1112064K)], 0.0489508 secs] [Times: user=0.14 sys=0.00, real=0.05 secs] 
2021-03-14T19:33:17.848+0800: 4594.500: [Full GC (Ergonomics) [PSYoungGen: 6144K->5390K(11264K)] [ParOldGen: 48683K->48683K(49152K)] 54827K->54073K(60416K), [Metaspace: 68354K->68354K(1112064K)], 0.0487042 secs] [Times: user=0.15 sys=0.01, real=0.05 secs] 
2021-03-14T19:33:18.633+0800: 4595.284: [Full GC (Ergonomics) [PSYoungGen: 6144K->5397K(11264K)] [ParOldGen: 48683K->48683K(49152K)] 54827K->54081K(60416K), [Metaspace: 68354K->68354K(1112064K)], 0.0475412 secs] [Times: user=0.14 sys=0.00, real=0.05 secs] 
2021-03-14T19:33:18.704+0800: 4595.355: [Full GC (Ergonomics) [PSYoungGen: 6139K->5391K(11264K)] [ParOldGen: 48683K->48683K(49152K)] 54822K->54074K(60416K), [Metaspace: 68354K->68354K(1112064K)], 0.0478983 secs] [Times: user=0.15 sys=0.00, real=0.05 secs] 
2021-03-14T19:33:19.334+0800: 4595.985: [Full GC (Ergonomics) [PSYoungGen: 6144K->5395K(11264K)] [ParOldGen: 48683K->48683K(49152K)] 54827K->54078K(60416K), [Metaspace: 68354K->68354K(1112064K)], 0.0480747 secs] [Times: user=0.16 sys=0.00, real=0.05 secs] 
2021-03-14T19:33:20.450+0800: 4597.101: [Full GC (Ergonomics) [PSYoungGen: 6144K->5393K(11264K)] [ParOldGen: 48683K->48683K(49152K)] 54827K->54077K(60416K), [Metaspace: 68354K->68354K(1112064K)], 0.0463773 secs] [Times: user=0.15 sys=0.00, real=0.04 secs] 
2021-03-14T19:33:20.801+0800: 4597.453: [Full GC (Ergonomics) [PSYoungGen: 6141K->5402K(11264K)] [ParOldGen: 48683K->48683K(49152K)] 54824K->54085K(60416K), [Metaspace: 68354K->68354K(1112064K)], 0.0483073 secs] [Times: user=0.14 sys=0.00, real=0.05 secs] 
2021-03-14T19:33:21.095+0800: 4597.747: [Full GC (Ergonomics) [PSYoungGen: 6144K->5410K(11264K)] [ParOldGen: 48683K->48683K(49152K)] 54827K->54093K(60416K), [Metaspace: 68354K->68354K(1112064K)], 0.0482190 secs] [Times: user=0.15 sys=0.00, real=0.05 secs] 
2021-03-14T19:33:24.062+0800: 4600.713: [Full GC (Ergonomics) [PSYoungGen: 6144K->5395K(11264K)] [ParOldGen: 48683K->48683K(49152K)] 54827K->54079K(60416K), [Metaspace: 68354K->68354K(1112064K)], 0.0475110 secs] [Times: user=0.14 sys=0.00, real=0.05 secs] 
2021-03-14T19:33:25.807+0800: 4602.459: [Full GC (Ergonomics) [PSYoungGen: 6137K->5405K(11264K)] [ParOldGen: 48683K->48683K(49152K)] 54820K->54089K(60416K), [Metaspace: 68354K->68354K(1112064K)], 0.0476196 secs] [Times: user=0.15 sys=0.00, real=0.05 secs] 
2021-03-14T19:33:26.785+0800: 4603.437: [Full GC (Ergonomics) [PSYoungGen: 6144K->5399K(11264K)] [ParOldGen: 48683K->48683K(49152K)] 54827K->54083K(60416K), [Metaspace: 68354K->68354K(1112064K)], 0.0507057 secs] [Times: user=0.11 sys=0.01, real=0.05 secs] 
2021-03-14T19:33:28.239+0800: 4604.890: [Full GC (Ergonomics) [PSYoungGen: 6144K->5401K(11264K)] [ParOldGen: 48683K->48683K(49152K)] 54827K->54085K(60416K), [Metaspace: 68354K->68354K(1112064K)], 0.0514684 secs] [Times: user=0.14 sys=0.00, real=0.05 secs] 
2021-03-14T19:33:28.689+0800: 4605.340: [Full GC (Ergonomics) [PSYoungGen: 6144K->5413K(11264K)] [ParOldGen: 48683K->48683K(49152K)] 54827K->54097K(60416K), [Metaspace: 68354K->68354K(1112064K)], 0.0485358 secs] [Times: user=0.16 sys=0.00, real=0.04 secs] 
2021-03-14T19:33:28.741+0800: 4605.393: [Full GC (Ergonomics) [PSYoungGen: 6144K->5418K(11264K)] [ParOldGen: 48683K->48683K(49152K)] 54827K->54102K(60416K), [Metaspace: 68354K->68354K(1112064K)], 0.0474178 secs] [Times: user=0.14 sys=0.00, real=0.05 secs] 
2021-03-14T19:33:28.791+0800: 4605.443: [Full GC (Ergonomics) [PSYoungGen: 6130K->5432K(11264K)] [ParOldGen: 48683K->48683K(49152K)] 54814K->54116K(60416K), [Metaspace: 68354K->68354K(1112064K)], 0.0477838 secs] [Times: user=0.15 sys=0.00, real=0.05 secs] 
2021-03-14T19:33:29.399+0800: 4606.051: [Full GC (Ergonomics) [PSYoungGen: 6143K->5400K(11264K)] [ParOldGen: 48683K->48683K(49152K)] 54827K->54083K(60416K), [Metaspace: 68354K->68354K(1112064K)], 0.0503446 secs] [Times: user=0.12 sys=0.00, real=0.05 secs] 
2021-03-14T19:33:30.505+0800: 4607.157: [Full GC (Ergonomics) [PSYoungGen: 6137K->5409K(11264K)] [ParOldGen: 48683K->48683K(49152K)] 54821K->54093K(60416K), [Metaspace: 68354K->68354K(1112064K)], 0.0503362 secs] [Times: user=0.15 sys=0.00, real=0.05 secs] 
2021-03-14T19:33:30.887+0800: 4607.538: [Full GC (Ergonomics) [PSYoungGen: 6144K->5397K(11264K)] [ParOldGen: 48683K->48683K(49152K)] 54827K->54081K(60416K), [Metaspace: 68354K->68354K(1112064K)], 0.0507681 secs] [Times: user=0.14 sys=0.01, real=0.05 secs] 
2021-03-14T19:33:31.088+0800: 4607.740: [Full GC (Ergonomics) [PSYoungGen: 6143K->5422K(11264K)] [ParOldGen: 48683K->48683K(49152K)] 54827K->54106K(60416K), [Metaspace: 68354K->68354K(1112064K)], 0.0485472 secs] [Times: user=0.15 sys=0.00, real=0.05 secs] 
2021-03-14T19:33:33.941+0800: 4610.592: [Full GC (Ergonomics) [PSYoungGen: 6144K->5383K(11264K)] [ParOldGen: 48683K->48683K(49152K)] 54827K->54067K(60416K), [Metaspace: 68354K->68354K(1112064K)], 0.0541489 secs] [Times: user=0.12 sys=0.00, real=0.05 secs] 
2021-03-14T19:33:35.862+0800: 4612.513: [Full GC (Ergonomics) [PSYoungGen: 6144K->5392K(11264K)] [ParOldGen: 48683K->48683K(49152K)] 54827K->54075K(60416K), [Metaspace: 68354K->68354K(1112064K)], 0.0524057 secs] [Times: user=0.11 sys=0.00, real=0.05 secs] 
2021-03-14T19:33:36.854+0800: 4613.505: [Full GC (Ergonomics) [PSYoungGen: 6144K->5383K(11264K)] [ParOldGen: 48683K->48683K(49152K)] 54827K->54067K(60416K), [Metaspace: 68354K->68354K(1112064K)], 0.0512341 secs] [Times: user=0.12 sys=0.00, real=0.05 secs] 
2021-03-14T19:33:38.299+0800: 4614.950: [Full GC (Ergonomics) [PSYoungGen: 6144K->5397K(11264K)] [ParOldGen: 48683K->48683K(49152K)] 54827K->54080K(60416K), [Metaspace: 68354K->68354K(1112064K)], 0.0504679 secs] [Times: user=0.15 sys=0.00, real=0.05 secs] 
2021-03-14T19:33:38.704+0800: 4615.356: [Full GC (Ergonomics) [PSYoungGen: 6144K->5402K(11264K)] [ParOldGen: 48683K->48683K(49152K)] 54827K->54086K(60416K), [Metaspace: 68354K->68354K(1112064K)], 0.0481401 secs] [Times: user=0.15 sys=0.01, real=0.05 secs] 
2021-03-14T19:33:38.755+0800: 4615.407: [Full GC (Ergonomics) [PSYoungGen: 6144K->5462K(11264K)] [ParOldGen: 48683K->48683K(49152K)] 54827K->54146K(60416K), [Metaspace: 68354K->68354K(1112064K)], 0.0470458 secs] [Times: user=0.13 sys=0.01, real=0.05 secs] 
2021-03-14T19:33:39.466+0800: 4616.118: [Full GC (Ergonomics) [PSYoungGen: 6144K->5390K(11264K)] [ParOldGen: 48683K->48683K(49152K)] 54827K->54073K(60416K), [Metaspace: 68354K->68354K(1112064K)], 0.0479506 secs] [Times: user=0.15 sys=0.01, real=0.05 secs] 
2021-03-14T19:33:40.572+0800: 4617.223: [Full GC (Ergonomics) [PSYoungGen: 6137K->5394K(11264K)] [ParOldGen: 48683K->48683K(49152K)] 54821K->54078K(60416K), [Metaspace: 68354K->68354K(1112064K)], 0.0476440 secs] [Times: user=0.15 sys=0.00, real=0.05 secs] 
2021-03-14T19:33:40.853+0800: 4617.504: [Full GC (Ergonomics) [PSYoungGen: 6144K->5393K(11264K)] [ParOldGen: 48683K->48683K(49152K)] 54827K->54077K(60416K), [Metaspace: 68354K->68354K(1112064K)], 0.0485277 secs] [Times: user=0.15 sys=0.01, real=0.05 secs] 
2021-03-14T19:33:41.174+0800: 4617.826: [Full GC (Ergonomics) [PSYoungGen: 6139K->5386K(11264K)] [ParOldGen: 48683K->48683K(49152K)] 54823K->54069K(60416K), [Metaspace: 68354K->68354K(1112064K)], 0.0469494 secs] [Times: user=0.14 sys=0.00, real=0.05 secs] 
2021-03-14T19:33:44.547+0800: 4621.199: [Full GC (Ergonomics) [PSYoungGen: 6144K->5385K(11264K)] [ParOldGen: 48683K->48683K(49152K)] 54827K->54069K(60416K), [Metaspace: 68354K->68354K(1112064K)], 0.0503249 secs] [Times: user=0.17 sys=0.00, real=0.05 secs] 
2021-03-14T19:33:45.937+0800: 4622.588: [Full GC (Ergonomics) [PSYoungGen: 6144K->5394K(11264K)] [ParOldGen: 48683K->48683K(49152K)] 54827K->54078K(60416K), [Metaspace: 68354K->68354K(1112064K)], 0.0486715 secs] [Times: user=0.13 sys=0.00, real=0.05 secs] 
2021-03-14T19:33:46.970+0800: 4623.622: [Full GC (Ergonomics) [PSYoungGen: 6144K->5394K(11264K)] [ParOldGen: 48683K->48683K(49152K)] 54827K->54077K(60416K), [Metaspace: 68354K->68354K(1112064K)], 0.0474522 secs] [Times: user=0.14 sys=0.00, real=0.04 secs] 
2021-03-14T19:33:48.356+0800: 4625.007: [Full GC (Ergonomics) [PSYoungGen: 6144K->5392K(11264K)] [ParOldGen: 48683K->48683K(49152K)] 54827K->54075K(60416K), [Metaspace: 68354K->68354K(1112064K)], 0.0468610 secs] [Times: user=0.14 sys=0.00, real=0.05 secs] 
2021-03-14T19:33:48.704+0800: 4625.355: [Full GC (Ergonomics) [PSYoungGen: 6144K->5410K(11264K)] [ParOldGen: 48683K->48683K(49152K)] 54827K->54094K(60416K), [Metaspace: 68354K->68354K(1112064K)], 0.0501951 secs] [Times: user=0.15 sys=0.00, real=0.05 secs] 
2021-03-14T19:33:48.757+0800: 4625.409: [Full GC (Ergonomics) [PSYoungGen: 6144K->5430K(11264K)] [ParOldGen: 48683K->48683K(49152K)] 54827K->54113K(60416K), [Metaspace: 68354K->68354K(1112064K)], 0.0457857 secs] [Times: user=0.13 sys=0.01, real=0.05 secs] 
2021-03-14T19:33:48.817+0800: 4625.468: [Full GC (Ergonomics) [PSYoungGen: 6144K->5393K(11264K)] [ParOldGen: 48683K->48683K(49152K)] 54827K->54076K(60416K), [Metaspace: 68354K->68354K(1112064K)], 0.0472030 secs] [Times: user=0.14 sys=0.00, real=0.05 secs] 
2021-03-14T19:33:49.521+0800: 4626.173: [Full GC (Ergonomics) [PSYoungGen: 6144K->5389K(11264K)] [ParOldGen: 48683K->48683K(49152K)] 54827K->54073K(60416K), [Metaspace: 68354K->68354K(1112064K)], 0.0464358 secs] [Times: user=0.14 sys=0.01, real=0.04 secs] 
2021-03-14T19:33:50.648+0800: 4627.299: [Full GC (Ergonomics) [PSYoungGen: 6141K->5403K(11264K)] [ParOldGen: 48683K->48683K(49152K)] 54824K->54086K(60416K), [Metaspace: 68354K->68354K(1112064K)], 0.0470532 secs] [Times: user=0.15 sys=0.00, real=0.05 secs] 
2021-03-14T19:33:50.858+0800: 4627.510: [Full GC (Ergonomics) [PSYoungGen: 6144K->5385K(11264K)] [ParOldGen: 48683K->48683K(49152K)] 54827K->54068K(60416K), [Metaspace: 68354K->68354K(1112064K)], 0.0484669 secs] [Times: user=0.16 sys=0.01, real=0.05 secs] 
2021-03-14T19:33:51.789+0800: 4628.441: [Full GC (Ergonomics) [PSYoungGen: 6144K->5384K(11264K)] [ParOldGen: 48683K->48683K(49152K)] 54827K->54068K(60416K), [Metaspace: 68354K->68354K(1112064K)], 0.0497191 secs] [Times: user=0.13 sys=0.01, real=0.05 secs] 
2021-03-14T19:33:54.156+0800: 4630.808: [Full GC (Ergonomics) [PSYoungGen: 6144K->5395K(11264K)] [ParOldGen: 48683K->48683K(49152K)] 54827K->54078K(60416K), [Metaspace: 68354K->68354K(1112064K)], 0.0502550 secs] [Times: user=0.15 sys=0.01, real=0.05 secs] 
2021-03-14T19:33:55.992+0800: 4632.644: [Full GC (Ergonomics) [PSYoungGen: 6144K->5392K(11264K)] [ParOldGen: 48683K->48683K(49152K)] 54827K->54076K(60416K), [Metaspace: 68354K->68354K(1112064K)], 0.0488348 secs] [Times: user=0.16 sys=0.00, real=0.05 secs] 
2021-03-14T19:33:56.952+0800: 4633.603: [Full GC (Ergonomics) [PSYoungGen: 6144K->5389K(11264K)] [ParOldGen: 48683K->48683K(49152K)] 54827K->54072K(60416K), [Metaspace: 68354K->68354K(1112064K)], 0.0503815 secs] [Times: user=0.12 sys=0.00, real=0.05 secs] 
2021-03-14T19:33:58.411+0800: 4635.062: [Full GC (Ergonomics) [PSYoungGen: 6144K->5398K(11264K)] [ParOldGen: 48683K->48683K(49152K)] 54827K->54082K(60416K), [Metaspace: 68354K->68354K(1112064K)], 0.0490177 secs] [Times: user=0.13 sys=0.00, real=0.05 secs] 
2021-03-14T19:33:58.702+0800: 4635.354: [Full GC (Ergonomics) [PSYoungGen: 6128K->5404K(11264K)] [ParOldGen: 48683K->48683K(49152K)] 54811K->54088K(60416K), [Metaspace: 68354K->68354K(1112064K)], 0.0486033 secs] [Times: user=0.16 sys=0.00, real=0.05 secs] 
2021-03-14T19:33:58.813+0800: 4635.465: [Full GC (Ergonomics) [PSYoungGen: 6143K->5407K(11264K)] [ParOldGen: 48683K->48683K(49152K)] 54826K->54091K(60416K), [Metaspace: 68354K->68354K(1112064K)], 0.0469115 secs] [Times: user=0.14 sys=0.00, real=0.05 secs] 
2021-03-14T19:33:59.574+0800: 4636.226: [Full GC (Ergonomics) [PSYoungGen: 6144K->5398K(11264K)] [ParOldGen: 48683K->48683K(49152K)] 54827K->54082K(60416K), [Metaspace: 68354K->68354K(1112064K)], 0.0473130 secs] [Times: user=0.15 sys=0.00, real=0.05 secs] 
2021-03-14T19:34:00.707+0800: 4637.359: [Full GC (Ergonomics) [PSYoungGen: 6144K->5390K(11264K)] [ParOldGen: 48683K->48683K(49152K)] 54827K->54073K(60416K), [Metaspace: 68354K->68354K(1112064K)], 0.0508036 secs] [Times: user=0.12 sys=0.00, real=0.05 secs] 
2021-03-14T19:34:00.843+0800: 4637.495: [Full GC (Ergonomics) [PSYoungGen: 6144K->5395K(11264K)] [ParOldGen: 48683K->48683K(49152K)] 54827K->54079K(60416K), [Metaspace: 68354K->68354K(1112064K)], 0.0475284 secs] [Times: user=0.14 sys=0.00, real=0.05 secs] 
2021-03-14T19:34:02.352+0800: 4639.003: [Full GC (Ergonomics) [PSYoungGen: 6144K->5388K(11264K)] [ParOldGen: 48683K->48683K(49152K)] 54827K->54072K(60416K), [Metaspace: 68354K->68354K(1112064K)], 0.0481580 secs] [Times: user=0.15 sys=0.01, real=0.05 secs] 
2021-03-14T19:34:04.623+0800: 4641.275: [Full GC (Ergonomics) [PSYoungGen: 6144K->5385K(11264K)] [ParOldGen: 48683K->48683K(49152K)] 54827K->54068K(60416K), [Metaspace: 68354K->68354K(1112064K)], 0.0500567 secs] [Times: user=0.14 sys=0.01, real=0.05 secs] 
2021-03-14T19:34:06.355+0800: 4643.007: [Full GC (Ergonomics) [PSYoungGen: 6144K->5385K(11264K)] [ParOldGen: 48683K->48683K(49152K)] 54827K->54069K(60416K), [Metaspace: 68354K->68354K(1112064K)], 0.0481805 secs] [Times: user=0.16 sys=0.01, real=0.05 secs] 
2021-03-14T19:34:07.570+0800: 4644.221: [Full GC (Ergonomics) [PSYoungGen: 6144K->5396K(11264K)] [ParOldGen: 48683K->48683K(49152K)] 54827K->54080K(60416K), [Metaspace: 68354K->68354K(1112064K)], 0.0512909 secs] [Times: user=0.16 sys=0.00, real=0.05 secs] 
2021-03-14T19:34:08.474+0800: 4645.126: [Full GC (Ergonomics) [PSYoungGen: 6144K->5396K(11264K)] [ParOldGen: 48683K->48683K(49152K)] 54827K->54080K(60416K), [Metaspace: 68354K->68354K(1112064K)], 0.0488045 secs] [Times: user=0.15 sys=0.01, real=0.05 secs] 
2021-03-14T19:34:08.713+0800: 4645.365: [Full GC (Ergonomics) [PSYoungGen: 6144K->5402K(11264K)] [ParOldGen: 48683K->48683K(49152K)] 54827K->54085K(60416K), [Metaspace: 68354K->68354K(1112064K)], 0.0518909 secs] [Times: user=0.16 sys=0.01, real=0.05 secs] 
2021-03-14T19:34:08.768+0800: 4645.419: [Full GC (Ergonomics) [PSYoungGen: 6143K->5412K(11264K)] [ParOldGen: 48683K->48683K(49152K)] 54827K->54095K(60416K), [Metaspace: 68354K->68354K(1112064K)], 0.0461219 secs] [Times: user=0.14 sys=0.01, real=0.05 secs] 
2021-03-14T19:34:08.890+0800: 4645.541: [Full GC (Ergonomics) [PSYoungGen: 6136K->5426K(11264K)] [ParOldGen: 48683K->48683K(49152K)] 54820K->54110K(60416K), [Metaspace: 68354K->68354K(1112064K)], 0.0484231 secs] [Times: user=0.13 sys=0.00, real=0.04 secs] 
2021-03-14T19:34:09.953+0800: 4646.604: [Full GC (Ergonomics) [PSYoungGen: 6144K->5398K(11264K)] [ParOldGen: 48683K->48683K(49152K)] 54827K->54081K(60416K), [Metaspace: 68354K->68354K(1112064K)], 0.0502734 secs] [Times: user=0.11 sys=0.00, real=0.05 secs] 
2021-03-14T19:34:10.828+0800: 4647.480: [Full GC (Ergonomics) [PSYoungGen: 6144K->5382K(11264K)] [ParOldGen: 48683K->48683K(49152K)] 54827K->54065K(60416K), [Metaspace: 68354K->68354K(1112064K)], 0.0483292 secs] [Times: user=0.12 sys=0.00, real=0.05 secs] 
2021-03-14T19:34:10.962+0800: 4647.614: [Full GC (Ergonomics) [PSYoungGen: 6144K->5393K(11264K)] [ParOldGen: 48683K->48683K(49152K)] 54827K->54077K(60416K), [Metaspace: 68354K->68354K(1112064K)], 0.0480930 secs] [Times: user=0.16 sys=0.00, real=0.05 secs] 
2021-03-14T19:34:12.930+0800: 4649.581: [Full GC (Ergonomics) [PSYoungGen: 6144K->5383K(11264K)] [ParOldGen: 48683K->48683K(49152K)] 54827K->54067K(60416K), [Metaspace: 68354K->68354K(1112064K)], 0.0495969 secs] [Times: user=0.14 sys=0.00, real=0.05 secs] 
2021-03-14T19:34:15.786+0800: 4652.437: [Full GC (Ergonomics) [PSYoungGen: 6144K->5390K(11264K)] [ParOldGen: 48683K->48683K(49152K)] 54827K->54074K(60416K), [Metaspace: 68354K->68354K(1112064K)], 0.0501421 secs] [Times: user=0.14 sys=0.00, real=0.05 secs] 
2021-03-14T19:34:16.278+0800: 4652.930: [Full GC (Ergonomics) [PSYoungGen: 6144K->5396K(11264K)] [ParOldGen: 48683K->48683K(49152K)] 54827K->54079K(60416K), [Metaspace: 68354K->68354K(1112064K)], 0.0504269 secs] [Times: user=0.12 sys=0.01, real=0.06 secs] 
2021-03-14T19:34:17.629+0800: 4654.280: [Full GC (Ergonomics) [PSYoungGen: 6144K->5383K(11264K)] [ParOldGen: 48683K->48683K(49152K)] 54827K->54067K(60416K), [Metaspace: 68354K->68354K(1112064K)], 0.0518246 secs] [Times: user=0.13 sys=0.01, real=0.05 secs] 
2021-03-14T19:34:18.538+0800: 4655.190: [Full GC (Ergonomics) [PSYoungGen: 6144K->5381K(11264K)] [ParOldGen: 48683K->48683K(49152K)] 54827K->54064K(60416K), [Metaspace: 68354K->68354K(1112064K)], 0.0480153 secs] [Times: user=0.15 sys=0.00, real=0.05 secs] 
2021-03-14T19:34:18.706+0800: 4655.357: [Full GC (Ergonomics) [PSYoungGen: 6144K->5402K(11264K)] [ParOldGen: 48683K->48683K(49152K)] 54827K->54086K(60416K), [Metaspace: 68354K->68354K(1112064K)], 0.0485172 secs] [Times: user=0.15 sys=0.00, real=0.05 secs] 
2021-03-14T19:34:18.950+0800: 4655.602: [Full GC (Ergonomics) [PSYoungGen: 6144K->5414K(11264K)] [ParOldGen: 48683K->48683K(49152K)] 54827K->54097K(60416K), [Metaspace: 68354K->68354K(1112064K)], 0.0492868 secs] [Times: user=0.15 sys=0.00, real=0.05 secs] 
2021-03-14T19:34:20.025+0800: 4656.677: [Full GC (Ergonomics) [PSYoungGen: 6144K->5387K(11264K)] [ParOldGen: 48683K->48683K(49152K)] 54827K->54071K(60416K), [Metaspace: 68354K->68354K(1112064K)], 0.0509907 secs] [Times: user=0.13 sys=0.01, real=0.05 secs] 
2021-03-14T19:34:20.807+0800: 4657.458: [Full GC (Ergonomics) [PSYoungGen: 6141K->5402K(11264K)] [ParOldGen: 48683K->48683K(49152K)] 54824K->54085K(60416K), [Metaspace: 68354K->68354K(1112064K)], 0.0484128 secs] [Times: user=0.16 sys=0.00, real=0.05 secs] 
2021-03-14T19:34:21.192+0800: 4657.843: [Full GC (Ergonomics) [PSYoungGen: 6144K->5383K(11264K)] [ParOldGen: 48683K->48683K(49152K)] 54827K->54067K(60416K), [Metaspace: 68354K->68354K(1112064K)], 0.0476678 secs] [Times: user=0.14 sys=0.00, real=0.05 secs] 
2021-03-14T19:34:22.994+0800: 4659.646: [Full GC (Ergonomics) [PSYoungGen: 6143K->5403K(11264K)] [ParOldGen: 48683K->48683K(49152K)] 54826K->54087K(60416K), [Metaspace: 68354K->68354K(1112064K)], 0.0499756 secs] [Times: user=0.16 sys=0.00, real=0.05 secs] 
2021-03-14T19:34:25.874+0800: 4662.526: [Full GC (Ergonomics) [PSYoungGen: 6144K->5403K(11264K)] [ParOldGen: 48683K->48683K(49152K)] 54827K->54086K(60416K), [Metaspace: 68354K->68354K(1112064K)], 0.0487880 secs] [Times: user=0.16 sys=0.00, real=0.05 secs] 
2021-03-14T19:34:26.441+0800: 4663.093: [Full GC (Ergonomics) [PSYoungGen: 6144K->5389K(11264K)] [ParOldGen: 48683K->48683K(49152K)] 54827K->54073K(60416K), [Metaspace: 68354K->68354K(1112064K)], 0.0550210 secs] [Times: user=0.16 sys=0.00, real=0.05 secs] 
2021-03-14T19:34:27.688+0800: 4664.340: [Full GC (Ergonomics) [PSYoungGen: 6144K->5402K(11264K)] [ParOldGen: 48683K->48683K(49152K)] 54827K->54086K(60416K), [Metaspace: 68354K->68354K(1112064K)], 0.0497685 secs] [Times: user=0.12 sys=0.01, real=0.05 secs] 
2021-03-14T19:34:28.612+0800: 4665.264: [Full GC (Ergonomics) [PSYoungGen: 6139K->5396K(11264K)] [ParOldGen: 48683K->48683K(49152K)] 54822K->54079K(60416K), [Metaspace: 68354K->68354K(1112064K)], 0.0512967 secs] [Times: user=0.17 sys=0.00, real=0.05 secs] 
2021-03-14T19:34:28.705+0800: 4665.356: [Full GC (Ergonomics) [PSYoungGen: 6138K->5413K(11264K)] [ParOldGen: 48683K->48683K(49152K)] 54821K->54096K(60416K), [Metaspace: 68354K->68354K(1112064K)], 0.0487748 secs] [Times: user=0.14 sys=0.00, real=0.05 secs] 
2021-03-14T19:34:28.756+0800: 4665.407: [Full GC (Ergonomics) [PSYoungGen: 6144K->5431K(11264K)] [ParOldGen: 48683K->48683K(49152K)] 54827K->54115K(60416K), [Metaspace: 68354K->68354K(1112064K)], 0.0477239 secs] [Times: user=0.15 sys=0.00, real=0.05 secs] 
2021-03-14T19:34:29.010+0800: 4665.662: [Full GC (Ergonomics) [PSYoungGen: 6144K->5421K(11264K)] [ParOldGen: 48683K->48683K(49152K)] 54827K->54105K(60416K), [Metaspace: 68354K->68354K(1112064K)], 0.0494339 secs] [Times: user=0.15 sys=0.00, real=0.05 secs] 
2021-03-14T19:34:30.082+0800: 4666.734: [Full GC (Ergonomics) [PSYoungGen: 6144K->5391K(11264K)] [ParOldGen: 48683K->48683K(49152K)] 54827K->54075K(60416K), [Metaspace: 68354K->68354K(1112064K)], 0.0485342 secs] [Times: user=0.14 sys=0.00, real=0.05 secs] 
2021-03-14T19:34:30.802+0800: 4667.453: [Full GC (Ergonomics) [PSYoungGen: 6144K->5405K(11264K)] [ParOldGen: 48683K->48683K(49152K)] 54827K->54089K(60416K), [Metaspace: 68354K->68354K(1112064K)], 0.0474285 secs] [Times: user=0.15 sys=0.00, real=0.05 secs] 
2021-03-14T19:34:31.023+0800: 4667.674: [Full GC (Ergonomics) [PSYoungGen: 6144K->5395K(11264K)] [ParOldGen: 48683K->48683K(49152K)] 54827K->54079K(60416K), [Metaspace: 68354K->68354K(1112064K)], 0.0491887 secs] [Times: user=0.16 sys=0.01, real=0.05 secs] 
2021-03-14T19:34:33.057+0800: 4669.709: [Full GC (Ergonomics) [PSYoungGen: 6144K->5396K(11264K)] [ParOldGen: 48683K->48683K(49152K)] 54827K->54080K(60416K), [Metaspace: 68354K->68354K(1112064K)], 0.0505256 secs] [Times: user=0.14 sys=0.00, real=0.05 secs] 
2021-03-14T19:34:35.936+0800: 4672.587: [Full GC (Ergonomics) [PSYoungGen: 6144K->5391K(11264K)] [ParOldGen: 48683K->48683K(49152K)] 54827K->54074K(60416K), [Metaspace: 68354K->68354K(1112064K)], 0.0502519 secs] [Times: user=0.13 sys=0.01, real=0.05 secs] 
2021-03-14T19:34:36.518+0800: 4673.169: [Full GC (Ergonomics) [PSYoungGen: 6144K->5397K(11264K)] [ParOldGen: 48683K->48683K(49152K)] 54827K->54080K(60416K), [Metaspace: 68354K->68354K(1112064K)], 0.0520041 secs] [Times: user=0.14 sys=0.00, real=0.06 secs] 
2021-03-14T19:34:37.851+0800: 4674.503: [Full GC (Ergonomics) [PSYoungGen: 6144K->5394K(11264K)] [ParOldGen: 48683K->48683K(49152K)] 54827K->54078K(60416K), [Metaspace: 68354K->68354K(1112064K)], 0.0487649 secs] [Times: user=0.15 sys=0.00, real=0.05 secs] 
2021-03-14T19:34:38.704+0800: 4675.356: [Full GC (Ergonomics) [PSYoungGen: 6144K->5385K(11264K)] [ParOldGen: 48683K->48683K(49152K)] 54827K->54069K(60416K), [Metaspace: 68354K->68354K(1112064K)], 0.0483865 secs] [Times: user=0.14 sys=0.00, real=0.05 secs] 
2021-03-14T19:34:38.755+0800: 4675.406: [Full GC (Ergonomics) [PSYoungGen: 6144K->5429K(11264K)] [ParOldGen: 48683K->48683K(49152K)] 54827K->54113K(60416K), [Metaspace: 68354K->68354K(1112064K)], 0.0484880 secs] [Times: user=0.15 sys=0.00, real=0.05 secs] 
2021-03-14T19:34:39.148+0800: 4675.800: [Full GC (Ergonomics) [PSYoungGen: 6144K->5383K(11264K)] [ParOldGen: 48683K->48683K(49152K)] 54827K->54066K(60416K), [Metaspace: 68354K->68354K(1112064K)], 0.0488366 secs] [Times: user=0.15 sys=0.01, real=0.05 secs] 
2021-03-14T19:34:40.368+0800: 4677.020: [Full GC (Ergonomics) [PSYoungGen: 6144K->5381K(11264K)] [ParOldGen: 48683K->48683K(49152K)] 54827K->54064K(60416K), [Metaspace: 68354K->68354K(1112064K)], 0.0486449 secs] [Times: user=0.16 sys=0.00, real=0.05 secs] 
2021-03-14T19:34:40.879+0800: 4677.531: [Full GC (Ergonomics) [PSYoungGen: 6144K->5394K(11264K)] [ParOldGen: 48683K->48683K(49152K)] 54827K->54078K(60416K), [Metaspace: 68354K->68354K(1112064K)], 0.0469083 secs] [Times: user=0.15 sys=0.00, real=0.04 secs] 
2021-03-14T19:34:41.256+0800: 4677.908: [Full GC (Ergonomics) [PSYoungGen: 6144K->5383K(11264K)] [ParOldGen: 48683K->48683K(49152K)] 54827K->54067K(60416K), [Metaspace: 68354K->68354K(1112064K)], 0.0494393 secs] [Times: user=0.14 sys=0.00, real=0.05 secs] 
2021-03-14T19:34:43.513+0800: 4680.165: [Full GC (Ergonomics) [PSYoungGen: 6136K->5397K(11264K)] [ParOldGen: 48683K->48683K(49152K)] 54820K->54080K(60416K), [Metaspace: 68354K->68354K(1112064K)], 0.0482230 secs] [Times: user=0.15 sys=0.00, real=0.05 secs] 
2021-03-14T19:34:46.010+0800: 4682.662: [Full GC (Ergonomics) [PSYoungGen: 6144K->5388K(11264K)] [ParOldGen: 48683K->48683K(49152K)] 54827K->54071K(60416K), [Metaspace: 68354K->68354K(1112064K)], 0.0465877 secs] [Times: user=0.14 sys=0.00, real=0.04 secs] 
2021-03-14T19:34:46.697+0800: 4683.349: [Full GC (Ergonomics) [PSYoungGen: 6144K->5393K(11264K)] [ParOldGen: 48683K->48683K(49152K)] 54827K->54076K(60416K), [Metaspace: 68354K->68354K(1112064K)], 0.0493248 secs] [Times: user=0.12 sys=0.00, real=0.05 secs] 
2021-03-14T19:34:47.913+0800: 4684.565: [Full GC (Ergonomics) [PSYoungGen: 6144K->5391K(11264K)] [ParOldGen: 48683K->48683K(49152K)] 54827K->54074K(60416K), [Metaspace: 68354K->68354K(1112064K)], 0.0491841 secs] [Times: user=0.12 sys=0.00, real=0.05 secs] 
2021-03-14T19:34:48.703+0800: 4685.355: [Full GC (Ergonomics) [PSYoungGen: 6144K->5402K(11264K)] [ParOldGen: 48683K->48683K(49152K)] 54827K->54086K(60416K), [Metaspace: 68354K->68354K(1112064K)], 0.0479495 secs] [Times: user=0.15 sys=0.00, real=0.05 secs] 
2021-03-14T19:34:48.753+0800: 4685.405: [Full GC (Ergonomics) [PSYoungGen: 6144K->5439K(11264K)] [ParOldGen: 48683K->48683K(49152K)] 54827K->54122K(60416K), [Metaspace: 68354K->68354K(1112064K)], 0.0467480 secs] [Times: user=0.14 sys=0.00, real=0.05 secs] 
2021-03-14T19:34:48.803+0800: 4685.454: [Full GC (Ergonomics) [PSYoungGen: 6142K->5430K(11264K)] [ParOldGen: 48683K->48683K(49152K)] 54826K->54113K(60416K), [Metaspace: 68354K->68354K(1112064K)], 0.0475859 secs] [Times: user=0.13 sys=0.00, real=0.05 secs] 
2021-03-14T19:34:49.310+0800: 4685.962: [Full GC (Ergonomics) [PSYoungGen: 6144K->5382K(11264K)] [ParOldGen: 48683K->48683K(49152K)] 54827K->54065K(60416K), [Metaspace: 68354K->68354K(1112064K)], 0.0503664 secs] [Times: user=0.12 sys=0.00, real=0.05 secs] 
2021-03-14T19:34:50.434+0800: 4687.086: [Full GC (Ergonomics) [PSYoungGen: 6144K->5394K(11264K)] [ParOldGen: 48683K->48683K(49152K)] 54827K->54077K(60416K), [Metaspace: 68354K->68354K(1112064K)], 0.0513836 secs] [Times: user=0.13 sys=0.00, real=0.05 secs] 
2021-03-14T19:34:50.909+0800: 4687.561: [Full GC (Ergonomics) [PSYoungGen: 6144K->5408K(11264K)] [ParOldGen: 48683K->48683K(49152K)] 54827K->54091K(60416K), [Metaspace: 68354K->68354K(1112064K)], 0.0494805 secs] [Times: user=0.15 sys=0.00, real=0.05 secs] 
2021-03-14T19:34:51.320+0800: 4687.971: [Full GC (Ergonomics) [PSYoungGen: 6144K->5400K(11264K)] [ParOldGen: 48683K->48683K(49152K)] 54827K->54084K(60416K), [Metaspace: 68354K->68354K(1112064K)], 0.0479055 secs] [Times: user=0.15 sys=0.00, real=0.04 secs] 
2021-03-14T19:34:53.586+0800: 4690.238: [Full GC (Ergonomics) [PSYoungGen: 6143K->5387K(11264K)] [ParOldGen: 48683K->48683K(49152K)] 54827K->54071K(60416K), [Metaspace: 68354K->68354K(1112064K)], 0.0469154 secs] [Times: user=0.15 sys=0.00, real=0.05 secs] 
2021-03-14T19:34:56.020+0800: 4692.672: [Full GC (Ergonomics) [PSYoungGen: 6141K->5397K(11264K)] [ParOldGen: 48683K->48683K(49152K)] 54824K->54081K(60416K), [Metaspace: 68354K->68354K(1112064K)], 0.0483787 secs] [Times: user=0.15 sys=0.00, real=0.04 secs] 
2021-03-14T19:34:56.581+0800: 4693.232: [Full GC (Ergonomics) [PSYoungGen: 6144K->5400K(11264K)] [ParOldGen: 48683K->48683K(49152K)] 54827K->54084K(60416K), [Metaspace: 68354K->68354K(1112064K)], 0.0517136 secs] [Times: user=0.16 sys=0.00, real=0.05 secs] 
2021-03-14T19:34:57.775+0800: 4694.426: [Full GC (Ergonomics) [PSYoungGen: 6143K->5401K(11264K)] [ParOldGen: 48683K->48683K(49152K)] 54827K->54085K(60416K), [Metaspace: 68354K->68354K(1112064K)], 0.0479129 secs] [Times: user=0.14 sys=0.00, real=0.05 secs] 
2021-03-14T19:34:58.704+0800: 4695.355: [Full GC (Ergonomics) [PSYoungGen: 6144K->5395K(11264K)] [ParOldGen: 48683K->48683K(49152K)] 54827K->54078K(60416K), [Metaspace: 68354K->68354K(1112064K)], 0.0470357 secs] [Times: user=0.15 sys=0.00, real=0.05 secs] 
2021-03-14T19:34:58.753+0800: 4695.404: [Full GC (Ergonomics) [PSYoungGen: 6144K->5407K(11264K)] [ParOldGen: 48683K->48683K(49152K)] 54827K->54090K(60416K), [Metaspace: 68354K->68354K(1112064K)], 0.0483718 secs] [Times: user=0.14 sys=0.00, real=0.05 secs] 
2021-03-14T19:34:59.096+0800: 4695.748: [Full GC (Ergonomics) [PSYoungGen: 6144K->5413K(11264K)] [ParOldGen: 48683K->48683K(49152K)] 54827K->54096K(60416K), [Metaspace: 68354K->68354K(1112064K)], 0.0487667 secs] [Times: user=0.15 sys=0.00, real=0.05 secs] 
2021-03-14T19:35:00.179+0800: 4696.830: [Full GC (Ergonomics) [PSYoungGen: 6144K->5397K(11264K)] [ParOldGen: 48683K->48683K(49152K)] 54827K->54080K(60416K), [Metaspace: 68354K->68354K(1112064K)], 0.0491243 secs] [Times: user=0.14 sys=0.00, real=0.04 secs] 
2021-03-14T19:35:00.873+0800: 4697.524: [Full GC (Ergonomics) [PSYoungGen: 6144K->5396K(11264K)] [ParOldGen: 48683K->48683K(49152K)] 54827K->54079K(60416K), [Metaspace: 68354K->68354K(1112064K)], 0.0471574 secs] [Times: user=0.15 sys=0.01, real=0.05 secs] 
2021-03-14T19:35:01.393+0800: 4698.045: [Full GC (Ergonomics) [PSYoungGen: 6144K->5398K(11264K)] [ParOldGen: 48683K->48683K(49152K)] 54827K->54082K(60416K), [Metaspace: 68354K->68354K(1112064K)], 0.0478971 secs] [Times: user=0.14 sys=0.00, real=0.05 secs] 
2021-03-14T19:35:03.645+0800: 4700.297: [Full GC (Ergonomics) [PSYoungGen: 6144K->5389K(11264K)] [ParOldGen: 48683K->48683K(49152K)] 54827K->54072K(60416K), [Metaspace: 68354K->68354K(1112064K)], 0.0516135 secs] [Times: user=0.12 sys=0.00, real=0.05 secs] 
2021-03-14T19:35:06.082+0800: 4702.734: [Full GC (Ergonomics) [PSYoungGen: 6139K->5404K(11264K)] [ParOldGen: 48683K->48683K(49152K)] 54823K->54087K(60416K), [Metaspace: 68354K->68354K(1112064K)], 0.0502558 secs] [Times: user=0.15 sys=0.00, real=0.05 secs] 
2021-03-14T19:35:06.771+0800: 4703.422: [Full GC (Ergonomics) [PSYoungGen: 6144K->5396K(11264K)] [ParOldGen: 48683K->48683K(49152K)] 54827K->54080K(60416K), [Metaspace: 68354K->68354K(1112064K)], 0.0476955 secs] [Times: user=0.13 sys=0.00, real=0.04 secs] 
2021-03-14T19:35:08.152+0800: 4704.804: [Full GC (Ergonomics) [PSYoungGen: 6144K->5382K(11264K)] [ParOldGen: 48683K->48683K(49152K)] 54827K->54065K(60416K), [Metaspace: 68354K->68354K(1112064K)], 0.0508817 secs] [Times: user=0.13 sys=0.01, real=0.05 secs] 
2021-03-14T19:35:08.704+0800: 4705.355: [Full GC (Ergonomics) [PSYoungGen: 6144K->5388K(11264K)] [ParOldGen: 48683K->48683K(49152K)] 54827K->54072K(60416K), [Metaspace: 68354K->68354K(1112064K)], 0.0489666 secs] [Times: user=0.14 sys=0.00, real=0.05 secs] 
2021-03-14T19:35:08.755+0800: 4705.406: [Full GC (Ergonomics) [PSYoungGen: 6143K->5458K(11264K)] [ParOldGen: 48683K->48683K(49152K)] 54826K->54141K(60416K), [Metaspace: 68354K->68354K(1112064K)], 0.0472130 secs] [Times: user=0.13 sys=0.01, real=0.05 secs] 
2021-03-14T19:35:08.814+0800: 4705.465: [Full GC (Ergonomics) [PSYoungGen: 6144K->5395K(11264K)] [ParOldGen: 48683K->48683K(49152K)] 54827K->54079K(60416K), [Metaspace: 68354K->68354K(1112064K)], 0.0481611 secs] [Times: user=0.14 sys=0.00, real=0.05 secs] 
2021-03-14T19:35:09.594+0800: 4706.245: [Full GC (Ergonomics) [PSYoungGen: 6143K->5388K(11264K)] [ParOldGen: 48683K->48683K(49152K)] 54827K->54071K(60416K), [Metaspace: 68354K->68354K(1112064K)], 0.0497429 secs] [Times: user=0.13 sys=0.00, real=0.05 secs] 
2021-03-14T19:35:10.510+0800: 4707.162: [Full GC (Ergonomics) [PSYoungGen: 6143K->5410K(11264K)] [ParOldGen: 48683K->48683K(49152K)] 54827K->54094K(60416K), [Metaspace: 68354K->68354K(1112064K)], 0.0481803 secs] [Times: user=0.15 sys=0.00, real=0.05 secs] 
2021-03-14T19:35:10.865+0800: 4707.517: [Full GC (Ergonomics) [PSYoungGen: 6136K->5395K(11264K)] [ParOldGen: 48683K->48683K(49152K)] 54820K->54078K(60416K), [Metaspace: 68354K->68354K(1112064K)], 0.0486521 secs] [Times: user=0.14 sys=0.00, real=0.05 secs] 
2021-03-14T19:35:11.248+0800: 4707.900: [Full GC (Ergonomics) [PSYoungGen: 6144K->5382K(11264K)] [ParOldGen: 48683K->48683K(49152K)] 54827K->54066K(60416K), [Metaspace: 68354K->68354K(1112064K)], 0.0546764 secs] [Times: user=0.15 sys=0.00, real=0.06 secs] 
2021-03-14T19:35:13.709+0800: 4710.361: [Full GC (Ergonomics) [PSYoungGen: 6143K->5404K(11264K)] [ParOldGen: 48683K->48683K(49152K)] 54826K->54087K(60416K), [Metaspace: 68354K->68354K(1112064K)], 0.0502799 secs] [Times: user=0.14 sys=0.00, real=0.05 secs] 
2021-03-14T19:35:16.145+0800: 4712.797: [Full GC (Ergonomics) [PSYoungGen: 6144K->5388K(11264K)] [ParOldGen: 48683K->48683K(49152K)] 54827K->54072K(60416K), [Metaspace: 68354K->68354K(1112064K)], 0.0481354 secs] [Times: user=0.15 sys=0.00, real=0.05 secs] 
2021-03-14T19:35:16.646+0800: 4713.297: [Full GC (Ergonomics) [PSYoungGen: 6143K->5410K(11264K)] [ParOldGen: 48683K->48683K(49152K)] 54827K->54094K(60416K), [Metaspace: 68354K->68354K(1112064K)], 0.0492975 secs] [Times: user=0.16 sys=0.01, real=0.05 secs] 
2021-03-14T19:35:18.003+0800: 4714.654: [Full GC (Ergonomics) [PSYoungGen: 6144K->5392K(11264K)] [ParOldGen: 48683K->48683K(49152K)] 54827K->54076K(60416K), [Metaspace: 68354K->68354K(1112064K)], 0.0520127 secs] [Times: user=0.14 sys=0.01, real=0.05 secs] 
2021-03-14T19:35:18.706+0800: 4715.357: [Full GC (Ergonomics) [PSYoungGen: 6139K->5401K(11264K)] [ParOldGen: 48683K->48683K(49152K)] 54823K->54084K(60416K), [Metaspace: 68354K->68354K(1112064K)], 0.0501403 secs] [Times: user=0.13 sys=0.01, real=0.05 secs] 
2021-03-14T19:35:18.822+0800: 4715.473: [Full GC (Ergonomics) [PSYoungGen: 6144K->5391K(11264K)] [ParOldGen: 48683K->48683K(49152K)] 54827K->54074K(60416K), [Metaspace: 68354K->68354K(1112064K)], 0.0484432 secs] [Times: user=0.15 sys=0.00, real=0.05 secs] 
2021-03-14T19:35:19.434+0800: 4716.085: [Full GC (Ergonomics) [PSYoungGen: 6144K->5385K(11264K)] [ParOldGen: 48683K->48683K(49152K)] 54827K->54068K(60416K), [Metaspace: 68354K->68354K(1112064K)], 0.0562297 secs] [Times: user=0.14 sys=0.00, real=0.06 secs] 
2021-03-14T19:35:20.566+0800: 4717.218: [Full GC (Ergonomics) [PSYoungGen: 6144K->5393K(11264K)] [ParOldGen: 48683K->48683K(49152K)] 54827K->54076K(60416K), [Metaspace: 68354K->68354K(1112064K)], 0.0563938 secs] [Times: user=0.14 sys=0.00, real=0.06 secs] 
2021-03-14T19:35:21.042+0800: 4717.693: [Full GC (Ergonomics) [PSYoungGen: 6144K->5392K(11264K)] [ParOldGen: 48683K->48683K(49152K)] 54827K->54075K(60416K), [Metaspace: 68354K->68354K(1112064K)], 0.0578903 secs] [Times: user=0.13 sys=0.01, real=0.06 secs] 
2021-03-14T19:35:21.469+0800: 4718.120: [Full GC (Ergonomics) [PSYoungGen: 6144K->5408K(11264K)] [ParOldGen: 48683K->48683K(49152K)] 54827K->54092K(60416K), [Metaspace: 68354K->68354K(1112064K)], 0.0496202 secs] [Times: user=0.12 sys=0.00, real=0.04 secs] 
2021-03-14T19:35:23.877+0800: 4720.529: [Full GC (Ergonomics) [PSYoungGen: 6144K->5388K(11264K)] [ParOldGen: 48683K->48683K(49152K)] 54827K->54072K(60416K), [Metaspace: 68354K->68354K(1112064K)], 0.0492842 secs] [Times: user=0.15 sys=0.00, real=0.05 secs] 
2021-03-14T19:35:26.216+0800: 4722.867: [Full GC (Ergonomics) [PSYoungGen: 6144K->5396K(11264K)] [ParOldGen: 48683K->48683K(49152K)] 54827K->54080K(60416K), [Metaspace: 68354K->68354K(1112064K)], 0.0488290 secs] [Times: user=0.15 sys=0.00, real=0.05 secs] 
2021-03-14T19:35:26.844+0800: 4723.496: [Full GC (Ergonomics) [PSYoungGen: 6144K->5395K(11264K)] [ParOldGen: 48683K->48683K(49152K)] 54827K->54078K(60416K), [Metaspace: 68354K->68354K(1112064K)], 0.0494554 secs] [Times: user=0.16 sys=0.01, real=0.05 secs] 
2021-03-14T19:35:28.075+0800: 4724.726: [Full GC (Ergonomics) [PSYoungGen: 6138K->5401K(11264K)] [ParOldGen: 48683K->48683K(49152K)] 54822K->54084K(60416K), [Metaspace: 68354K->68354K(1112064K)], 0.0559258 secs] [Times: user=0.12 sys=0.00, real=0.06 secs] 
2021-03-14T19:35:28.708+0800: 4725.360: [Full GC (Ergonomics) [PSYoungGen: 6144K->5414K(11264K)] [ParOldGen: 48683K->48683K(49152K)] 54827K->54097K(60416K), [Metaspace: 68354K->68354K(1112064K)], 0.0483612 secs] [Times: user=0.15 sys=0.00, real=0.05 secs] 
2021-03-14T19:35:28.758+0800: 4725.410: [Full GC (Ergonomics) [PSYoungGen: 6138K->5444K(11264K)] [ParOldGen: 48683K->48683K(49152K)] 54821K->54127K(60416K), [Metaspace: 68354K->68354K(1112064K)], 0.0465319 secs] [Times: user=0.14 sys=0.00, real=0.05 secs] 
2021-03-14T19:35:28.909+0800: 4725.560: [Full GC (Ergonomics) [PSYoungGen: 6144K->5397K(11264K)] [ParOldGen: 48683K->48683K(49152K)] 54827K->54081K(60416K), [Metaspace: 68354K->68354K(1112064K)], 0.0490808 secs] [Times: user=0.15 sys=0.00, real=0.04 secs] 
2021-03-14T19:35:29.502+0800: 4726.154: [Full GC (Ergonomics) [PSYoungGen: 6138K->5397K(11264K)] [ParOldGen: 48683K->48683K(49152K)] 54821K->54081K(60416K), [Metaspace: 68354K->68354K(1112064K)], 0.0476774 secs] [Times: user=0.15 sys=0.00, real=0.05 secs] 
2021-03-14T19:35:30.643+0800: 4727.295: [Full GC (Ergonomics) [PSYoungGen: 6144K->5399K(11264K)] [ParOldGen: 48683K->48683K(49152K)] 54827K->54082K(60416K), [Metaspace: 68354K->68354K(1112064K)], 0.0508465 secs] [Times: user=0.12 sys=0.00, real=0.05 secs] 
2021-03-14T19:35:30.867+0800: 4727.519: [Full GC (Ergonomics) [PSYoungGen: 6144K->5398K(11264K)] [ParOldGen: 48683K->48683K(49152K)] 54827K->54081K(60416K), [Metaspace: 68354K->68354K(1112064K)], 0.0487738 secs] [Times: user=0.14 sys=0.00, real=0.05 secs] 
2021-03-14T19:35:31.480+0800: 4728.131: [Full GC (Ergonomics) [PSYoungGen: 6140K->5388K(11264K)] [ParOldGen: 48683K->48683K(49152K)] 54823K->54072K(60416K), [Metaspace: 68354K->68354K(1112064K)], 0.0485091 secs] [Times: user=0.15 sys=0.00, real=0.04 secs] 
2021-03-14T19:35:33.815+0800: 4730.466: [Full GC (Ergonomics) [PSYoungGen: 6144K->5394K(11264K)] [ParOldGen: 48683K->48683K(49152K)] 54827K->54078K(60416K), [Metaspace: 68354K->68354K(1112064K)], 0.0473682 secs] [Times: user=0.15 sys=0.00, real=0.05 secs] 
2021-03-14T19:35:36.274+0800: 4732.926: [Full GC (Ergonomics) [PSYoungGen: 6142K->5406K(11264K)] [ParOldGen: 48683K->48683K(49152K)] 54826K->54090K(60416K), [Metaspace: 68354K->68354K(1112064K)], 0.0473773 secs] [Times: user=0.14 sys=0.00, real=0.05 secs] 
2021-03-14T19:35:36.905+0800: 4733.556: [Full GC (Ergonomics) [PSYoungGen: 6137K->5405K(11264K)] [ParOldGen: 48683K->48683K(49152K)] 54821K->54089K(60416K), [Metaspace: 68354K->68354K(1112064K)], 0.0503303 secs] [Times: user=0.14 sys=0.00, real=0.05 secs] 
2021-03-14T19:35:38.256+0800: 4734.908: [Full GC (Ergonomics) [PSYoungGen: 6144K->5383K(11264K)] [ParOldGen: 48683K->48683K(49152K)] 54827K->54066K(60416K), [Metaspace: 68354K->68354K(1112064K)], 0.0473281 secs] [Times: user=0.14 sys=0.00, real=0.05 secs] 
2021-03-14T19:35:38.711+0800: 4735.363: [Full GC (Ergonomics) [PSYoungGen: 6132K->5401K(11264K)] [ParOldGen: 48683K->48683K(49152K)] 54815K->54084K(60416K), [Metaspace: 68354K->68354K(1112064K)], 0.0502914 secs] [Times: user=0.14 sys=0.01, real=0.05 secs] 
2021-03-14T19:35:38.971+0800: 4735.623: [Full GC (Ergonomics) [PSYoungGen: 6144K->5385K(11264K)] [ParOldGen: 48683K->48683K(49152K)] 54827K->54068K(60416K), [Metaspace: 68354K->68354K(1112064K)], 0.0472068 secs] [Times: user=0.14 sys=0.01, real=0.05 secs] 
2021-03-14T19:35:39.567+0800: 4736.219: [Full GC (Ergonomics) [PSYoungGen: 6144K->5396K(11264K)] [ParOldGen: 48683K->48683K(49152K)] 54827K->54080K(60416K), [Metaspace: 68354K->68354K(1112064K)], 0.0486000 secs] [Times: user=0.15 sys=0.00, real=0.05 secs] 
2021-03-14T19:35:40.703+0800: 4737.354: [Full GC (Ergonomics) [PSYoungGen: 6144K->5408K(11264K)] [ParOldGen: 48683K->48683K(49152K)] 54827K->54091K(60416K), [Metaspace: 68354K->68354K(1112064K)], 0.0480892 secs] [Times: user=0.15 sys=0.00, real=0.05 secs] 
2021-03-14T19:35:41.077+0800: 4737.729: [Full GC (Ergonomics) [PSYoungGen: 6144K->5402K(11264K)] [ParOldGen: 48683K->48683K(49152K)] 54827K->54086K(60416K), [Metaspace: 68354K->68354K(1112064K)], 0.0466730 secs] [Times: user=0.15 sys=0.00, real=0.05 secs] 
2021-03-14T19:35:41.535+0800: 4738.187: [Full GC (Ergonomics) [PSYoungGen: 6144K->5398K(11264K)] [ParOldGen: 48683K->48683K(49152K)] 54827K->54082K(60416K), [Metaspace: 68354K->68354K(1112064K)], 0.0509604 secs] [Times: user=0.15 sys=0.00, real=0.05 secs] 
2021-03-14T19:35:44.025+0800: 4740.677: [Full GC (Ergonomics) [PSYoungGen: 6144K->5394K(11264K)] [ParOldGen: 48683K->48683K(49152K)] 54827K->54077K(60416K), [Metaspace: 68354K->68354K(1112064K)], 0.0499697 secs] [Times: user=0.14 sys=0.00, real=0.05 secs] 
2021-03-14T19:35:46.334+0800: 4742.986: [Full GC (Ergonomics) [PSYoungGen: 6144K->5392K(11264K)] [ParOldGen: 48683K->48683K(49152K)] 54827K->54076K(60416K), [Metaspace: 68354K->68354K(1112064K)], 0.0495943 secs] [Times: user=0.15 sys=0.00, real=0.05 secs] 
2021-03-14T19:35:46.962+0800: 4743.614: [Full GC (Ergonomics) [PSYoungGen: 6144K->5391K(11264K)] [ParOldGen: 48683K->48683K(49152K)] 54827K->54074K(60416K), [Metaspace: 68354K->68354K(1112064K)], 0.0560539 secs] [Times: user=0.13 sys=0.00, real=0.05 secs] 
2021-03-14T19:35:48.168+0800: 4744.820: [Full GC (Ergonomics) [PSYoungGen: 6142K->5395K(11264K)] [ParOldGen: 48683K->48683K(49152K)] 54825K->54079K(60416K), [Metaspace: 68354K->68354K(1112064K)], 0.0514442 secs] [Times: user=0.13 sys=0.00, real=0.06 secs] 
2021-03-14T19:35:48.711+0800: 4745.363: [Full GC (Ergonomics) [PSYoungGen: 6141K->5390K(11264K)] [ParOldGen: 48683K->48683K(49152K)] 54825K->54074K(60416K), [Metaspace: 68354K->68354K(1112064K)], 0.0480537 secs] [Times: user=0.14 sys=0.01, real=0.05 secs] 
2021-03-14T19:35:48.762+0800: 4745.414: [Full GC (Ergonomics) [PSYoungGen: 6144K->5410K(11264K)] [ParOldGen: 48683K->48683K(49152K)] 54827K->54093K(60416K), [Metaspace: 68354K->68354K(1112064K)], 0.0467969 secs] [Times: user=0.14 sys=0.00, real=0.05 secs] 
2021-03-14T19:35:49.037+0800: 4745.688: [Full GC (Ergonomics) [PSYoungGen: 6144K->5388K(11264K)] [ParOldGen: 48683K->48683K(49152K)] 54827K->54071K(60416K), [Metaspace: 68354K->68354K(1112064K)], 0.0478260 secs] [Times: user=0.15 sys=0.00, real=0.05 secs] 
2021-03-14T19:35:49.690+0800: 4746.341: [Full GC (Ergonomics) [PSYoungGen: 6144K->5385K(11264K)] [ParOldGen: 48683K->48683K(49152K)] 54827K->54069K(60416K), [Metaspace: 68354K->68354K(1112064K)], 0.0490590 secs] [Times: user=0.15 sys=0.00, real=0.05 secs] 
2021-03-14T19:35:50.759+0800: 4747.410: [Full GC (Ergonomics) [PSYoungGen: 6144K->5417K(11264K)] [ParOldGen: 48683K->48683K(49152K)] 54827K->54100K(60416K), [Metaspace: 68354K->68354K(1112064K)], 0.0502522 secs] [Times: user=0.13 sys=0.01, real=0.05 secs] 
2021-03-14T19:35:51.139+0800: 4747.790: [Full GC (Ergonomics) [PSYoungGen: 6144K->5392K(11264K)] [ParOldGen: 48683K->48683K(49152K)] 54827K->54075K(60416K), [Metaspace: 68354K->68354K(1112064K)], 0.0524833 secs] [Times: user=0.11 sys=0.01, real=0.05 secs] 
2021-03-14T19:35:51.605+0800: 4748.256: [Full GC (Ergonomics) [PSYoungGen: 6144K->5417K(11264K)] [ParOldGen: 48683K->48683K(49152K)] 54827K->54100K(60416K), [Metaspace: 68354K->68354K(1112064K)], 0.0487190 secs] [Times: user=0.15 sys=0.00, real=0.05 secs] 
2021-03-14T19:35:54.096+0800: 4750.747: [Full GC (Ergonomics) [PSYoungGen: 6144K->5391K(11264K)] [ParOldGen: 48683K->48683K(49152K)] 54827K->54075K(60416K), [Metaspace: 68354K->68354K(1112064K)], 0.0527150 secs] [Times: user=0.12 sys=0.00, real=0.05 secs] 
2021-03-14T19:35:56.326+0800: 4752.977: [Full GC (Ergonomics) [PSYoungGen: 6144K->5388K(11264K)] [ParOldGen: 48683K->48683K(49152K)] 54827K->54071K(60416K), [Metaspace: 68354K->68354K(1112064K)], 0.0495691 secs] [Times: user=0.15 sys=0.00, real=0.05 secs] 
2021-03-14T19:35:57.038+0800: 4753.690: [Full GC (Ergonomics) [PSYoungGen: 6144K->5388K(11264K)] [ParOldGen: 48683K->48683K(49152K)] 54827K->54071K(60416K), [Metaspace: 68354K->68354K(1112064K)], 0.0538193 secs] [Times: user=0.14 sys=0.00, real=0.06 secs] 
2021-03-14T19:35:58.240+0800: 4754.892: [Full GC (Ergonomics) [PSYoungGen: 6144K->5402K(11264K)] [ParOldGen: 48683K->48683K(49152K)] 54827K->54085K(60416K), [Metaspace: 68354K->68354K(1112064K)], 0.0528616 secs] [Times: user=0.13 sys=0.00, real=0.05 secs] 
2021-03-14T19:35:58.705+0800: 4755.357: [Full GC (Ergonomics) [PSYoungGen: 6136K->5406K(11264K)] [ParOldGen: 48683K->48683K(49152K)] 54820K->54090K(60416K), [Metaspace: 68354K->68354K(1112064K)], 0.0508800 secs] [Times: user=0.14 sys=0.00, real=0.05 secs] 
2021-03-14T19:35:58.979+0800: 4755.630: [Full GC (Ergonomics) [PSYoungGen: 6144K->5395K(11264K)] [ParOldGen: 48683K->48683K(49152K)] 54827K->54079K(60416K), [Metaspace: 68354K->68354K(1112064K)], 0.0473492 secs] [Times: user=0.15 sys=0.00, real=0.04 secs] 
2021-03-14T19:35:59.642+0800: 4756.294: [Full GC (Ergonomics) [PSYoungGen: 6143K->5390K(11264K)] [ParOldGen: 48683K->48683K(49152K)] 54826K->54073K(60416K), [Metaspace: 68354K->68354K(1112064K)], 0.0481396 secs] [Times: user=0.13 sys=0.00, real=0.05 secs] 
2021-03-14T19:36:00.809+0800: 4757.460: [Full GC (Ergonomics) [PSYoungGen: 6144K->5388K(11264K)] [ParOldGen: 48683K->48683K(49152K)] 54827K->54072K(60416K), [Metaspace: 68354K->68354K(1112064K)], 0.0513925 secs] [Times: user=0.14 sys=0.00, real=0.05 secs] 
2021-03-14T19:36:01.205+0800: 4757.857: [Full GC (Ergonomics) [PSYoungGen: 6144K->5389K(11264K)] [ParOldGen: 48683K->48683K(49152K)] 54827K->54073K(60416K), [Metaspace: 68354K->68354K(1112064K)], 0.0525741 secs] [Times: user=0.15 sys=0.00, real=0.05 secs] 
2021-03-14T19:36:01.662+0800: 4758.313: [Full GC (Ergonomics) [PSYoungGen: 6144K->5416K(11264K)] [ParOldGen: 48683K->48683K(49152K)] 54827K->54099K(60416K), [Metaspace: 68354K->68354K(1112064K)], 0.0501435 secs] [Times: user=0.16 sys=0.00, real=0.05 secs] 
2021-03-14T19:36:04.184+0800: 4760.835: [Full GC (Ergonomics) [PSYoungGen: 6144K->5396K(11264K)] [ParOldGen: 48683K->48683K(49152K)] 54827K->54080K(60416K), [Metaspace: 68354K->68354K(1112064K)], 0.0494604 secs] [Times: user=0.15 sys=0.00, real=0.05 secs] 
2021-03-14T19:36:06.435+0800: 4763.087: [Full GC (Ergonomics) [PSYoungGen: 6144K->5385K(11264K)] [ParOldGen: 48683K->48683K(49152K)] 54827K->54069K(60416K), [Metaspace: 68354K->68354K(1112064K)], 0.0474086 secs] [Times: user=0.15 sys=0.00, real=0.05 secs] 
2021-03-14T19:36:07.111+0800: 4763.763: [Full GC (Ergonomics) [PSYoungGen: 6144K->5388K(11264K)] [ParOldGen: 48683K->48683K(49152K)] 54827K->54072K(60416K), [Metaspace: 68354K->68354K(1112064K)], 0.0480701 secs] [Times: user=0.15 sys=0.00, real=0.05 secs] 
2021-03-14T19:36:08.559+0800: 4765.211: [Full GC (Ergonomics) [PSYoungGen: 6144K->5398K(11264K)] [ParOldGen: 48683K->48683K(49152K)] 54827K->54082K(60416K), [Metaspace: 68354K->68354K(1112064K)], 0.0526315 secs] [Times: user=0.13 sys=0.01, real=0.05 secs] 
2021-03-14T19:36:08.707+0800: 4765.359: [Full GC (Ergonomics) [PSYoungGen: 6138K->5400K(11264K)] [ParOldGen: 48683K->48683K(49152K)] 54822K->54083K(60416K), [Metaspace: 68354K->68354K(1112064K)], 0.0490582 secs] [Times: user=0.14 sys=0.00, real=0.05 secs] 
2021-03-14T19:36:08.759+0800: 4765.410: [Full GC (Ergonomics) [PSYoungGen: 6144K->5402K(11264K)] [ParOldGen: 48683K->48683K(49152K)] 54827K->54086K(60416K), [Metaspace: 68354K->68354K(1112064K)], 0.0482756 secs] [Times: user=0.15 sys=0.00, real=0.04 secs] 
2021-03-14T19:36:09.240+0800: 4765.891: [Full GC (Ergonomics) [PSYoungGen: 6141K->5403K(11264K)] [ParOldGen: 48683K->48683K(49152K)] 54825K->54087K(60416K), [Metaspace: 68354K->68354K(1112064K)], 0.0503831 secs] [Times: user=0.13 sys=0.00, real=0.05 secs] 
2021-03-14T19:36:09.769+0800: 4766.420: [Full GC (Ergonomics) [PSYoungGen: 6144K->5396K(11264K)] [ParOldGen: 48683K->48683K(49152K)] 54827K->54079K(60416K), [Metaspace: 68354K->68354K(1112064K)], 0.0479461 secs] [Times: user=0.14 sys=0.01, real=0.04 secs] 
2021-03-14T19:36:10.808+0800: 4767.459: [Full GC (Ergonomics) [PSYoungGen: 6144K->5397K(11264K)] [ParOldGen: 48683K->48683K(49152K)] 54827K->54080K(60416K), [Metaspace: 68354K->68354K(1112064K)], 0.0485960 secs] [Times: user=0.14 sys=0.01, real=0.05 secs] 
2021-03-14T19:36:11.267+0800: 4767.918: [Full GC (Ergonomics) [PSYoungGen: 6144K->5399K(11264K)] [ParOldGen: 48683K->48683K(49152K)] 54827K->54082K(60416K), [Metaspace: 68354K->68354K(1112064K)], 0.0473685 secs] [Times: user=0.16 sys=0.00, real=0.05 secs] 
2021-03-14T19:36:11.719+0800: 4768.371: [Full GC (Ergonomics) [PSYoungGen: 6136K->5398K(11264K)] [ParOldGen: 48683K->48683K(49152K)] 54820K->54082K(60416K), [Metaspace: 68354K->68354K(1112064K)], 0.0478345 secs] [Times: user=0.14 sys=0.00, real=0.04 secs] 
2021-03-14T19:36:14.710+0800: 4771.362: [Full GC (Ergonomics) [PSYoungGen: 6144K->5396K(11264K)] [ParOldGen: 48683K->48683K(49152K)] 54827K->54079K(60416K), [Metaspace: 68354K->68354K(1112064K)], 0.0547836 secs] [Times: user=0.14 sys=0.00, real=0.05 secs] 
2021-03-14T19:36:16.421+0800: 4773.072: [Full GC (Ergonomics) [PSYoungGen: 6144K->5408K(11264K)] [ParOldGen: 48683K->48683K(49152K)] 54827K->54092K(60416K), [Metaspace: 68354K->68354K(1112064K)], 0.0502384 secs] [Times: user=0.13 sys=0.00, real=0.05 secs] 
2021-03-14T19:36:17.171+0800: 4773.823: [Full GC (Ergonomics) [PSYoungGen: 6144K->5394K(11264K)] [ParOldGen: 48683K->48683K(49152K)] 54827K->54077K(60416K), [Metaspace: 68354K->68354K(1112064K)], 0.0492077 secs] [Times: user=0.16 sys=0.00, real=0.05 secs] 
2021-03-14T19:36:18.619+0800: 4775.271: [Full GC (Ergonomics) [PSYoungGen: 6144K->5399K(11264K)] [ParOldGen: 48683K->48683K(49152K)] 54827K->54082K(60416K), [Metaspace: 68354K->68354K(1112064K)], 0.0517812 secs] [Times: user=0.12 sys=0.00, real=0.05 secs] 
2021-03-14T19:36:18.705+0800: 4775.357: [Full GC (Ergonomics) [PSYoungGen: 6144K->5389K(11264K)] [ParOldGen: 48683K->48683K(49152K)] 54827K->54073K(60416K), [Metaspace: 68354K->68354K(1112064K)], 0.0516283 secs] [Times: user=0.14 sys=0.00, real=0.05 secs] 
2021-03-14T19:36:19.303+0800: 4775.954: [Full GC (Ergonomics) [PSYoungGen: 6144K->5384K(11264K)] [ParOldGen: 48683K->48683K(49152K)] 54827K->54068K(60416K), [Metaspace: 68354K->68354K(1112064K)], 0.0489214 secs] [Times: user=0.14 sys=0.00, real=0.05 secs] 
2021-03-14T19:36:19.793+0800: 4776.445: [Full GC (Ergonomics) [PSYoungGen: 6144K->5400K(11264K)] [ParOldGen: 48683K->48683K(49152K)] 54827K->54084K(60416K), [Metaspace: 68354K->68354K(1112064K)], 0.0470959 secs] [Times: user=0.14 sys=0.00, real=0.05 secs] 
2021-03-14T19:36:20.810+0800: 4777.462: [Full GC (Ergonomics) [PSYoungGen: 6144K->5393K(11264K)] [ParOldGen: 48683K->48683K(49152K)] 54827K->54076K(60416K), [Metaspace: 68354K->68354K(1112064K)], 0.0485696 secs] [Times: user=0.15 sys=0.00, real=0.05 secs] 
2021-03-14T19:36:21.484+0800: 4778.136: [Full GC (Ergonomics) [PSYoungGen: 6138K->5388K(11264K)] [ParOldGen: 48683K->48683K(49152K)] 54822K->54072K(60416K), [Metaspace: 68354K->68354K(1112064K)], 0.0484896 secs] [Times: user=0.13 sys=0.00, real=0.05 secs] 
2021-03-14T19:36:21.857+0800: 4778.508: [Full GC (Ergonomics) [PSYoungGen: 6144K->5396K(11264K)] [ParOldGen: 48683K->48683K(49152K)] 54827K->54079K(60416K), [Metaspace: 68354K->68354K(1112064K)], 0.0482699 secs] [Times: user=0.15 sys=0.01, real=0.05 secs] 
2021-03-14T19:36:24.860+0800: 4781.511: [Full GC (Ergonomics) [PSYoungGen: 6143K->5406K(11264K)] [ParOldGen: 48683K->48683K(49152K)] 54826K->54090K(60416K), [Metaspace: 68354K->68354K(1112064K)], 0.0496337 secs] [Times: user=0.15 sys=0.00, real=0.05 secs] 
